08:40:50 **** Build of project ten_bsp ****
make -k all 
libgen -hw ../proc_hw_platform/system.xml\
	       \
	       -pe microblaze_0 \
	       -log libgen.log \
	       system.mss
libgen
Xilinx EDK 14.7 Build EDK_P.20131013
Copyright (c) 1995-2012 Xilinx, Inc.  All rights reserved.

Command Line: libgen -hw ../proc_hw_platform/system.xml -pe microblaze_0 -log
libgen.log system.mss 


Staging source files.
Running DRCs.
Running generate.
Running post_generate.
Running include - 'make -s include "COMPILER=mb-gcc" "ARCHIVER=mb-ar"
"COMPILER_FLAGS=-mlittle-endian -mno-xl-soft-mul -mxl-barrel-shift
-mxl-pattern-compare -mhard-float -mxl-float-convert -mxl-float-sqrt
-mno-xl-soft-div -mcpu=v8.50.c  -O2 -c" "EXTRA_COMPILER_FLAGS=-g
-ffunction-sections -fdata-sections"'.

Running libs - 'make -s libs "COMPILER=mb-gcc" "ARCHIVER=mb-ar"
"COMPILER_FLAGS=-mlittle-endian -mno-xl-soft-mul -mxl-barrel-shift
-mxl-pattern-compare -mhard-float -mxl-float-convert -mxl-float-sqrt
-mno-xl-soft-div -mcpu=v8.50.c  -O2 -c" "EXTRA_COMPILER_FLAGS=-g
-ffunction-sections -fdata-sections"'.
"Compiling common"
"Compiling standalone";
"Compiling tmrctr"
"Compiling gpio"
"Compiling intc"
"Compiling uartlite"
"Compiling bram"
"Compiling cpu"
Running execs_generate.
'Finished building libraries'

**** Build of configuration Debug for project ten ****

Nothing to build for project ten
08:41:05 **** Auto Build of configuration Debug for project ten ****
make all 
'Building file: ../main.c'
'Invoking: MicroBlaze gcc compiler'
mb-gcc -Wall -O0 -g3 -c -fmessage-length=0 -I../../ten_bsp/microblaze_0/include -mlittle-endian -mxl-barrel-shift -mxl-pattern-compare -mno-xl-soft-div -mcpu=v8.50.c -mno-xl-soft-mul -mhard-float -mxl-float-convert -mxl-float-sqrt -Wl,--no-relax -ffunction-sections -fdata-sections -MMD -MP -MF"main.d" -MT"main.d" -o "main.o" "../main.c"
'Finished building: ../main.c'
' '
'Building target: ten.elf'
'Invoking: MicroBlaze gcc linker'
mb-gcc -Wl,-T -Wl,../src/lscript.ld -L../../ten_bsp/microblaze_0/lib -mlittle-endian -mxl-barrel-shift -mxl-pattern-compare -mno-xl-soft-div -mcpu=v8.50.c -mno-xl-soft-mul -mhard-float -mxl-float-convert -mxl-float-sqrt -Wl,--no-relax -Wl,--gc-sections -o "ten.elf"  ./main.o   -Wl,--start-group,-lxil,-lgcc,-lc,--end-group
c:/xilinx/14.7/ise_ds/edk/gnu/microblaze/nt/bin/../lib/gcc/microblaze-xilinx-elf/4.6.4/../../../../microblaze-xilinx-elf/lib/bs/m/le/crtinit.o: In function `_crtinit':
/wrk/ptx/users/nagaraju/GCC_2013_03/newlib/libgloss/microblaze/crtinit.S:69: undefined reference to `main'
collect2: ld returned 1 exit status
make: *** [ten.elf] Error 1
08:41:24 **** Auto Build of configuration Debug for project ten ****
make all 
'Building file: ../main.c'
'Invoking: MicroBlaze gcc compiler'
mb-gcc -Wall -O0 -g3 -c -fmessage-length=0 -I../../ten_bsp/microblaze_0/include -mlittle-endian -mxl-barrel-shift -mxl-pattern-compare -mno-xl-soft-div -mcpu=v8.50.c -mno-xl-soft-mul -mhard-float -mxl-float-convert -mxl-float-sqrt -Wl,--no-relax -ffunction-sections -fdata-sections -MMD -MP -MF"main.d" -MT"main.d" -o "main.o" "../main.c"
../main.c:1:20: warning: extra tokens at end of #include directive [enabled by default]
../main.c:2:19: warning: extra tokens at end of #include directive [enabled by default]
../main.c:3:25: warning: extra tokens at end of #include directive [enabled by default]
../main.c: In function 'main':
../main.c:7:44: warning: unused variable 'c3' [-Wunused-variable]
../main.c:7:36: warning: unused variable 'c2' [-Wunused-variable]
../main.c:7:28: warning: unused variable 'c1' [-Wunused-variable]
../main.c:7:20: warning: unused variable 'c0' [-Wunused-variable]
'Finished building: ../main.c'
' '
'Building target: ten.elf'
'Invoking: MicroBlaze gcc linker'
mb-gcc -Wl,-T -Wl,../src/lscript.ld -L../../ten_bsp/microblaze_0/lib -mlittle-endian -mxl-barrel-shift -mxl-pattern-compare -mno-xl-soft-div -mcpu=v8.50.c -mno-xl-soft-mul -mhard-float -mxl-float-convert -mxl-float-sqrt -Wl,--no-relax -Wl,--gc-sections -o "ten.elf"  ./main.o   -Wl,--start-group,-lxil,-lgcc,-lc,--end-group
'Finished building target: ten.elf'
' '
'Invoking: MicroBlaze Print Size'
mb-size ten.elf  |tee "ten.elf.size"
   text	   data	    bss	    dec	    hex	filename
   3406	    408	   2080	   5894	   1706	ten.elf
'Finished building: ten.elf.size'
' '
'Invoking: Xilinx ELF Check'
elfcheck ten.elf -hw ../../proc_hw_platform/system.xml -pe microblaze_0  |tee "ten.elf.elfcheck"
elfcheck
Xilinx EDK 14.7 Build EDK_P.20131013
Copyright (c) 1995-2012 Xilinx, Inc.  All rights reserved.

Command Line: elfcheck -hw ../../proc_hw_platform/system.xml -pe microblaze_0
ten.elf 

ELF file	: ten.elf
elfcheck passed.
'Finished building: ten.elf.elfcheck'
' '
08:41:44 **** Incremental Build of configuration Debug for project ten ****
make all 
make: Nothing to be done for `all'.
08:42:12 **** Incremental Build of configuration Debug for project ten ****
make all 
make: Nothing to be done for `all'.
08:42:39 **** Auto Build of configuration Debug for project ten ****
make all 
'Building file: ../main.c'
'Invoking: MicroBlaze gcc compiler'
mb-gcc -Wall -O0 -g3 -c -fmessage-length=0 -I../../ten_bsp/microblaze_0/include -mlittle-endian -mxl-barrel-shift -mxl-pattern-compare -mno-xl-soft-div -mcpu=v8.50.c -mno-xl-soft-mul -mhard-float -mxl-float-convert -mxl-float-sqrt -Wl,--no-relax -ffunction-sections -fdata-sections -MMD -MP -MF"main.d" -MT"main.d" -o "main.o" "../main.c"
../main.c:1:20: warning: extra tokens at end of #include directive [enabled by default]
../main.c:2:19: warning: extra tokens at end of #include directive [enabled by default]
../main.c:3:25: warning: extra tokens at end of #include directive [enabled by default]
../main.c: In function 'main':
../main.c:7:44: warning: unused variable 'c3' [-Wunused-variable]
../main.c:7:36: warning: unused variable 'c2' [-Wunused-variable]
../main.c:7:28: warning: unused variable 'c1' [-Wunused-variable]
../main.c:7:20: warning: unused variable 'c0' [-Wunused-variable]
'Finished building: ../main.c'
' '
'Building target: ten.elf'
'Invoking: MicroBlaze gcc linker'
mb-gcc -Wl,-T -Wl,../src/lscript.ld -L../../ten_bsp/microblaze_0/lib -mlittle-endian -mxl-barrel-shift -mxl-pattern-compare -mno-xl-soft-div -mcpu=v8.50.c -mno-xl-soft-mul -mhard-float -mxl-float-convert -mxl-float-sqrt -Wl,--no-relax -Wl,--gc-sections -o "ten.elf"  ./main.o   -Wl,--start-group,-lxil,-lgcc,-lc,--end-group
'Finished building target: ten.elf'
' '
'Invoking: MicroBlaze Print Size'
mb-size ten.elf  |tee "ten.elf.size"
   text	   data	    bss	    dec	    hex	filename
   3406	    408	   2080	   5894	   1706	ten.elf
'Finished building: ten.elf.size'
' '
'Invoking: Xilinx ELF Check'
elfcheck ten.elf -hw ../../proc_hw_platform/system.xml -pe microblaze_0  |tee "ten.elf.elfcheck"
elfcheck
Xilinx EDK 14.7 Build EDK_P.20131013
Copyright (c) 1995-2012 Xilinx, Inc.  All rights reserved.

Command Line: elfcheck -hw ../../proc_hw_platform/system.xml -pe microblaze_0
ten.elf 

ELF file	: ten.elf
elfcheck passed.
'Finished building: ten.elf.elfcheck'
' '
08:42:43 **** Incremental Build of configuration Debug for project ten ****
make all 
make: Nothing to be done for `all'.
08:50:55 **** Incremental Build of configuration Debug for project ten ****
make all 
make: Nothing to be done for `all'.
08:51:12 **** Incremental Build of configuration Debug for project ten ****
make all 
make: Nothing to be done for `all'.
09:07:34 **** Incremental Build of configuration Debug for project ten ****
make all 
make: Nothing to be done for `all'.
09:08:12 **** Incremental Build of configuration Debug for project ten ****
make all 
make: Nothing to be done for `all'.
09:12:27 **** Auto Build of configuration Debug for project ten ****
make all 
'Building file: ../main.c'
'Invoking: MicroBlaze gcc compiler'
mb-gcc -Wall -O0 -g3 -c -fmessage-length=0 -I../../ten_bsp/microblaze_0/include -mlittle-endian -mxl-barrel-shift -mxl-pattern-compare -mno-xl-soft-div -mcpu=v8.50.c -mno-xl-soft-mul -mhard-float -mxl-float-convert -mxl-float-sqrt -Wl,--no-relax -ffunction-sections -fdata-sections -MMD -MP -MF"main.d" -MT"main.d" -o "main.o" "../main.c"
../main.c:1:20: warning: extra tokens at end of #include directive [enabled by default]
../main.c:2:19: warning: extra tokens at end of #include directive [enabled by default]
../main.c:3:25: warning: extra tokens at end of #include directive [enabled by default]
../main.c: In function 'main':
../main.c:7:44: warning: unused variable 'c3' [-Wunused-variable]
../main.c:7:36: warning: unused variable 'c2' [-Wunused-variable]
../main.c:7:28: warning: unused variable 'c1' [-Wunused-variable]
../main.c:7:20: warning: unused variable 'c0' [-Wunused-variable]
'Finished building: ../main.c'
' '
'Building target: ten.elf'
'Invoking: MicroBlaze gcc linker'
mb-gcc -Wl,-T -Wl,../src/lscript.ld -L../../ten_bsp/microblaze_0/lib -mlittle-endian -mxl-barrel-shift -mxl-pattern-compare -mno-xl-soft-div -mcpu=v8.50.c -mno-xl-soft-mul -mhard-float -mxl-float-convert -mxl-float-sqrt -Wl,--no-relax -Wl,--gc-sections -o "ten.elf"  ./main.o   -Wl,--start-group,-lxil,-lgcc,-lc,--end-group
'Finished building target: ten.elf'
' '
'Invoking: MicroBlaze Print Size'
mb-size ten.elf  |tee "ten.elf.size"
   text	   data	    bss	    dec	    hex	filename
   3406	    408	   2080	   5894	   1706	ten.elf
'Finished building: ten.elf.size'
' '
'Invoking: Xilinx ELF Check'
elfcheck ten.elf -hw ../../proc_hw_platform/system.xml -pe microblaze_0  |tee "ten.elf.elfcheck"
elfcheck
Xilinx EDK 14.7 Build EDK_P.20131013
Copyright (c) 1995-2012 Xilinx, Inc.  All rights reserved.

Command Line: elfcheck -hw ../../proc_hw_platform/system.xml -pe microblaze_0
ten.elf 

ELF file	: ten.elf
elfcheck passed.
'Finished building: ten.elf.elfcheck'
' '
09:13:02 **** Auto Build of configuration Debug for project ten ****
make all 
'Building file: ../main.c'
'Invoking: MicroBlaze gcc compiler'
mb-gcc -Wall -O0 -g3 -c -fmessage-length=0 -I../../ten_bsp/microblaze_0/include -mlittle-endian -mxl-barrel-shift -mxl-pattern-compare -mno-xl-soft-div -mcpu=v8.50.c -mno-xl-soft-mul -mhard-float -mxl-float-convert -mxl-float-sqrt -Wl,--no-relax -ffunction-sections -fdata-sections -MMD -MP -MF"main.d" -MT"main.d" -o "main.o" "../main.c"
../main.c:1:20: warning: extra tokens at end of #include directive [enabled by default]
../main.c:2:19: warning: extra tokens at end of #include directive [enabled by default]
../main.c:3:25: warning: extra tokens at end of #include directive [enabled by default]
../main.c: In function 'main':
../main.c:7:44: warning: unused variable 'c3' [-Wunused-variable]
../main.c:7:36: warning: unused variable 'c2' [-Wunused-variable]
../main.c:7:28: warning: unused variable 'c1' [-Wunused-variable]
../main.c:7:20: warning: unused variable 'c0' [-Wunused-variable]
'Finished building: ../main.c'
' '
'Building target: ten.elf'
'Invoking: MicroBlaze gcc linker'
mb-gcc -Wl,-T -Wl,../src/lscript.ld -L../../ten_bsp/microblaze_0/lib -mlittle-endian -mxl-barrel-shift -mxl-pattern-compare -mno-xl-soft-div -mcpu=v8.50.c -mno-xl-soft-mul -mhard-float -mxl-float-convert -mxl-float-sqrt -Wl,--no-relax -Wl,--gc-sections -o "ten.elf"  ./main.o   -Wl,--start-group,-lxil,-lgcc,-lc,--end-group
'Finished building target: ten.elf'
' '
'Invoking: MicroBlaze Print Size'
mb-size ten.elf  |tee "ten.elf.size"
   text	   data	    bss	    dec	    hex	filename
   3450	    408	   2086	   5944	   1738	ten.elf
'Finished building: ten.elf.size'
' '
'Invoking: Xilinx ELF Check'
elfcheck ten.elf -hw ../../proc_hw_platform/system.xml -pe microblaze_0  |tee "ten.elf.elfcheck"
elfcheck
Xilinx EDK 14.7 Build EDK_P.20131013
Copyright (c) 1995-2012 Xilinx, Inc.  All rights reserved.

Command Line: elfcheck -hw ../../proc_hw_platform/system.xml -pe microblaze_0
ten.elf 

ELF file	: ten.elf
elfcheck passed.
'Finished building: ten.elf.elfcheck'
' '
09:13:07 **** Incremental Build of configuration Debug for project ten ****
make all 
make: Nothing to be done for `all'.
09:13:30 **** Auto Build of configuration Debug for project ten ****
make all 
'Building file: ../main.c'
'Invoking: MicroBlaze gcc compiler'
mb-gcc -Wall -O0 -g3 -c -fmessage-length=0 -I../../ten_bsp/microblaze_0/include -mlittle-endian -mxl-barrel-shift -mxl-pattern-compare -mno-xl-soft-div -mcpu=v8.50.c -mno-xl-soft-mul -mhard-float -mxl-float-convert -mxl-float-sqrt -Wl,--no-relax -ffunction-sections -fdata-sections -MMD -MP -MF"main.d" -MT"main.d" -o "main.o" "../main.c"
../main.c:1:20: warning: extra tokens at end of #include directive [enabled by default]
../main.c:2:19: warning: extra tokens at end of #include directive [enabled by default]
../main.c:3:25: warning: extra tokens at end of #include directive [enabled by default]
../main.c: In function 'main':
../main.c:7:44: warning: unused variable 'c3' [-Wunused-variable]
../main.c:7:36: warning: unused variable 'c2' [-Wunused-variable]
../main.c:7:28: warning: unused variable 'c1' [-Wunused-variable]
../main.c:7:20: warning: unused variable 'c0' [-Wunused-variable]
'Finished building: ../main.c'
' '
'Building target: ten.elf'
'Invoking: MicroBlaze gcc linker'
mb-gcc -Wl,-T -Wl,../src/lscript.ld -L../../ten_bsp/microblaze_0/lib -mlittle-endian -mxl-barrel-shift -mxl-pattern-compare -mno-xl-soft-div -mcpu=v8.50.c -mno-xl-soft-mul -mhard-float -mxl-float-convert -mxl-float-sqrt -Wl,--no-relax -Wl,--gc-sections -o "ten.elf"  ./main.o   -Wl,--start-group,-lxil,-lgcc,-lc,--end-group
'Finished building target: ten.elf'
' '
'Invoking: MicroBlaze Print Size'
mb-size ten.elf  |tee "ten.elf.size"
   text	   data	    bss	    dec	    hex	filename
   3450	    408	   2086	   5944	   1738	ten.elf
'Finished building: ten.elf.size'
' '
'Invoking: Xilinx ELF Check'
elfcheck ten.elf -hw ../../proc_hw_platform/system.xml -pe microblaze_0  |tee "ten.elf.elfcheck"
elfcheck
Xilinx EDK 14.7 Build EDK_P.20131013
Copyright (c) 1995-2012 Xilinx, Inc.  All rights reserved.

Command Line: elfcheck -hw ../../proc_hw_platform/system.xml -pe microblaze_0
ten.elf 

ELF file	: ten.elf
elfcheck passed.
'Finished building: ten.elf.elfcheck'
' '
09:13:36 **** Incremental Build of configuration Debug for project ten ****
make all 
make: Nothing to be done for `all'.
09:14:14 **** Auto Build of configuration Debug for project ten ****
make all 
'Building file: ../main.c'
'Invoking: MicroBlaze gcc compiler'
mb-gcc -Wall -O0 -g3 -c -fmessage-length=0 -I../../ten_bsp/microblaze_0/include -mlittle-endian -mxl-barrel-shift -mxl-pattern-compare -mno-xl-soft-div -mcpu=v8.50.c -mno-xl-soft-mul -mhard-float -mxl-float-convert -mxl-float-sqrt -Wl,--no-relax -ffunction-sections -fdata-sections -MMD -MP -MF"main.d" -MT"main.d" -o "main.o" "../main.c"
../main.c:1:20: warning: extra tokens at end of #include directive [enabled by default]
../main.c:2:19: warning: extra tokens at end of #include directive [enabled by default]
../main.c:3:25: warning: extra tokens at end of #include directive [enabled by default]
../main.c: In function 'main':
../main.c:7:44: warning: unused variable 'c3' [-Wunused-variable]
../main.c:7:36: warning: unused variable 'c2' [-Wunused-variable]
../main.c:7:28: warning: unused variable 'c1' [-Wunused-variable]
../main.c:7:20: warning: unused variable 'c0' [-Wunused-variable]
'Finished building: ../main.c'
' '
'Building target: ten.elf'
'Invoking: MicroBlaze gcc linker'
mb-gcc -Wl,-T -Wl,../src/lscript.ld -L../../ten_bsp/microblaze_0/lib -mlittle-endian -mxl-barrel-shift -mxl-pattern-compare -mno-xl-soft-div -mcpu=v8.50.c -mno-xl-soft-mul -mhard-float -mxl-float-convert -mxl-float-sqrt -Wl,--no-relax -Wl,--gc-sections -o "ten.elf"  ./main.o   -Wl,--start-group,-lxil,-lgcc,-lc,--end-group
'Finished building target: ten.elf'
' '
'Invoking: MicroBlaze Print Size'
mb-size ten.elf  |tee "ten.elf.size"
   text	   data	    bss	    dec	    hex	filename
   3450	    408	   2086	   5944	   1738	ten.elf
'Finished building: ten.elf.size'
' '
'Invoking: Xilinx ELF Check'
elfcheck ten.elf -hw ../../proc_hw_platform/system.xml -pe microblaze_0  |tee "ten.elf.elfcheck"
elfcheck
Xilinx EDK 14.7 Build EDK_P.20131013
Copyright (c) 1995-2012 Xilinx, Inc.  All rights reserved.

Command Line: elfcheck -hw ../../proc_hw_platform/system.xml -pe microblaze_0
ten.elf 

ELF file	: ten.elf
elfcheck passed.
'Finished building: ten.elf.elfcheck'
' '
09:14:18 **** Incremental Build of configuration Debug for project ten ****
make all 
make: Nothing to be done for `all'.
09:14:45 **** Auto Build of configuration Debug for project ten ****
make all 
'Building file: ../main.c'
'Invoking: MicroBlaze gcc compiler'
mb-gcc -Wall -O0 -g3 -c -fmessage-length=0 -I../../ten_bsp/microblaze_0/include -mlittle-endian -mxl-barrel-shift -mxl-pattern-compare -mno-xl-soft-div -mcpu=v8.50.c -mno-xl-soft-mul -mhard-float -mxl-float-convert -mxl-float-sqrt -Wl,--no-relax -ffunction-sections -fdata-sections -MMD -MP -MF"main.d" -MT"main.d" -o "main.o" "../main.c"
../main.c:1:20: warning: extra tokens at end of #include directive [enabled by default]
../main.c:2:19: warning: extra tokens at end of #include directive [enabled by default]
../main.c:3:25: warning: extra tokens at end of #include directive [enabled by default]
../main.c: In function 'main':
../main.c:7:44: warning: unused variable 'c3' [-Wunused-variable]
../main.c:7:36: warning: unused variable 'c2' [-Wunused-variable]
../main.c:7:28: warning: unused variable 'c1' [-Wunused-variable]
../main.c:7:20: warning: unused variable 'c0' [-Wunused-variable]
'Finished building: ../main.c'
' '
'Building target: ten.elf'
'Invoking: MicroBlaze gcc linker'
mb-gcc -Wl,-T -Wl,../src/lscript.ld -L../../ten_bsp/microblaze_0/lib -mlittle-endian -mxl-barrel-shift -mxl-pattern-compare -mno-xl-soft-div -mcpu=v8.50.c -mno-xl-soft-mul -mhard-float -mxl-float-convert -mxl-float-sqrt -Wl,--no-relax -Wl,--gc-sections -o "ten.elf"  ./main.o   -Wl,--start-group,-lxil,-lgcc,-lc,--end-group
'Finished building target: ten.elf'
' '
'Invoking: MicroBlaze Print Size'
mb-size ten.elf  |tee "ten.elf.size"
   text	   data	    bss	    dec	    hex	filename
   3450	    408	   2086	   5944	   1738	ten.elf
'Finished building: ten.elf.size'
' '
'Invoking: Xilinx ELF Check'
elfcheck ten.elf -hw ../../proc_hw_platform/system.xml -pe microblaze_0  |tee "ten.elf.elfcheck"
elfcheck
Xilinx EDK 14.7 Build EDK_P.20131013
Copyright (c) 1995-2012 Xilinx, Inc.  All rights reserved.

Command Line: elfcheck -hw ../../proc_hw_platform/system.xml -pe microblaze_0
ten.elf 

ELF file	: ten.elf
elfcheck passed.
'Finished building: ten.elf.elfcheck'
' '
09:14:50 **** Incremental Build of configuration Debug for project ten ****
make all 
make: Nothing to be done for `all'.
09:15:13 **** Auto Build of configuration Debug for project ten ****
make all 
'Building file: ../main.c'
'Invoking: MicroBlaze gcc compiler'
mb-gcc -Wall -O0 -g3 -c -fmessage-length=0 -I../../ten_bsp/microblaze_0/include -mlittle-endian -mxl-barrel-shift -mxl-pattern-compare -mno-xl-soft-div -mcpu=v8.50.c -mno-xl-soft-mul -mhard-float -mxl-float-convert -mxl-float-sqrt -Wl,--no-relax -ffunction-sections -fdata-sections -MMD -MP -MF"main.d" -MT"main.d" -o "main.o" "../main.c"
../main.c:1:20: warning: extra tokens at end of #include directive [enabled by default]
../main.c:2:19: warning: extra tokens at end of #include directive [enabled by default]
../main.c:3:25: warning: extra tokens at end of #include directive [enabled by default]
../main.c: In function 'main':
../main.c:7:44: warning: unused variable 'c3' [-Wunused-variable]
../main.c:7:36: warning: unused variable 'c2' [-Wunused-variable]
../main.c:7:28: warning: unused variable 'c1' [-Wunused-variable]
../main.c:7:20: warning: unused variable 'c0' [-Wunused-variable]
'Finished building: ../main.c'
' '
'Building target: ten.elf'
'Invoking: MicroBlaze gcc linker'
mb-gcc -Wl,-T -Wl,../src/lscript.ld -L../../ten_bsp/microblaze_0/lib -mlittle-endian -mxl-barrel-shift -mxl-pattern-compare -mno-xl-soft-div -mcpu=v8.50.c -mno-xl-soft-mul -mhard-float -mxl-float-convert -mxl-float-sqrt -Wl,--no-relax -Wl,--gc-sections -o "ten.elf"  ./main.o   -Wl,--start-group,-lxil,-lgcc,-lc,--end-group
'Finished building target: ten.elf'
' '
'Invoking: MicroBlaze Print Size'
mb-size ten.elf  |tee "ten.elf.size"
   text	   data	    bss	    dec	    hex	filename
   3450	    408	   2086	   5944	   1738	ten.elf
'Finished building: ten.elf.size'
' '
'Invoking: Xilinx ELF Check'
elfcheck ten.elf -hw ../../proc_hw_platform/system.xml -pe microblaze_0  |tee "ten.elf.elfcheck"
elfcheck
Xilinx EDK 14.7 Build EDK_P.20131013
Copyright (c) 1995-2012 Xilinx, Inc.  All rights reserved.

Command Line: elfcheck -hw ../../proc_hw_platform/system.xml -pe microblaze_0
ten.elf 

ELF file	: ten.elf
elfcheck passed.
'Finished building: ten.elf.elfcheck'
' '
09:15:18 **** Incremental Build of configuration Debug for project ten ****
make all 
make: Nothing to be done for `all'.
09:15:37 **** Auto Build of configuration Debug for project ten ****
make all 
'Building file: ../main.c'
'Invoking: MicroBlaze gcc compiler'
mb-gcc -Wall -O0 -g3 -c -fmessage-length=0 -I../../ten_bsp/microblaze_0/include -mlittle-endian -mxl-barrel-shift -mxl-pattern-compare -mno-xl-soft-div -mcpu=v8.50.c -mno-xl-soft-mul -mhard-float -mxl-float-convert -mxl-float-sqrt -Wl,--no-relax -ffunction-sections -fdata-sections -MMD -MP -MF"main.d" -MT"main.d" -o "main.o" "../main.c"
../main.c:1:20: warning: extra tokens at end of #include directive [enabled by default]
../main.c:2:19: warning: extra tokens at end of #include directive [enabled by default]
../main.c:3:25: warning: extra tokens at end of #include directive [enabled by default]
../main.c: In function 'main':
../main.c:7:44: warning: unused variable 'c3' [-Wunused-variable]
../main.c:7:36: warning: unused variable 'c2' [-Wunused-variable]
../main.c:7:28: warning: unused variable 'c1' [-Wunused-variable]
../main.c:7:20: warning: unused variable 'c0' [-Wunused-variable]
'Finished building: ../main.c'
' '
'Building target: ten.elf'
'Invoking: MicroBlaze gcc linker'
mb-gcc -Wl,-T -Wl,../src/lscript.ld -L../../ten_bsp/microblaze_0/lib -mlittle-endian -mxl-barrel-shift -mxl-pattern-compare -mno-xl-soft-div -mcpu=v8.50.c -mno-xl-soft-mul -mhard-float -mxl-float-convert -mxl-float-sqrt -Wl,--no-relax -Wl,--gc-sections -o "ten.elf"  ./main.o   -Wl,--start-group,-lxil,-lgcc,-lc,--end-group
'Finished building target: ten.elf'
' '
'Invoking: MicroBlaze Print Size'
mb-size ten.elf  |tee "ten.elf.size"
   text	   data	    bss	    dec	    hex	filename
   3450	    408	   2086	   5944	   1738	ten.elf
'Finished building: ten.elf.size'
' '
'Invoking: Xilinx ELF Check'
elfcheck ten.elf -hw ../../proc_hw_platform/system.xml -pe microblaze_0  |tee "ten.elf.elfcheck"
elfcheck
Xilinx EDK 14.7 Build EDK_P.20131013
Copyright (c) 1995-2012 Xilinx, Inc.  All rights reserved.

Command Line: elfcheck -hw ../../proc_hw_platform/system.xml -pe microblaze_0
ten.elf 

ELF file	: ten.elf
elfcheck passed.
'Finished building: ten.elf.elfcheck'
' '
09:15:43 **** Incremental Build of configuration Debug for project ten ****
make all 
make: Nothing to be done for `all'.
09:16:03 **** Auto Build of configuration Debug for project ten ****
make all 
'Building file: ../main.c'
'Invoking: MicroBlaze gcc compiler'
mb-gcc -Wall -O0 -g3 -c -fmessage-length=0 -I../../ten_bsp/microblaze_0/include -mlittle-endian -mxl-barrel-shift -mxl-pattern-compare -mno-xl-soft-div -mcpu=v8.50.c -mno-xl-soft-mul -mhard-float -mxl-float-convert -mxl-float-sqrt -Wl,--no-relax -ffunction-sections -fdata-sections -MMD -MP -MF"main.d" -MT"main.d" -o "main.o" "../main.c"
../main.c:1:20: warning: extra tokens at end of #include directive [enabled by default]
../main.c:2:19: warning: extra tokens at end of #include directive [enabled by default]
../main.c:3:25: warning: extra tokens at end of #include directive [enabled by default]
../main.c: In function 'main':
../main.c:7:44: warning: unused variable 'c3' [-Wunused-variable]
../main.c:7:36: warning: unused variable 'c2' [-Wunused-variable]
../main.c:7:28: warning: unused variable 'c1' [-Wunused-variable]
../main.c:7:20: warning: unused variable 'c0' [-Wunused-variable]
'Finished building: ../main.c'
' '
'Building target: ten.elf'
'Invoking: MicroBlaze gcc linker'
mb-gcc -Wl,-T -Wl,../src/lscript.ld -L../../ten_bsp/microblaze_0/lib -mlittle-endian -mxl-barrel-shift -mxl-pattern-compare -mno-xl-soft-div -mcpu=v8.50.c -mno-xl-soft-mul -mhard-float -mxl-float-convert -mxl-float-sqrt -Wl,--no-relax -Wl,--gc-sections -o "ten.elf"  ./main.o   -Wl,--start-group,-lxil,-lgcc,-lc,--end-group
'Finished building target: ten.elf'
' '
'Invoking: MicroBlaze Print Size'
mb-size ten.elf  |tee "ten.elf.size"
   text	   data	    bss	    dec	    hex	filename
   3450	    408	   2086	   5944	   1738	ten.elf
'Finished building: ten.elf.size'
' '
'Invoking: Xilinx ELF Check'
elfcheck ten.elf -hw ../../proc_hw_platform/system.xml -pe microblaze_0  |tee "ten.elf.elfcheck"
elfcheck
Xilinx EDK 14.7 Build EDK_P.20131013
Copyright (c) 1995-2012 Xilinx, Inc.  All rights reserved.

Command Line: elfcheck -hw ../../proc_hw_platform/system.xml -pe microblaze_0
ten.elf 

ELF file	: ten.elf
elfcheck passed.
'Finished building: ten.elf.elfcheck'
' '
09:16:06 **** Incremental Build of configuration Debug for project ten ****
make all 
make: Nothing to be done for `all'.
09:16:19 **** Incremental Build of configuration Debug for project ten ****
make all 
make: Nothing to be done for `all'.
09:29:19 **** Incremental Build of configuration Debug for project ten ****
make all 
make: Nothing to be done for `all'.
09:42:45 **** Incremental Build of configuration Debug for project ten ****
make all 
make: Nothing to be done for `all'.
09:47:50 **** Incremental Build of configuration Debug for project ten ****
make all 
make: Nothing to be done for `all'.
09:47:53 **** Incremental Build of configuration Debug for project ten ****
make all 
make: Nothing to be done for `all'.
09:55:09 **** Incremental Build of configuration Debug for project ten ****
make all 
make: Nothing to be done for `all'.
10:01:02 **** Incremental Build of configuration Debug for project ten ****
make all 
make: Nothing to be done for `all'.
10:16:07 **** Incremental Build of configuration Debug for project ten ****
make all 
make: Nothing to be done for `all'.
12:15:21 **** Incremental Build of configuration Debug for project ten ****
make all 
make: Nothing to be done for `all'.
12:30:33 **** Auto Build of configuration Debug for project ten ****
make all 
'Building file: ../main.c'
'Invoking: MicroBlaze gcc compiler'
mb-gcc -Wall -O0 -g3 -c -fmessage-length=0 -I../../ten_bsp/microblaze_0/include -mlittle-endian -mxl-barrel-shift -mxl-pattern-compare -mno-xl-soft-div -mcpu=v8.50.c -mno-xl-soft-mul -mhard-float -mxl-float-convert -mxl-float-sqrt -Wl,--no-relax -ffunction-sections -fdata-sections -MMD -MP -MF"main.d" -MT"main.d" -o "main.o" "../main.c"
../main.c:1:20: warning: extra tokens at end of #include directive [enabled by default]
../main.c:2:19: warning: extra tokens at end of #include directive [enabled by default]
../main.c:3:25: warning: extra tokens at end of #include directive [enabled by default]
../main.c: In function 'main':
../main.c:7:44: warning: unused variable 'c3' [-Wunused-variable]
../main.c:7:36: warning: unused variable 'c2' [-Wunused-variable]
../main.c:7:28: warning: unused variable 'c1' [-Wunused-variable]
../main.c:7:20: warning: unused variable 'c0' [-Wunused-variable]
'Finished building: ../main.c'
' '
'Building target: ten.elf'
'Invoking: MicroBlaze gcc linker'
mb-gcc -Wl,-T -Wl,../src/lscript.ld -L../../ten_bsp/microblaze_0/lib -mlittle-endian -mxl-barrel-shift -mxl-pattern-compare -mno-xl-soft-div -mcpu=v8.50.c -mno-xl-soft-mul -mhard-float -mxl-float-convert -mxl-float-sqrt -Wl,--no-relax -Wl,--gc-sections -o "ten.elf"  ./main.o   -Wl,--start-group,-lxil,-lgcc,-lc,--end-group
'Finished building target: ten.elf'
' '
'Invoking: MicroBlaze Print Size'
mb-size ten.elf  |tee "ten.elf.size"
   text	   data	    bss	    dec	    hex	filename
   3450	    408	   2086	   5944	   1738	ten.elf
'Finished building: ten.elf.size'
' '
'Invoking: Xilinx ELF Check'
elfcheck ten.elf -hw ../../proc_hw_platform/system.xml -pe microblaze_0  |tee "ten.elf.elfcheck"
elfcheck
Xilinx EDK 14.7 Build EDK_P.20131013
Copyright (c) 1995-2012 Xilinx, Inc.  All rights reserved.

Command Line: elfcheck -hw ../../proc_hw_platform/system.xml -pe microblaze_0
ten.elf 

ELF file	: ten.elf
elfcheck passed.
'Finished building: ten.elf.elfcheck'
' '
12:30:37 **** Incremental Build of configuration Debug for project ten ****
make all 
make: Nothing to be done for `all'.
12:33:06 **** Auto Build of configuration Debug for project ten ****
make all 
'Building file: ../main.c'
'Invoking: MicroBlaze gcc compiler'
mb-gcc -Wall -O0 -g3 -c -fmessage-length=0 -I../../ten_bsp/microblaze_0/include -mlittle-endian -mxl-barrel-shift -mxl-pattern-compare -mno-xl-soft-div -mcpu=v8.50.c -mno-xl-soft-mul -mhard-float -mxl-float-convert -mxl-float-sqrt -Wl,--no-relax -ffunction-sections -fdata-sections -MMD -MP -MF"main.d" -MT"main.d" -o "main.o" "../main.c"
../main.c:1:20: warning: extra tokens at end of #include directive [enabled by default]
../main.c:2:19: warning: extra tokens at end of #include directive [enabled by default]
../main.c:3:25: warning: extra tokens at end of #include directive [enabled by default]
../main.c: In function 'main':
../main.c:7:44: warning: unused variable 'c3' [-Wunused-variable]
../main.c:7:36: warning: unused variable 'c2' [-Wunused-variable]
../main.c:7:28: warning: unused variable 'c1' [-Wunused-variable]
../main.c:7:20: warning: unused variable 'c0' [-Wunused-variable]
'Finished building: ../main.c'
' '
'Building target: ten.elf'
'Invoking: MicroBlaze gcc linker'
mb-gcc -Wl,-T -Wl,../src/lscript.ld -L../../ten_bsp/microblaze_0/lib -mlittle-endian -mxl-barrel-shift -mxl-pattern-compare -mno-xl-soft-div -mcpu=v8.50.c -mno-xl-soft-mul -mhard-float -mxl-float-convert -mxl-float-sqrt -Wl,--no-relax -Wl,--gc-sections -o "ten.elf"  ./main.o   -Wl,--start-group,-lxil,-lgcc,-lc,--end-group
'Finished building target: ten.elf'
' '
'Invoking: MicroBlaze Print Size'
mb-size ten.elf  |tee "ten.elf.size"
   text	   data	    bss	    dec	    hex	filename
   3450	    408	   2086	   5944	   1738	ten.elf
'Finished building: ten.elf.size'
' '
'Invoking: Xilinx ELF Check'
elfcheck ten.elf -hw ../../proc_hw_platform/system.xml -pe microblaze_0  |tee "ten.elf.elfcheck"
elfcheck
Xilinx EDK 14.7 Build EDK_P.20131013
Copyright (c) 1995-2012 Xilinx, Inc.  All rights reserved.

Command Line: elfcheck -hw ../../proc_hw_platform/system.xml -pe microblaze_0
ten.elf 

ELF file	: ten.elf
elfcheck passed.
'Finished building: ten.elf.elfcheck'
' '
12:33:11 **** Incremental Build of configuration Debug for project ten ****
make all 
make: Nothing to be done for `all'.
12:34:48 **** Auto Build of configuration Debug for project ten ****
make all 
'Building file: ../main.c'
'Invoking: MicroBlaze gcc compiler'
mb-gcc -Wall -O0 -g3 -c -fmessage-length=0 -I../../ten_bsp/microblaze_0/include -mlittle-endian -mxl-barrel-shift -mxl-pattern-compare -mno-xl-soft-div -mcpu=v8.50.c -mno-xl-soft-mul -mhard-float -mxl-float-convert -mxl-float-sqrt -Wl,--no-relax -ffunction-sections -fdata-sections -MMD -MP -MF"main.d" -MT"main.d" -o "main.o" "../main.c"
../main.c:1:20: warning: extra tokens at end of #include directive [enabled by default]
../main.c:2:19: warning: extra tokens at end of #include directive [enabled by default]
../main.c:3:25: warning: extra tokens at end of #include directive [enabled by default]
../main.c: In function 'main':
../main.c:7:44: warning: unused variable 'c3' [-Wunused-variable]
../main.c:7:36: warning: unused variable 'c2' [-Wunused-variable]
../main.c:7:28: warning: unused variable 'c1' [-Wunused-variable]
../main.c:7:20: warning: unused variable 'c0' [-Wunused-variable]
'Finished building: ../main.c'
' '
'Building target: ten.elf'
'Invoking: MicroBlaze gcc linker'
mb-gcc -Wl,-T -Wl,../src/lscript.ld -L../../ten_bsp/microblaze_0/lib -mlittle-endian -mxl-barrel-shift -mxl-pattern-compare -mno-xl-soft-div -mcpu=v8.50.c -mno-xl-soft-mul -mhard-float -mxl-float-convert -mxl-float-sqrt -Wl,--no-relax -Wl,--gc-sections -o "ten.elf"  ./main.o   -Wl,--start-group,-lxil,-lgcc,-lc,--end-group
'Finished building target: ten.elf'
' '
'Invoking: MicroBlaze Print Size'
mb-size ten.elf  |tee "ten.elf.size"
   text	   data	    bss	    dec	    hex	filename
   3450	    408	   2086	   5944	   1738	ten.elf
'Finished building: ten.elf.size'
' '
'Invoking: Xilinx ELF Check'
elfcheck ten.elf -hw ../../proc_hw_platform/system.xml -pe microblaze_0  |tee "ten.elf.elfcheck"
elfcheck
Xilinx EDK 14.7 Build EDK_P.20131013
Copyright (c) 1995-2012 Xilinx, Inc.  All rights reserved.

Command Line: elfcheck -hw ../../proc_hw_platform/system.xml -pe microblaze_0
ten.elf 

ELF file	: ten.elf
elfcheck passed.
'Finished building: ten.elf.elfcheck'
' '
12:34:51 **** Incremental Build of configuration Debug for project ten ****
make all 
make: Nothing to be done for `all'.
12:47:27 **** Incremental Build of configuration Debug for project ten ****
make all 
make: Nothing to be done for `all'.
12:47:37 **** Auto Build of configuration Debug for project ten ****
make all 
'Building file: ../main.c'
'Invoking: MicroBlaze gcc compiler'
mb-gcc -Wall -O0 -g3 -c -fmessage-length=0 -I../../ten_bsp/microblaze_0/include -mlittle-endian -mxl-barrel-shift -mxl-pattern-compare -mno-xl-soft-div -mcpu=v8.50.c -mno-xl-soft-mul -mhard-float -mxl-float-convert -mxl-float-sqrt -Wl,--no-relax -ffunction-sections -fdata-sections -MMD -MP -MF"main.d" -MT"main.d" -o "main.o" "../main.c"
../main.c:1:20: warning: extra tokens at end of #include directive [enabled by default]
../main.c:2:19: warning: extra tokens at end of #include directive [enabled by default]
../main.c:3:25: warning: extra tokens at end of #include directive [enabled by default]
../main.c: In function 'main':
../main.c:7:44: warning: unused variable 'c3' [-Wunused-variable]
../main.c:7:36: warning: unused variable 'c2' [-Wunused-variable]
../main.c:7:28: warning: unused variable 'c1' [-Wunused-variable]
../main.c:7:20: warning: unused variable 'c0' [-Wunused-variable]
'Finished building: ../main.c'
' '
'Building target: ten.elf'
'Invoking: MicroBlaze gcc linker'
mb-gcc -Wl,-T -Wl,../src/lscript.ld -L../../ten_bsp/microblaze_0/lib -mlittle-endian -mxl-barrel-shift -mxl-pattern-compare -mno-xl-soft-div -mcpu=v8.50.c -mno-xl-soft-mul -mhard-float -mxl-float-convert -mxl-float-sqrt -Wl,--no-relax -Wl,--gc-sections -o "ten.elf"  ./main.o   -Wl,--start-group,-lxil,-lgcc,-lc,--end-group
'Finished building target: ten.elf'
' '
'Invoking: MicroBlaze Print Size'
mb-size ten.elf  |tee "ten.elf.size"
   text	   data	    bss	    dec	    hex	filename
   3450	    408	   2086	   5944	   1738	ten.elf
'Finished building: ten.elf.size'
' '
'Invoking: Xilinx ELF Check'
elfcheck ten.elf -hw ../../proc_hw_platform/system.xml -pe microblaze_0  |tee "ten.elf.elfcheck"
elfcheck
Xilinx EDK 14.7 Build EDK_P.20131013
Copyright (c) 1995-2012 Xilinx, Inc.  All rights reserved.

Command Line: elfcheck -hw ../../proc_hw_platform/system.xml -pe microblaze_0
ten.elf 

ELF file	: ten.elf
elfcheck passed.
'Finished building: ten.elf.elfcheck'
' '
12:47:43 **** Incremental Build of configuration Debug for project ten ****
make all 
make: Nothing to be done for `all'.
12:48:47 **** Auto Build of configuration Debug for project ten ****
make all 
'Building file: ../main.c'
'Invoking: MicroBlaze gcc compiler'
mb-gcc -Wall -O0 -g3 -c -fmessage-length=0 -I../../ten_bsp/microblaze_0/include -mlittle-endian -mxl-barrel-shift -mxl-pattern-compare -mno-xl-soft-div -mcpu=v8.50.c -mno-xl-soft-mul -mhard-float -mxl-float-convert -mxl-float-sqrt -Wl,--no-relax -ffunction-sections -fdata-sections -MMD -MP -MF"main.d" -MT"main.d" -o "main.o" "../main.c"
../main.c:1:20: warning: extra tokens at end of #include directive [enabled by default]
../main.c:2:19: warning: extra tokens at end of #include directive [enabled by default]
../main.c:3:25: warning: extra tokens at end of #include directive [enabled by default]
../main.c: In function 'main':
../main.c:7:44: warning: unused variable 'c3' [-Wunused-variable]
../main.c:7:36: warning: unused variable 'c2' [-Wunused-variable]
../main.c:7:28: warning: unused variable 'c1' [-Wunused-variable]
../main.c:7:20: warning: unused variable 'c0' [-Wunused-variable]
'Finished building: ../main.c'
' '
'Building target: ten.elf'
'Invoking: MicroBlaze gcc linker'
mb-gcc -Wl,-T -Wl,../src/lscript.ld -L../../ten_bsp/microblaze_0/lib -mlittle-endian -mxl-barrel-shift -mxl-pattern-compare -mno-xl-soft-div -mcpu=v8.50.c -mno-xl-soft-mul -mhard-float -mxl-float-convert -mxl-float-sqrt -Wl,--no-relax -Wl,--gc-sections -o "ten.elf"  ./main.o   -Wl,--start-group,-lxil,-lgcc,-lc,--end-group
'Finished building target: ten.elf'
' '
'Invoking: MicroBlaze Print Size'
mb-size ten.elf  |tee "ten.elf.size"
   text	   data	    bss	    dec	    hex	filename
   3450	    408	   2086	   5944	   1738	ten.elf
'Finished building: ten.elf.size'
' '
'Invoking: Xilinx ELF Check'
elfcheck ten.elf -hw ../../proc_hw_platform/system.xml -pe microblaze_0  |tee "ten.elf.elfcheck"
elfcheck
Xilinx EDK 14.7 Build EDK_P.20131013
Copyright (c) 1995-2012 Xilinx, Inc.  All rights reserved.

Command Line: elfcheck -hw ../../proc_hw_platform/system.xml -pe microblaze_0
ten.elf 

ELF file	: ten.elf
elfcheck passed.
'Finished building: ten.elf.elfcheck'
' '
12:49:00 **** Incremental Build of configuration Debug for project ten ****
make all 
make: Nothing to be done for `all'.
12:49:39 **** Auto Build of configuration Debug for project ten ****
make all 
'Building file: ../main.c'
'Invoking: MicroBlaze gcc compiler'
mb-gcc -Wall -O0 -g3 -c -fmessage-length=0 -I../../ten_bsp/microblaze_0/include -mlittle-endian -mxl-barrel-shift -mxl-pattern-compare -mno-xl-soft-div -mcpu=v8.50.c -mno-xl-soft-mul -mhard-float -mxl-float-convert -mxl-float-sqrt -Wl,--no-relax -ffunction-sections -fdata-sections -MMD -MP -MF"main.d" -MT"main.d" -o "main.o" "../main.c"
../main.c:1:20: warning: extra tokens at end of #include directive [enabled by default]
../main.c:2:19: warning: extra tokens at end of #include directive [enabled by default]
../main.c:3:25: warning: extra tokens at end of #include directive [enabled by default]
../main.c: In function 'main':
../main.c:7:44: warning: unused variable 'c3' [-Wunused-variable]
../main.c:7:36: warning: unused variable 'c2' [-Wunused-variable]
../main.c:7:28: warning: unused variable 'c1' [-Wunused-variable]
../main.c:7:20: warning: unused variable 'c0' [-Wunused-variable]
'Finished building: ../main.c'
' '
'Building target: ten.elf'
'Invoking: MicroBlaze gcc linker'
mb-gcc -Wl,-T -Wl,../src/lscript.ld -L../../ten_bsp/microblaze_0/lib -mlittle-endian -mxl-barrel-shift -mxl-pattern-compare -mno-xl-soft-div -mcpu=v8.50.c -mno-xl-soft-mul -mhard-float -mxl-float-convert -mxl-float-sqrt -Wl,--no-relax -Wl,--gc-sections -o "ten.elf"  ./main.o   -Wl,--start-group,-lxil,-lgcc,-lc,--end-group
'Finished building target: ten.elf'
' '
'Invoking: MicroBlaze Print Size'
mb-size ten.elf  |tee "ten.elf.size"
   text	   data	    bss	    dec	    hex	filename
   3450	    408	   2086	   5944	   1738	ten.elf
'Finished building: ten.elf.size'
' '
'Invoking: Xilinx ELF Check'
elfcheck ten.elf -hw ../../proc_hw_platform/system.xml -pe microblaze_0  |tee "ten.elf.elfcheck"
elfcheck
Xilinx EDK 14.7 Build EDK_P.20131013
Copyright (c) 1995-2012 Xilinx, Inc.  All rights reserved.

Command Line: elfcheck -hw ../../proc_hw_platform/system.xml -pe microblaze_0
ten.elf 

ELF file	: ten.elf
elfcheck passed.
'Finished building: ten.elf.elfcheck'
' '
12:49:44 **** Incremental Build of configuration Debug for project ten ****
make all 
make: Nothing to be done for `all'.
12:50:38 **** Auto Build of configuration Debug for project ten ****
make all 
'Building file: ../main.c'
'Invoking: MicroBlaze gcc compiler'
mb-gcc -Wall -O0 -g3 -c -fmessage-length=0 -I../../ten_bsp/microblaze_0/include -mlittle-endian -mxl-barrel-shift -mxl-pattern-compare -mno-xl-soft-div -mcpu=v8.50.c -mno-xl-soft-mul -mhard-float -mxl-float-convert -mxl-float-sqrt -Wl,--no-relax -ffunction-sections -fdata-sections -MMD -MP -MF"main.d" -MT"main.d" -o "main.o" "../main.c"
../main.c:1:20: warning: extra tokens at end of #include directive [enabled by default]
../main.c:2:19: warning: extra tokens at end of #include directive [enabled by default]
../main.c:3:25: warning: extra tokens at end of #include directive [enabled by default]
../main.c: In function 'main':
../main.c:7:44: warning: unused variable 'c3' [-Wunused-variable]
../main.c:7:36: warning: unused variable 'c2' [-Wunused-variable]
../main.c:7:28: warning: unused variable 'c1' [-Wunused-variable]
../main.c:7:20: warning: unused variable 'c0' [-Wunused-variable]
'Finished building: ../main.c'
' '
'Building target: ten.elf'
'Invoking: MicroBlaze gcc linker'
mb-gcc -Wl,-T -Wl,../src/lscript.ld -L../../ten_bsp/microblaze_0/lib -mlittle-endian -mxl-barrel-shift -mxl-pattern-compare -mno-xl-soft-div -mcpu=v8.50.c -mno-xl-soft-mul -mhard-float -mxl-float-convert -mxl-float-sqrt -Wl,--no-relax -Wl,--gc-sections -o "ten.elf"  ./main.o   -Wl,--start-group,-lxil,-lgcc,-lc,--end-group
'Finished building target: ten.elf'
' '
'Invoking: MicroBlaze Print Size'
mb-size ten.elf  |tee "ten.elf.size"
   text	   data	    bss	    dec	    hex	filename
   3450	    408	   2086	   5944	   1738	ten.elf
'Finished building: ten.elf.size'
' '
'Invoking: Xilinx ELF Check'
elfcheck ten.elf -hw ../../proc_hw_platform/system.xml -pe microblaze_0  |tee "ten.elf.elfcheck"
elfcheck
Xilinx EDK 14.7 Build EDK_P.20131013
Copyright (c) 1995-2012 Xilinx, Inc.  All rights reserved.

Command Line: elfcheck -hw ../../proc_hw_platform/system.xml -pe microblaze_0
ten.elf 

ELF file	: ten.elf
elfcheck passed.
'Finished building: ten.elf.elfcheck'
' '
12:50:44 **** Incremental Build of configuration Debug for project ten ****
make all 
make: Nothing to be done for `all'.
12:52:26 **** Auto Build of configuration Debug for project ten ****
make all 
'Building file: ../main.c'
'Invoking: MicroBlaze gcc compiler'
mb-gcc -Wall -O0 -g3 -c -fmessage-length=0 -I../../ten_bsp/microblaze_0/include -mlittle-endian -mxl-barrel-shift -mxl-pattern-compare -mno-xl-soft-div -mcpu=v8.50.c -mno-xl-soft-mul -mhard-float -mxl-float-convert -mxl-float-sqrt -Wl,--no-relax -ffunction-sections -fdata-sections -MMD -MP -MF"main.d" -MT"main.d" -o "main.o" "../main.c"
../main.c:1:20: warning: extra tokens at end of #include directive [enabled by default]
../main.c:2:19: warning: extra tokens at end of #include directive [enabled by default]
../main.c:3:25: warning: extra tokens at end of #include directive [enabled by default]
../main.c: In function 'main':
../main.c:7:44: warning: unused variable 'c3' [-Wunused-variable]
../main.c:7:36: warning: unused variable 'c2' [-Wunused-variable]
../main.c:7:28: warning: unused variable 'c1' [-Wunused-variable]
../main.c:7:20: warning: unused variable 'c0' [-Wunused-variable]
'Finished building: ../main.c'
' '
'Building target: ten.elf'
'Invoking: MicroBlaze gcc linker'
mb-gcc -Wl,-T -Wl,../src/lscript.ld -L../../ten_bsp/microblaze_0/lib -mlittle-endian -mxl-barrel-shift -mxl-pattern-compare -mno-xl-soft-div -mcpu=v8.50.c -mno-xl-soft-mul -mhard-float -mxl-float-convert -mxl-float-sqrt -Wl,--no-relax -Wl,--gc-sections -o "ten.elf"  ./main.o   -Wl,--start-group,-lxil,-lgcc,-lc,--end-group
'Finished building target: ten.elf'
' '
'Invoking: MicroBlaze Print Size'
mb-size ten.elf  |tee "ten.elf.size"
   text	   data	    bss	    dec	    hex	filename
   3450	    408	   2086	   5944	   1738	ten.elf
'Finished building: ten.elf.size'
' '
'Invoking: Xilinx ELF Check'
elfcheck ten.elf -hw ../../proc_hw_platform/system.xml -pe microblaze_0  |tee "ten.elf.elfcheck"
elfcheck
Xilinx EDK 14.7 Build EDK_P.20131013
Copyright (c) 1995-2012 Xilinx, Inc.  All rights reserved.

Command Line: elfcheck -hw ../../proc_hw_platform/system.xml -pe microblaze_0
ten.elf 

ELF file	: ten.elf
elfcheck passed.
'Finished building: ten.elf.elfcheck'
' '
12:58:54 **** Incremental Build of configuration Debug for project ten ****
make all 
make: Nothing to be done for `all'.
13:02:31 **** Auto Build of configuration Debug for project ten ****
make all 
'Building file: ../main.c'
'Invoking: MicroBlaze gcc compiler'
mb-gcc -Wall -O0 -g3 -c -fmessage-length=0 -I../../ten_bsp/microblaze_0/include -mlittle-endian -mxl-barrel-shift -mxl-pattern-compare -mno-xl-soft-div -mcpu=v8.50.c -mno-xl-soft-mul -mhard-float -mxl-float-convert -mxl-float-sqrt -Wl,--no-relax -ffunction-sections -fdata-sections -MMD -MP -MF"main.d" -MT"main.d" -o "main.o" "../main.c"
../main.c:1:20: warning: extra tokens at end of #include directive [enabled by default]
../main.c:2:19: warning: extra tokens at end of #include directive [enabled by default]
../main.c:3:25: warning: extra tokens at end of #include directive [enabled by default]
../main.c: In function 'main':
../main.c:8:44: warning: unused variable 'c3' [-Wunused-variable]
../main.c:8:36: warning: unused variable 'c2' [-Wunused-variable]
../main.c:8:28: warning: unused variable 'c1' [-Wunused-variable]
../main.c:8:20: warning: unused variable 'c0' [-Wunused-variable]
'Finished building: ../main.c'
' '
'Building target: ten.elf'
'Invoking: MicroBlaze gcc linker'
mb-gcc -Wl,-T -Wl,../src/lscript.ld -L../../ten_bsp/microblaze_0/lib -mlittle-endian -mxl-barrel-shift -mxl-pattern-compare -mno-xl-soft-div -mcpu=v8.50.c -mno-xl-soft-mul -mhard-float -mxl-float-convert -mxl-float-sqrt -Wl,--no-relax -Wl,--gc-sections -o "ten.elf"  ./main.o   -Wl,--start-group,-lxil,-lgcc,-lc,--end-group
'Finished building target: ten.elf'
' '
'Invoking: MicroBlaze Print Size'
mb-size ten.elf  |tee "ten.elf.size"
   text	   data	    bss	    dec	    hex	filename
   3450	    408	   2086	   5944	   1738	ten.elf
'Finished building: ten.elf.size'
' '
'Invoking: Xilinx ELF Check'
elfcheck ten.elf -hw ../../proc_hw_platform/system.xml -pe microblaze_0  |tee "ten.elf.elfcheck"
elfcheck
Xilinx EDK 14.7 Build EDK_P.20131013
Copyright (c) 1995-2012 Xilinx, Inc.  All rights reserved.

Command Line: elfcheck -hw ../../proc_hw_platform/system.xml -pe microblaze_0
ten.elf 

ELF file	: ten.elf
elfcheck passed.
'Finished building: ten.elf.elfcheck'
' '
13:02:37 **** Incremental Build of configuration Debug for project ten ****
make all 
make: Nothing to be done for `all'.
13:04:15 **** Auto Build of configuration Debug for project ten ****
make all 
'Building file: ../main.c'
'Invoking: MicroBlaze gcc compiler'
mb-gcc -Wall -O0 -g3 -c -fmessage-length=0 -I../../ten_bsp/microblaze_0/include -mlittle-endian -mxl-barrel-shift -mxl-pattern-compare -mno-xl-soft-div -mcpu=v8.50.c -mno-xl-soft-mul -mhard-float -mxl-float-convert -mxl-float-sqrt -Wl,--no-relax -ffunction-sections -fdata-sections -MMD -MP -MF"main.d" -MT"main.d" -o "main.o" "../main.c"
../main.c:1:20: warning: extra tokens at end of #include directive [enabled by default]
../main.c:2:19: warning: extra tokens at end of #include directive [enabled by default]
../main.c:3:25: warning: extra tokens at end of #include directive [enabled by default]
../main.c: In function 'main':
../main.c:8:44: warning: unused variable 'c3' [-Wunused-variable]
../main.c:8:36: warning: unused variable 'c2' [-Wunused-variable]
../main.c:8:28: warning: unused variable 'c1' [-Wunused-variable]
../main.c:8:20: warning: unused variable 'c0' [-Wunused-variable]
'Finished building: ../main.c'
' '
'Building target: ten.elf'
'Invoking: MicroBlaze gcc linker'
mb-gcc -Wl,-T -Wl,../src/lscript.ld -L../../ten_bsp/microblaze_0/lib -mlittle-endian -mxl-barrel-shift -mxl-pattern-compare -mno-xl-soft-div -mcpu=v8.50.c -mno-xl-soft-mul -mhard-float -mxl-float-convert -mxl-float-sqrt -Wl,--no-relax -Wl,--gc-sections -o "ten.elf"  ./main.o   -Wl,--start-group,-lxil,-lgcc,-lc,--end-group
'Finished building target: ten.elf'
' '
'Invoking: MicroBlaze Print Size'
mb-size ten.elf  |tee "ten.elf.size"
   text	   data	    bss	    dec	    hex	filename
   3450	    408	   2086	   5944	   1738	ten.elf
'Finished building: ten.elf.size'
' '
'Invoking: Xilinx ELF Check'
elfcheck ten.elf -hw ../../proc_hw_platform/system.xml -pe microblaze_0  |tee "ten.elf.elfcheck"
elfcheck
Xilinx EDK 14.7 Build EDK_P.20131013
Copyright (c) 1995-2012 Xilinx, Inc.  All rights reserved.

Command Line: elfcheck -hw ../../proc_hw_platform/system.xml -pe microblaze_0
ten.elf 

ELF file	: ten.elf
elfcheck passed.
'Finished building: ten.elf.elfcheck'
' '
13:04:25 **** Incremental Build of configuration Debug for project ten ****
make all 
make: Nothing to be done for `all'.
13:06:02 **** Auto Build of configuration Debug for project ten ****
make all 
'Building file: ../main.c'
'Invoking: MicroBlaze gcc compiler'
mb-gcc -Wall -O0 -g3 -c -fmessage-length=0 -I../../ten_bsp/microblaze_0/include -mlittle-endian -mxl-barrel-shift -mxl-pattern-compare -mno-xl-soft-div -mcpu=v8.50.c -mno-xl-soft-mul -mhard-float -mxl-float-convert -mxl-float-sqrt -Wl,--no-relax -ffunction-sections -fdata-sections -MMD -MP -MF"main.d" -MT"main.d" -o "main.o" "../main.c"
../main.c:1:20: warning: extra tokens at end of #include directive [enabled by default]
../main.c:2:19: warning: extra tokens at end of #include directive [enabled by default]
../main.c:3:25: warning: extra tokens at end of #include directive [enabled by default]
../main.c: In function 'main':
../main.c:8:44: warning: unused variable 'c3' [-Wunused-variable]
../main.c:8:36: warning: unused variable 'c2' [-Wunused-variable]
../main.c:8:28: warning: unused variable 'c1' [-Wunused-variable]
../main.c:8:20: warning: unused variable 'c0' [-Wunused-variable]
'Finished building: ../main.c'
' '
'Building target: ten.elf'
'Invoking: MicroBlaze gcc linker'
mb-gcc -Wl,-T -Wl,../src/lscript.ld -L../../ten_bsp/microblaze_0/lib -mlittle-endian -mxl-barrel-shift -mxl-pattern-compare -mno-xl-soft-div -mcpu=v8.50.c -mno-xl-soft-mul -mhard-float -mxl-float-convert -mxl-float-sqrt -Wl,--no-relax -Wl,--gc-sections -o "ten.elf"  ./main.o   -Wl,--start-group,-lxil,-lgcc,-lc,--end-group
'Finished building target: ten.elf'
' '
'Invoking: MicroBlaze Print Size'
mb-size ten.elf  |tee "ten.elf.size"
   text	   data	    bss	    dec	    hex	filename
   3450	    408	   2086	   5944	   1738	ten.elf
'Finished building: ten.elf.size'
' '
'Invoking: Xilinx ELF Check'
elfcheck ten.elf -hw ../../proc_hw_platform/system.xml -pe microblaze_0  |tee "ten.elf.elfcheck"
elfcheck
Xilinx EDK 14.7 Build EDK_P.20131013
Copyright (c) 1995-2012 Xilinx, Inc.  All rights reserved.

Command Line: elfcheck -hw ../../proc_hw_platform/system.xml -pe microblaze_0
ten.elf 

ELF file	: ten.elf
elfcheck passed.
'Finished building: ten.elf.elfcheck'
' '
13:06:15 **** Incremental Build of configuration Debug for project ten ****
make all 
make: Nothing to be done for `all'.
13:06:57 **** Auto Build of configuration Debug for project ten ****
make all 
'Building file: ../main.c'
'Invoking: MicroBlaze gcc compiler'
mb-gcc -Wall -O0 -g3 -c -fmessage-length=0 -I../../ten_bsp/microblaze_0/include -mlittle-endian -mxl-barrel-shift -mxl-pattern-compare -mno-xl-soft-div -mcpu=v8.50.c -mno-xl-soft-mul -mhard-float -mxl-float-convert -mxl-float-sqrt -Wl,--no-relax -ffunction-sections -fdata-sections -MMD -MP -MF"main.d" -MT"main.d" -o "main.o" "../main.c"
../main.c:1:20: warning: extra tokens at end of #include directive [enabled by default]
../main.c:2:19: warning: extra tokens at end of #include directive [enabled by default]
../main.c:3:25: warning: extra tokens at end of #include directive [enabled by default]
../main.c: In function 'main':
../main.c:8:44: warning: unused variable 'c3' [-Wunused-variable]
../main.c:8:36: warning: unused variable 'c2' [-Wunused-variable]
../main.c:8:28: warning: unused variable 'c1' [-Wunused-variable]
../main.c:8:20: warning: unused variable 'c0' [-Wunused-variable]
'Finished building: ../main.c'
' '
'Building target: ten.elf'
'Invoking: MicroBlaze gcc linker'
mb-gcc -Wl,-T -Wl,../src/lscript.ld -L../../ten_bsp/microblaze_0/lib -mlittle-endian -mxl-barrel-shift -mxl-pattern-compare -mno-xl-soft-div -mcpu=v8.50.c -mno-xl-soft-mul -mhard-float -mxl-float-convert -mxl-float-sqrt -Wl,--no-relax -Wl,--gc-sections -o "ten.elf"  ./main.o   -Wl,--start-group,-lxil,-lgcc,-lc,--end-group
'Finished building target: ten.elf'
' '
'Invoking: MicroBlaze Print Size'
mb-size ten.elf  |tee "ten.elf.size"
   text	   data	    bss	    dec	    hex	filename
   3450	    408	   2086	   5944	   1738	ten.elf
'Finished building: ten.elf.size'
' '
'Invoking: Xilinx ELF Check'
elfcheck ten.elf -hw ../../proc_hw_platform/system.xml -pe microblaze_0  |tee "ten.elf.elfcheck"
elfcheck
Xilinx EDK 14.7 Build EDK_P.20131013
Copyright (c) 1995-2012 Xilinx, Inc.  All rights reserved.

Command Line: elfcheck -hw ../../proc_hw_platform/system.xml -pe microblaze_0
ten.elf 

ELF file	: ten.elf
elfcheck passed.
'Finished building: ten.elf.elfcheck'
' '
13:07:01 **** Incremental Build of configuration Debug for project ten ****
make all 
make: Nothing to be done for `all'.
13:07:24 **** Auto Build of configuration Debug for project ten ****
make all 
'Building file: ../main.c'
'Invoking: MicroBlaze gcc compiler'
mb-gcc -Wall -O0 -g3 -c -fmessage-length=0 -I../../ten_bsp/microblaze_0/include -mlittle-endian -mxl-barrel-shift -mxl-pattern-compare -mno-xl-soft-div -mcpu=v8.50.c -mno-xl-soft-mul -mhard-float -mxl-float-convert -mxl-float-sqrt -Wl,--no-relax -ffunction-sections -fdata-sections -MMD -MP -MF"main.d" -MT"main.d" -o "main.o" "../main.c"
../main.c:1:20: warning: extra tokens at end of #include directive [enabled by default]
../main.c:2:19: warning: extra tokens at end of #include directive [enabled by default]
../main.c:3:25: warning: extra tokens at end of #include directive [enabled by default]
../main.c: In function 'main':
../main.c:8:44: warning: unused variable 'c3' [-Wunused-variable]
../main.c:8:36: warning: unused variable 'c2' [-Wunused-variable]
../main.c:8:28: warning: unused variable 'c1' [-Wunused-variable]
../main.c:8:20: warning: unused variable 'c0' [-Wunused-variable]
'Finished building: ../main.c'
' '
'Building target: ten.elf'
'Invoking: MicroBlaze gcc linker'
mb-gcc -Wl,-T -Wl,../src/lscript.ld -L../../ten_bsp/microblaze_0/lib -mlittle-endian -mxl-barrel-shift -mxl-pattern-compare -mno-xl-soft-div -mcpu=v8.50.c -mno-xl-soft-mul -mhard-float -mxl-float-convert -mxl-float-sqrt -Wl,--no-relax -Wl,--gc-sections -o "ten.elf"  ./main.o   -Wl,--start-group,-lxil,-lgcc,-lc,--end-group
'Finished building target: ten.elf'
' '
'Invoking: MicroBlaze Print Size'
mb-size ten.elf  |tee "ten.elf.size"
   text	   data	    bss	    dec	    hex	filename
   3450	    408	   2086	   5944	   1738	ten.elf
'Finished building: ten.elf.size'
' '
'Invoking: Xilinx ELF Check'
elfcheck ten.elf -hw ../../proc_hw_platform/system.xml -pe microblaze_0  |tee "ten.elf.elfcheck"
elfcheck
Xilinx EDK 14.7 Build EDK_P.20131013
Copyright (c) 1995-2012 Xilinx, Inc.  All rights reserved.

Command Line: elfcheck -hw ../../proc_hw_platform/system.xml -pe microblaze_0
ten.elf 

ELF file	: ten.elf
elfcheck passed.
'Finished building: ten.elf.elfcheck'
' '
13:07:28 **** Incremental Build of configuration Debug for project ten ****
make all 
make: Nothing to be done for `all'.
13:07:50 **** Incremental Build of configuration Debug for project ten ****
make all 
make: Nothing to be done for `all'.
13:08:02 **** Auto Build of configuration Debug for project ten ****
make all 
'Building file: ../main.c'
'Invoking: MicroBlaze gcc compiler'
mb-gcc -Wall -O0 -g3 -c -fmessage-length=0 -I../../ten_bsp/microblaze_0/include -mlittle-endian -mxl-barrel-shift -mxl-pattern-compare -mno-xl-soft-div -mcpu=v8.50.c -mno-xl-soft-mul -mhard-float -mxl-float-convert -mxl-float-sqrt -Wl,--no-relax -ffunction-sections -fdata-sections -MMD -MP -MF"main.d" -MT"main.d" -o "main.o" "../main.c"
../main.c:1:20: warning: extra tokens at end of #include directive [enabled by default]
../main.c:2:19: warning: extra tokens at end of #include directive [enabled by default]
../main.c:3:25: warning: extra tokens at end of #include directive [enabled by default]
../main.c: In function 'main':
../main.c:8:44: warning: unused variable 'c3' [-Wunused-variable]
../main.c:8:36: warning: unused variable 'c2' [-Wunused-variable]
../main.c:8:28: warning: unused variable 'c1' [-Wunused-variable]
../main.c:8:20: warning: unused variable 'c0' [-Wunused-variable]
'Finished building: ../main.c'
' '
'Building target: ten.elf'
'Invoking: MicroBlaze gcc linker'
mb-gcc -Wl,-T -Wl,../src/lscript.ld -L../../ten_bsp/microblaze_0/lib -mlittle-endian -mxl-barrel-shift -mxl-pattern-compare -mno-xl-soft-div -mcpu=v8.50.c -mno-xl-soft-mul -mhard-float -mxl-float-convert -mxl-float-sqrt -Wl,--no-relax -Wl,--gc-sections -o "ten.elf"  ./main.o   -Wl,--start-group,-lxil,-lgcc,-lc,--end-group
'Finished building target: ten.elf'
' '
'Invoking: MicroBlaze Print Size'
mb-size ten.elf  |tee "ten.elf.size"
   text	   data	    bss	    dec	    hex	filename
   3450	    408	   2086	   5944	   1738	ten.elf
'Finished building: ten.elf.size'
' '
'Invoking: Xilinx ELF Check'
elfcheck ten.elf -hw ../../proc_hw_platform/system.xml -pe microblaze_0  |tee "ten.elf.elfcheck"
elfcheck
Xilinx EDK 14.7 Build EDK_P.20131013
Copyright (c) 1995-2012 Xilinx, Inc.  All rights reserved.

Command Line: elfcheck -hw ../../proc_hw_platform/system.xml -pe microblaze_0
ten.elf 

ELF file	: ten.elf
elfcheck passed.
'Finished building: ten.elf.elfcheck'
' '
13:08:07 **** Incremental Build of configuration Debug for project ten ****
make all 
make: Nothing to be done for `all'.
13:08:28 **** Auto Build of configuration Debug for project ten ****
make all 
'Building file: ../main.c'
'Invoking: MicroBlaze gcc compiler'
mb-gcc -Wall -O0 -g3 -c -fmessage-length=0 -I../../ten_bsp/microblaze_0/include -mlittle-endian -mxl-barrel-shift -mxl-pattern-compare -mno-xl-soft-div -mcpu=v8.50.c -mno-xl-soft-mul -mhard-float -mxl-float-convert -mxl-float-sqrt -Wl,--no-relax -ffunction-sections -fdata-sections -MMD -MP -MF"main.d" -MT"main.d" -o "main.o" "../main.c"
../main.c:1:20: warning: extra tokens at end of #include directive [enabled by default]
../main.c:2:19: warning: extra tokens at end of #include directive [enabled by default]
../main.c:3:25: warning: extra tokens at end of #include directive [enabled by default]
../main.c: In function 'main':
../main.c:8:44: warning: unused variable 'c3' [-Wunused-variable]
../main.c:8:36: warning: unused variable 'c2' [-Wunused-variable]
../main.c:8:28: warning: unused variable 'c1' [-Wunused-variable]
../main.c:8:20: warning: unused variable 'c0' [-Wunused-variable]
'Finished building: ../main.c'
' '
'Building target: ten.elf'
'Invoking: MicroBlaze gcc linker'
mb-gcc -Wl,-T -Wl,../src/lscript.ld -L../../ten_bsp/microblaze_0/lib -mlittle-endian -mxl-barrel-shift -mxl-pattern-compare -mno-xl-soft-div -mcpu=v8.50.c -mno-xl-soft-mul -mhard-float -mxl-float-convert -mxl-float-sqrt -Wl,--no-relax -Wl,--gc-sections -o "ten.elf"  ./main.o   -Wl,--start-group,-lxil,-lgcc,-lc,--end-group
'Finished building target: ten.elf'
' '
'Invoking: MicroBlaze Print Size'
mb-size ten.elf  |tee "ten.elf.size"
   text	   data	    bss	    dec	    hex	filename
   3450	    408	   2086	   5944	   1738	ten.elf
'Finished building: ten.elf.size'
' '
'Invoking: Xilinx ELF Check'
elfcheck ten.elf -hw ../../proc_hw_platform/system.xml -pe microblaze_0  |tee "ten.elf.elfcheck"
elfcheck
Xilinx EDK 14.7 Build EDK_P.20131013
Copyright (c) 1995-2012 Xilinx, Inc.  All rights reserved.

Command Line: elfcheck -hw ../../proc_hw_platform/system.xml -pe microblaze_0
ten.elf 

ELF file	: ten.elf
elfcheck passed.
'Finished building: ten.elf.elfcheck'
' '
13:08:32 **** Incremental Build of configuration Debug for project ten ****
make all 
make: Nothing to be done for `all'.
13:09:04 **** Auto Build of configuration Debug for project ten ****
make all 
'Building file: ../main.c'
'Invoking: MicroBlaze gcc compiler'
mb-gcc -Wall -O0 -g3 -c -fmessage-length=0 -I../../ten_bsp/microblaze_0/include -mlittle-endian -mxl-barrel-shift -mxl-pattern-compare -mno-xl-soft-div -mcpu=v8.50.c -mno-xl-soft-mul -mhard-float -mxl-float-convert -mxl-float-sqrt -Wl,--no-relax -ffunction-sections -fdata-sections -MMD -MP -MF"main.d" -MT"main.d" -o "main.o" "../main.c"
../main.c:1:20: warning: extra tokens at end of #include directive [enabled by default]
../main.c:2:19: warning: extra tokens at end of #include directive [enabled by default]
../main.c:3:25: warning: extra tokens at end of #include directive [enabled by default]
../main.c: In function 'main':
../main.c:8:44: warning: unused variable 'c3' [-Wunused-variable]
../main.c:8:36: warning: unused variable 'c2' [-Wunused-variable]
../main.c:8:28: warning: unused variable 'c1' [-Wunused-variable]
../main.c:8:20: warning: unused variable 'c0' [-Wunused-variable]
'Finished building: ../main.c'
' '
'Building target: ten.elf'
'Invoking: MicroBlaze gcc linker'
mb-gcc -Wl,-T -Wl,../src/lscript.ld -L../../ten_bsp/microblaze_0/lib -mlittle-endian -mxl-barrel-shift -mxl-pattern-compare -mno-xl-soft-div -mcpu=v8.50.c -mno-xl-soft-mul -mhard-float -mxl-float-convert -mxl-float-sqrt -Wl,--no-relax -Wl,--gc-sections -o "ten.elf"  ./main.o   -Wl,--start-group,-lxil,-lgcc,-lc,--end-group
'Finished building target: ten.elf'
' '
'Invoking: MicroBlaze Print Size'
mb-size ten.elf  |tee "ten.elf.size"
   text	   data	    bss	    dec	    hex	filename
   3450	    408	   2086	   5944	   1738	ten.elf
'Finished building: ten.elf.size'
' '
'Invoking: Xilinx ELF Check'
elfcheck ten.elf -hw ../../proc_hw_platform/system.xml -pe microblaze_0  |tee "ten.elf.elfcheck"
elfcheck
Xilinx EDK 14.7 Build EDK_P.20131013
Copyright (c) 1995-2012 Xilinx, Inc.  All rights reserved.

Command Line: elfcheck -hw ../../proc_hw_platform/system.xml -pe microblaze_0
ten.elf 

ELF file	: ten.elf
elfcheck passed.
'Finished building: ten.elf.elfcheck'
' '
13:09:09 **** Incremental Build of configuration Debug for project ten ****
make all 
make: Nothing to be done for `all'.
13:09:45 **** Auto Build of configuration Debug for project ten ****
make all 
'Building file: ../main.c'
'Invoking: MicroBlaze gcc compiler'
mb-gcc -Wall -O0 -g3 -c -fmessage-length=0 -I../../ten_bsp/microblaze_0/include -mlittle-endian -mxl-barrel-shift -mxl-pattern-compare -mno-xl-soft-div -mcpu=v8.50.c -mno-xl-soft-mul -mhard-float -mxl-float-convert -mxl-float-sqrt -Wl,--no-relax -ffunction-sections -fdata-sections -MMD -MP -MF"main.d" -MT"main.d" -o "main.o" "../main.c"
../main.c:1:20: warning: extra tokens at end of #include directive [enabled by default]
../main.c:2:19: warning: extra tokens at end of #include directive [enabled by default]
../main.c:3:25: warning: extra tokens at end of #include directive [enabled by default]
../main.c: In function 'main':
../main.c:8:44: warning: unused variable 'c3' [-Wunused-variable]
../main.c:8:36: warning: unused variable 'c2' [-Wunused-variable]
../main.c:8:28: warning: unused variable 'c1' [-Wunused-variable]
../main.c:8:20: warning: unused variable 'c0' [-Wunused-variable]
'Finished building: ../main.c'
' '
'Building target: ten.elf'
'Invoking: MicroBlaze gcc linker'
mb-gcc -Wl,-T -Wl,../src/lscript.ld -L../../ten_bsp/microblaze_0/lib -mlittle-endian -mxl-barrel-shift -mxl-pattern-compare -mno-xl-soft-div -mcpu=v8.50.c -mno-xl-soft-mul -mhard-float -mxl-float-convert -mxl-float-sqrt -Wl,--no-relax -Wl,--gc-sections -o "ten.elf"  ./main.o   -Wl,--start-group,-lxil,-lgcc,-lc,--end-group
'Finished building target: ten.elf'
' '
'Invoking: MicroBlaze Print Size'
mb-size ten.elf  |tee "ten.elf.size"
   text	   data	    bss	    dec	    hex	filename
   3450	    408	   2086	   5944	   1738	ten.elf
'Finished building: ten.elf.size'
' '
'Invoking: Xilinx ELF Check'
elfcheck ten.elf -hw ../../proc_hw_platform/system.xml -pe microblaze_0  |tee "ten.elf.elfcheck"
elfcheck
Xilinx EDK 14.7 Build EDK_P.20131013
Copyright (c) 1995-2012 Xilinx, Inc.  All rights reserved.

Command Line: elfcheck -hw ../../proc_hw_platform/system.xml -pe microblaze_0
ten.elf 

ELF file	: ten.elf
elfcheck passed.
'Finished building: ten.elf.elfcheck'
' '
13:09:51 **** Incremental Build of configuration Debug for project ten ****
make all 
make: Nothing to be done for `all'.
13:10:58 **** Auto Build of configuration Debug for project ten ****
make all 
'Building file: ../main.c'
'Invoking: MicroBlaze gcc compiler'
mb-gcc -Wall -O0 -g3 -c -fmessage-length=0 -I../../ten_bsp/microblaze_0/include -mlittle-endian -mxl-barrel-shift -mxl-pattern-compare -mno-xl-soft-div -mcpu=v8.50.c -mno-xl-soft-mul -mhard-float -mxl-float-convert -mxl-float-sqrt -Wl,--no-relax -ffunction-sections -fdata-sections -MMD -MP -MF"main.d" -MT"main.d" -o "main.o" "../main.c"
../main.c:1:20: warning: extra tokens at end of #include directive [enabled by default]
../main.c:2:19: warning: extra tokens at end of #include directive [enabled by default]
../main.c:3:25: warning: extra tokens at end of #include directive [enabled by default]
../main.c: In function 'main':
../main.c:8:44: warning: unused variable 'c3' [-Wunused-variable]
../main.c:8:36: warning: unused variable 'c2' [-Wunused-variable]
../main.c:8:28: warning: unused variable 'c1' [-Wunused-variable]
../main.c:8:20: warning: unused variable 'c0' [-Wunused-variable]
'Finished building: ../main.c'
' '
'Building target: ten.elf'
'Invoking: MicroBlaze gcc linker'
mb-gcc -Wl,-T -Wl,../src/lscript.ld -L../../ten_bsp/microblaze_0/lib -mlittle-endian -mxl-barrel-shift -mxl-pattern-compare -mno-xl-soft-div -mcpu=v8.50.c -mno-xl-soft-mul -mhard-float -mxl-float-convert -mxl-float-sqrt -Wl,--no-relax -Wl,--gc-sections -o "ten.elf"  ./main.o   -Wl,--start-group,-lxil,-lgcc,-lc,--end-group
'Finished building target: ten.elf'
' '
'Invoking: MicroBlaze Print Size'
mb-size ten.elf  |tee "ten.elf.size"
   text	   data	    bss	    dec	    hex	filename
   3450	    408	   2086	   5944	   1738	ten.elf
'Finished building: ten.elf.size'
' '
'Invoking: Xilinx ELF Check'
elfcheck ten.elf -hw ../../proc_hw_platform/system.xml -pe microblaze_0  |tee "ten.elf.elfcheck"
elfcheck
Xilinx EDK 14.7 Build EDK_P.20131013
Copyright (c) 1995-2012 Xilinx, Inc.  All rights reserved.

Command Line: elfcheck -hw ../../proc_hw_platform/system.xml -pe microblaze_0
ten.elf 

ELF file	: ten.elf
elfcheck passed.
'Finished building: ten.elf.elfcheck'
' '
13:11:03 **** Incremental Build of configuration Debug for project ten ****
make all 
make: Nothing to be done for `all'.
13:11:45 **** Incremental Build of configuration Debug for project ten ****
make all 
make: Nothing to be done for `all'.
13:12:08 **** Auto Build of configuration Debug for project ten ****
make all 
'Building file: ../main.c'
'Invoking: MicroBlaze gcc compiler'
mb-gcc -Wall -O0 -g3 -c -fmessage-length=0 -I../../ten_bsp/microblaze_0/include -mlittle-endian -mxl-barrel-shift -mxl-pattern-compare -mno-xl-soft-div -mcpu=v8.50.c -mno-xl-soft-mul -mhard-float -mxl-float-convert -mxl-float-sqrt -Wl,--no-relax -ffunction-sections -fdata-sections -MMD -MP -MF"main.d" -MT"main.d" -o "main.o" "../main.c"
../main.c:1:20: warning: extra tokens at end of #include directive [enabled by default]
../main.c:2:19: warning: extra tokens at end of #include directive [enabled by default]
../main.c:3:25: warning: extra tokens at end of #include directive [enabled by default]
../main.c: In function 'main':
../main.c:8:44: warning: unused variable 'c3' [-Wunused-variable]
../main.c:8:36: warning: unused variable 'c2' [-Wunused-variable]
../main.c:8:28: warning: unused variable 'c1' [-Wunused-variable]
../main.c:8:20: warning: unused variable 'c0' [-Wunused-variable]
'Finished building: ../main.c'
' '
'Building target: ten.elf'
'Invoking: MicroBlaze gcc linker'
mb-gcc -Wl,-T -Wl,../src/lscript.ld -L../../ten_bsp/microblaze_0/lib -mlittle-endian -mxl-barrel-shift -mxl-pattern-compare -mno-xl-soft-div -mcpu=v8.50.c -mno-xl-soft-mul -mhard-float -mxl-float-convert -mxl-float-sqrt -Wl,--no-relax -Wl,--gc-sections -o "ten.elf"  ./main.o   -Wl,--start-group,-lxil,-lgcc,-lc,--end-group
'Finished building target: ten.elf'
' '
'Invoking: MicroBlaze Print Size'
mb-size ten.elf  |tee "ten.elf.size"
   text	   data	    bss	    dec	    hex	filename
   3450	    408	   2086	   5944	   1738	ten.elf
'Finished building: ten.elf.size'
' '
'Invoking: Xilinx ELF Check'
elfcheck ten.elf -hw ../../proc_hw_platform/system.xml -pe microblaze_0  |tee "ten.elf.elfcheck"
elfcheck
Xilinx EDK 14.7 Build EDK_P.20131013
Copyright (c) 1995-2012 Xilinx, Inc.  All rights reserved.

Command Line: elfcheck -hw ../../proc_hw_platform/system.xml -pe microblaze_0
ten.elf 

ELF file	: ten.elf
elfcheck passed.
'Finished building: ten.elf.elfcheck'
' '
13:12:15 **** Incremental Build of configuration Debug for project ten ****
make all 
make: Nothing to be done for `all'.
13:13:26 **** Auto Build of configuration Debug for project ten ****
make all 
'Building file: ../main.c'
'Invoking: MicroBlaze gcc compiler'
mb-gcc -Wall -O0 -g3 -c -fmessage-length=0 -I../../ten_bsp/microblaze_0/include -mlittle-endian -mxl-barrel-shift -mxl-pattern-compare -mno-xl-soft-div -mcpu=v8.50.c -mno-xl-soft-mul -mhard-float -mxl-float-convert -mxl-float-sqrt -Wl,--no-relax -ffunction-sections -fdata-sections -MMD -MP -MF"main.d" -MT"main.d" -o "main.o" "../main.c"
../main.c:1:20: warning: extra tokens at end of #include directive [enabled by default]
../main.c:2:19: warning: extra tokens at end of #include directive [enabled by default]
../main.c:3:25: warning: extra tokens at end of #include directive [enabled by default]
../main.c: In function 'main':
../main.c:8:44: warning: unused variable 'c3' [-Wunused-variable]
../main.c:8:36: warning: unused variable 'c2' [-Wunused-variable]
../main.c:8:28: warning: unused variable 'c1' [-Wunused-variable]
../main.c:8:20: warning: unused variable 'c0' [-Wunused-variable]
'Finished building: ../main.c'
' '
'Building target: ten.elf'
'Invoking: MicroBlaze gcc linker'
mb-gcc -Wl,-T -Wl,../src/lscript.ld -L../../ten_bsp/microblaze_0/lib -mlittle-endian -mxl-barrel-shift -mxl-pattern-compare -mno-xl-soft-div -mcpu=v8.50.c -mno-xl-soft-mul -mhard-float -mxl-float-convert -mxl-float-sqrt -Wl,--no-relax -Wl,--gc-sections -o "ten.elf"  ./main.o   -Wl,--start-group,-lxil,-lgcc,-lc,--end-group
'Finished building target: ten.elf'
' '
'Invoking: MicroBlaze Print Size'
mb-size ten.elf  |tee "ten.elf.size"
   text	   data	    bss	    dec	    hex	filename
   3450	    408	   2086	   5944	   1738	ten.elf
'Finished building: ten.elf.size'
' '
'Invoking: Xilinx ELF Check'
elfcheck ten.elf -hw ../../proc_hw_platform/system.xml -pe microblaze_0  |tee "ten.elf.elfcheck"
elfcheck
Xilinx EDK 14.7 Build EDK_P.20131013
Copyright (c) 1995-2012 Xilinx, Inc.  All rights reserved.

Command Line: elfcheck -hw ../../proc_hw_platform/system.xml -pe microblaze_0
ten.elf 

ELF file	: ten.elf
elfcheck passed.
'Finished building: ten.elf.elfcheck'
' '
13:13:32 **** Incremental Build of configuration Debug for project ten ****
make all 
make: Nothing to be done for `all'.
13:13:55 **** Auto Build of configuration Debug for project ten ****
make all 
'Building file: ../main.c'
'Invoking: MicroBlaze gcc compiler'
mb-gcc -Wall -O0 -g3 -c -fmessage-length=0 -I../../ten_bsp/microblaze_0/include -mlittle-endian -mxl-barrel-shift -mxl-pattern-compare -mno-xl-soft-div -mcpu=v8.50.c -mno-xl-soft-mul -mhard-float -mxl-float-convert -mxl-float-sqrt -Wl,--no-relax -ffunction-sections -fdata-sections -MMD -MP -MF"main.d" -MT"main.d" -o "main.o" "../main.c"
../main.c:1:20: warning: extra tokens at end of #include directive [enabled by default]
../main.c:2:19: warning: extra tokens at end of #include directive [enabled by default]
../main.c:3:25: warning: extra tokens at end of #include directive [enabled by default]
../main.c: In function 'main':
../main.c:8:44: warning: unused variable 'c3' [-Wunused-variable]
../main.c:8:36: warning: unused variable 'c2' [-Wunused-variable]
../main.c:8:28: warning: unused variable 'c1' [-Wunused-variable]
../main.c:8:20: warning: unused variable 'c0' [-Wunused-variable]
'Finished building: ../main.c'
' '
'Building target: ten.elf'
'Invoking: MicroBlaze gcc linker'
mb-gcc -Wl,-T -Wl,../src/lscript.ld -L../../ten_bsp/microblaze_0/lib -mlittle-endian -mxl-barrel-shift -mxl-pattern-compare -mno-xl-soft-div -mcpu=v8.50.c -mno-xl-soft-mul -mhard-float -mxl-float-convert -mxl-float-sqrt -Wl,--no-relax -Wl,--gc-sections -o "ten.elf"  ./main.o   -Wl,--start-group,-lxil,-lgcc,-lc,--end-group
'Finished building target: ten.elf'
' '
'Invoking: MicroBlaze Print Size'
mb-size ten.elf  |tee "ten.elf.size"
   text	   data	    bss	    dec	    hex	filename
   3450	    408	   2086	   5944	   1738	ten.elf
'Finished building: ten.elf.size'
' '
'Invoking: Xilinx ELF Check'
elfcheck ten.elf -hw ../../proc_hw_platform/system.xml -pe microblaze_0  |tee "ten.elf.elfcheck"
elfcheck
Xilinx EDK 14.7 Build EDK_P.20131013
Copyright (c) 1995-2012 Xilinx, Inc.  All rights reserved.

Command Line: elfcheck -hw ../../proc_hw_platform/system.xml -pe microblaze_0
ten.elf 

ELF file	: ten.elf
elfcheck passed.
'Finished building: ten.elf.elfcheck'
' '
13:13:59 **** Incremental Build of configuration Debug for project ten ****
make all 
make: Nothing to be done for `all'.
13:20:53 **** Auto Build of configuration Debug for project ten ****
make all 
'Building file: ../main.c'
'Invoking: MicroBlaze gcc compiler'
mb-gcc -Wall -O0 -g3 -c -fmessage-length=0 -I../../ten_bsp/microblaze_0/include -mlittle-endian -mxl-barrel-shift -mxl-pattern-compare -mno-xl-soft-div -mcpu=v8.50.c -mno-xl-soft-mul -mhard-float -mxl-float-convert -mxl-float-sqrt -Wl,--no-relax -ffunction-sections -fdata-sections -MMD -MP -MF"main.d" -MT"main.d" -o "main.o" "../main.c"
../main.c:1:20: warning: extra tokens at end of #include directive [enabled by default]
../main.c:2:19: warning: extra tokens at end of #include directive [enabled by default]
../main.c:3:25: warning: extra tokens at end of #include directive [enabled by default]
../main.c: In function 'main':
../main.c:13:11: error: invalid type argument of unary '*' (have 'int')
../main.c:9:44: warning: unused variable 'c3' [-Wunused-variable]
../main.c:9:36: warning: unused variable 'c2' [-Wunused-variable]
../main.c:9:28: warning: unused variable 'c1' [-Wunused-variable]
../main.c:9:20: warning: unused variable 'c0' [-Wunused-variable]
make: *** [main.o] Error 1
13:21:10 **** Auto Build of configuration Debug for project ten ****
make all 
'Building file: ../main.c'
'Invoking: MicroBlaze gcc compiler'
mb-gcc -Wall -O0 -g3 -c -fmessage-length=0 -I../../ten_bsp/microblaze_0/include -mlittle-endian -mxl-barrel-shift -mxl-pattern-compare -mno-xl-soft-div -mcpu=v8.50.c -mno-xl-soft-mul -mhard-float -mxl-float-convert -mxl-float-sqrt -Wl,--no-relax -ffunction-sections -fdata-sections -MMD -MP -MF"main.d" -MT"main.d" -o "main.o" "../main.c"
../main.c:1:20: warning: extra tokens at end of #include directive [enabled by default]
../main.c:2:19: warning: extra tokens at end of #include directive [enabled by default]
../main.c:3:25: warning: extra tokens at end of #include directive [enabled by default]
../main.c: In function 'main':
../main.c:13:12: error: invalid type argument of unary '*' (have 'int')
../main.c:9:44: warning: unused variable 'c3' [-Wunused-variable]
../main.c:9:36: warning: unused variable 'c2' [-Wunused-variable]
../main.c:9:28: warning: unused variable 'c1' [-Wunused-variable]
../main.c:9:20: warning: unused variable 'c0' [-Wunused-variable]
make: *** [main.o] Error 1
13:21:30 **** Auto Build of configuration Debug for project ten ****
make all 
'Building file: ../main.c'
'Invoking: MicroBlaze gcc compiler'
mb-gcc -Wall -O0 -g3 -c -fmessage-length=0 -I../../ten_bsp/microblaze_0/include -mlittle-endian -mxl-barrel-shift -mxl-pattern-compare -mno-xl-soft-div -mcpu=v8.50.c -mno-xl-soft-mul -mhard-float -mxl-float-convert -mxl-float-sqrt -Wl,--no-relax -ffunction-sections -fdata-sections -MMD -MP -MF"main.d" -MT"main.d" -o "main.o" "../main.c"
../main.c:1:20: warning: extra tokens at end of #include directive [enabled by default]
../main.c:2:19: warning: extra tokens at end of #include directive [enabled by default]
../main.c:3:25: warning: extra tokens at end of #include directive [enabled by default]
../main.c: In function 'main':
../main.c:13:12: error: invalid type argument of unary '*' (have 'int')
../main.c:9:44: warning: unused variable 'c3' [-Wunused-variable]
../main.c:9:36: warning: unused variable 'c2' [-Wunused-variable]
../main.c:9:28: warning: unused variable 'c1' [-Wunused-variable]
../main.c:9:20: warning: unused variable 'c0' [-Wunused-variable]
make: *** [main.o] Error 1
13:22:04 **** Auto Build of configuration Debug for project ten ****
make all 
'Building file: ../main.c'
'Invoking: MicroBlaze gcc compiler'
mb-gcc -Wall -O0 -g3 -c -fmessage-length=0 -I../../ten_bsp/microblaze_0/include -mlittle-endian -mxl-barrel-shift -mxl-pattern-compare -mno-xl-soft-div -mcpu=v8.50.c -mno-xl-soft-mul -mhard-float -mxl-float-convert -mxl-float-sqrt -Wl,--no-relax -ffunction-sections -fdata-sections -MMD -MP -MF"main.d" -MT"main.d" -o "main.o" "../main.c"
../main.c:1:20: warning: extra tokens at end of #include directive [enabled by default]
../main.c:2:19: warning: extra tokens at end of #include directive [enabled by default]
../main.c:3:25: warning: extra tokens at end of #include directive [enabled by default]
../main.c: In function 'main':
../main.c:13:16: error: invalid operands to binary & (have 'uint32_t *' and 'int')
../main.c:9:44: warning: unused variable 'c3' [-Wunused-variable]
../main.c:9:36: warning: unused variable 'c2' [-Wunused-variable]
../main.c:9:28: warning: unused variable 'c1' [-Wunused-variable]
../main.c:9:20: warning: unused variable 'c0' [-Wunused-variable]
make: *** [main.o] Error 1
13:22:15 **** Incremental Build of configuration Debug for project ten ****
make all 
'Building file: ../main.c'
'Invoking: MicroBlaze gcc compiler'
mb-gcc -Wall -O0 -g3 -c -fmessage-length=0 -I../../ten_bsp/microblaze_0/include -mlittle-endian -mxl-barrel-shift -mxl-pattern-compare -mno-xl-soft-div -mcpu=v8.50.c -mno-xl-soft-mul -mhard-float -mxl-float-convert -mxl-float-sqrt -Wl,--no-relax -ffunction-sections -fdata-sections -MMD -MP -MF"main.d" -MT"main.d" -o "main.o" "../main.c"
../main.c:1:20: warning: extra tokens at end of #include directive [enabled by default]
../main.c:2:19: warning: extra tokens at end of #include directive [enabled by default]
../main.c:3:25: warning: extra tokens at end of #include directive [enabled by default]
../main.c: In function 'main':
../main.c:13:16: error: invalid operands to binary & (have 'uint32_t *' and 'int')
../main.c:9:44: warning: unused variable 'c3' [-Wunused-variable]
../main.c:9:36: warning: unused variable 'c2' [-Wunused-variable]
../main.c:9:28: warning: unused variable 'c1' [-Wunused-variable]
../main.c:9:20: warning: unused variable 'c0' [-Wunused-variable]
make: *** [main.o] Error 1
13:22:24 **** Auto Build of configuration Debug for project ten ****
make all 
'Building file: ../main.c'
'Invoking: MicroBlaze gcc compiler'
mb-gcc -Wall -O0 -g3 -c -fmessage-length=0 -I../../ten_bsp/microblaze_0/include -mlittle-endian -mxl-barrel-shift -mxl-pattern-compare -mno-xl-soft-div -mcpu=v8.50.c -mno-xl-soft-mul -mhard-float -mxl-float-convert -mxl-float-sqrt -Wl,--no-relax -ffunction-sections -fdata-sections -MMD -MP -MF"main.d" -MT"main.d" -o "main.o" "../main.c"
../main.c:1:20: warning: extra tokens at end of #include directive [enabled by default]
../main.c:2:19: warning: extra tokens at end of #include directive [enabled by default]
../main.c:3:25: warning: extra tokens at end of #include directive [enabled by default]
../main.c: In function 'main':
../main.c:13:16: error: invalid operands to binary & (have 'volatile uint32_t *' and 'int')
../main.c:9:44: warning: unused variable 'c3' [-Wunused-variable]
../main.c:9:36: warning: unused variable 'c2' [-Wunused-variable]
../main.c:9:28: warning: unused variable 'c1' [-Wunused-variable]
../main.c:9:20: warning: unused variable 'c0' [-Wunused-variable]
make: *** [main.o] Error 1
13:22:33 **** Auto Build of configuration Debug for project ten ****
make all 
'Building file: ../main.c'
'Invoking: MicroBlaze gcc compiler'
mb-gcc -Wall -O0 -g3 -c -fmessage-length=0 -I../../ten_bsp/microblaze_0/include -mlittle-endian -mxl-barrel-shift -mxl-pattern-compare -mno-xl-soft-div -mcpu=v8.50.c -mno-xl-soft-mul -mhard-float -mxl-float-convert -mxl-float-sqrt -Wl,--no-relax -ffunction-sections -fdata-sections -MMD -MP -MF"main.d" -MT"main.d" -o "main.o" "../main.c"
../main.c:1:20: warning: extra tokens at end of #include directive [enabled by default]
../main.c:2:19: warning: extra tokens at end of #include directive [enabled by default]
../main.c:3:25: warning: extra tokens at end of #include directive [enabled by default]
../main.c: In function 'main':
../main.c:9:44: warning: unused variable 'c3' [-Wunused-variable]
../main.c:9:36: warning: unused variable 'c2' [-Wunused-variable]
../main.c:9:28: warning: unused variable 'c1' [-Wunused-variable]
../main.c:9:20: warning: unused variable 'c0' [-Wunused-variable]
'Finished building: ../main.c'
' '
'Building target: ten.elf'
'Invoking: MicroBlaze gcc linker'
mb-gcc -Wl,-T -Wl,../src/lscript.ld -L../../ten_bsp/microblaze_0/lib -mlittle-endian -mxl-barrel-shift -mxl-pattern-compare -mno-xl-soft-div -mcpu=v8.50.c -mno-xl-soft-mul -mhard-float -mxl-float-convert -mxl-float-sqrt -Wl,--no-relax -Wl,--gc-sections -o "ten.elf"  ./main.o   -Wl,--start-group,-lxil,-lgcc,-lc,--end-group
'Finished building target: ten.elf'
' '
'Invoking: MicroBlaze Print Size'
mb-size ten.elf  |tee "ten.elf.size"
   text	   data	    bss	    dec	    hex	filename
   3450	    408	   2086	   5944	   1738	ten.elf
'Finished building: ten.elf.size'
' '
'Invoking: Xilinx ELF Check'
elfcheck ten.elf -hw ../../proc_hw_platform/system.xml -pe microblaze_0  |tee "ten.elf.elfcheck"
elfcheck
Xilinx EDK 14.7 Build EDK_P.20131013
Copyright (c) 1995-2012 Xilinx, Inc.  All rights reserved.

Command Line: elfcheck -hw ../../proc_hw_platform/system.xml -pe microblaze_0
ten.elf 

ELF file	: ten.elf
elfcheck passed.
'Finished building: ten.elf.elfcheck'
' '
13:22:45 **** Auto Build of configuration Debug for project ten ****
make all 
'Building file: ../main.c'
'Invoking: MicroBlaze gcc compiler'
mb-gcc -Wall -O0 -g3 -c -fmessage-length=0 -I../../ten_bsp/microblaze_0/include -mlittle-endian -mxl-barrel-shift -mxl-pattern-compare -mno-xl-soft-div -mcpu=v8.50.c -mno-xl-soft-mul -mhard-float -mxl-float-convert -mxl-float-sqrt -Wl,--no-relax -ffunction-sections -fdata-sections -MMD -MP -MF"main.d" -MT"main.d" -o "main.o" "../main.c"
../main.c:1:20: warning: extra tokens at end of #include directive [enabled by default]
../main.c:2:19: warning: extra tokens at end of #include directive [enabled by default]
../main.c:3:25: warning: extra tokens at end of #include directive [enabled by default]
../main.c: In function 'main':
../main.c:9:44: warning: unused variable 'c3' [-Wunused-variable]
../main.c:9:36: warning: unused variable 'c2' [-Wunused-variable]
../main.c:9:28: warning: unused variable 'c1' [-Wunused-variable]
../main.c:9:20: warning: unused variable 'c0' [-Wunused-variable]
'Finished building: ../main.c'
' '
'Building target: ten.elf'
'Invoking: MicroBlaze gcc linker'
mb-gcc -Wl,-T -Wl,../src/lscript.ld -L../../ten_bsp/microblaze_0/lib -mlittle-endian -mxl-barrel-shift -mxl-pattern-compare -mno-xl-soft-div -mcpu=v8.50.c -mno-xl-soft-mul -mhard-float -mxl-float-convert -mxl-float-sqrt -Wl,--no-relax -Wl,--gc-sections -o "ten.elf"  ./main.o   -Wl,--start-group,-lxil,-lgcc,-lc,--end-group
'Finished building target: ten.elf'
' '
'Invoking: MicroBlaze Print Size'
mb-size ten.elf  |tee "ten.elf.size"
   text	   data	    bss	    dec	    hex	filename
   3450	    408	   2086	   5944	   1738	ten.elf
'Finished building: ten.elf.size'
' '
'Invoking: Xilinx ELF Check'
elfcheck ten.elf -hw ../../proc_hw_platform/system.xml -pe microblaze_0  |tee "ten.elf.elfcheck"
elfcheck
Xilinx EDK 14.7 Build EDK_P.20131013
Copyright (c) 1995-2012 Xilinx, Inc.  All rights reserved.

Command Line: elfcheck -hw ../../proc_hw_platform/system.xml -pe microblaze_0
ten.elf 

ELF file	: ten.elf
elfcheck passed.
'Finished building: ten.elf.elfcheck'
' '
13:22:52 **** Auto Build of configuration Debug for project ten ****
make all 
'Building file: ../main.c'
'Invoking: MicroBlaze gcc compiler'
mb-gcc -Wall -O0 -g3 -c -fmessage-length=0 -I../../ten_bsp/microblaze_0/include -mlittle-endian -mxl-barrel-shift -mxl-pattern-compare -mno-xl-soft-div -mcpu=v8.50.c -mno-xl-soft-mul -mhard-float -mxl-float-convert -mxl-float-sqrt -Wl,--no-relax -ffunction-sections -fdata-sections -MMD -MP -MF"main.d" -MT"main.d" -o "main.o" "../main.c"
../main.c:1:20: warning: extra tokens at end of #include directive [enabled by default]
../main.c:2:19: warning: extra tokens at end of #include directive [enabled by default]
../main.c:3:25: warning: extra tokens at end of #include directive [enabled by default]
'Finished building: ../main.c'
' '
'Building target: ten.elf'
'Invoking: MicroBlaze gcc linker'
mb-gcc -Wl,-T -Wl,../src/lscript.ld -L../../ten_bsp/microblaze_0/lib -mlittle-endian -mxl-barrel-shift -mxl-pattern-compare -mno-xl-soft-div -mcpu=v8.50.c -mno-xl-soft-mul -mhard-float -mxl-float-convert -mxl-float-sqrt -Wl,--no-relax -Wl,--gc-sections -o "ten.elf"  ./main.o   -Wl,--start-group,-lxil,-lgcc,-lc,--end-group
'Finished building target: ten.elf'
' '
'Invoking: MicroBlaze Print Size'
mb-size ten.elf  |tee "ten.elf.size"
   text	   data	    bss	    dec	    hex	filename
   3434	    408	   2086	   5928	   1728	ten.elf
'Finished building: ten.elf.size'
' '
'Invoking: Xilinx ELF Check'
elfcheck ten.elf -hw ../../proc_hw_platform/system.xml -pe microblaze_0  |tee "ten.elf.elfcheck"
elfcheck
Xilinx EDK 14.7 Build EDK_P.20131013
Copyright (c) 1995-2012 Xilinx, Inc.  All rights reserved.

Command Line: elfcheck -hw ../../proc_hw_platform/system.xml -pe microblaze_0
ten.elf 

ELF file	: ten.elf
elfcheck passed.
'Finished building: ten.elf.elfcheck'
' '
13:23:41 **** Auto Build of configuration Debug for project ten ****
make all 
'Building file: ../main.c'
'Invoking: MicroBlaze gcc compiler'
mb-gcc -Wall -O0 -g3 -c -fmessage-length=0 -I../../ten_bsp/microblaze_0/include -mlittle-endian -mxl-barrel-shift -mxl-pattern-compare -mno-xl-soft-div -mcpu=v8.50.c -mno-xl-soft-mul -mhard-float -mxl-float-convert -mxl-float-sqrt -Wl,--no-relax -ffunction-sections -fdata-sections -MMD -MP -MF"main.d" -MT"main.d" -o "main.o" "../main.c"
../main.c:1:20: warning: extra tokens at end of #include directive [enabled by default]
../main.c:2:19: warning: extra tokens at end of #include directive [enabled by default]
../main.c:3:25: warning: extra tokens at end of #include directive [enabled by default]
../main.c: In function 'main':
../main.c:13:11: error: lvalue required as unary '&' operand
make: *** [main.o] Error 1
13:24:02 **** Auto Build of configuration Debug for project ten ****
make all 
'Building file: ../main.c'
'Invoking: MicroBlaze gcc compiler'
mb-gcc -Wall -O0 -g3 -c -fmessage-length=0 -I../../ten_bsp/microblaze_0/include -mlittle-endian -mxl-barrel-shift -mxl-pattern-compare -mno-xl-soft-div -mcpu=v8.50.c -mno-xl-soft-mul -mhard-float -mxl-float-convert -mxl-float-sqrt -Wl,--no-relax -ffunction-sections -fdata-sections -MMD -MP -MF"main.d" -MT"main.d" -o "main.o" "../main.c"
../main.c:1:20: warning: extra tokens at end of #include directive [enabled by default]
../main.c:2:19: warning: extra tokens at end of #include directive [enabled by default]
../main.c:3:25: warning: extra tokens at end of #include directive [enabled by default]
../main.c: In function 'main':
../main.c:13:13: error: invalid type argument of unary '*' (have 'int')
make: *** [main.o] Error 1
13:24:10 **** Auto Build of configuration Debug for project ten ****
make all 
'Building file: ../main.c'
'Invoking: MicroBlaze gcc compiler'
mb-gcc -Wall -O0 -g3 -c -fmessage-length=0 -I../../ten_bsp/microblaze_0/include -mlittle-endian -mxl-barrel-shift -mxl-pattern-compare -mno-xl-soft-div -mcpu=v8.50.c -mno-xl-soft-mul -mhard-float -mxl-float-convert -mxl-float-sqrt -Wl,--no-relax -ffunction-sections -fdata-sections -MMD -MP -MF"main.d" -MT"main.d" -o "main.o" "../main.c"
../main.c:1:20: warning: extra tokens at end of #include directive [enabled by default]
../main.c:2:19: warning: extra tokens at end of #include directive [enabled by default]
../main.c:3:25: warning: extra tokens at end of #include directive [enabled by default]
../main.c: In function 'main':
../main.c:13:12: error: lvalue required as unary '&' operand
make: *** [main.o] Error 1
13:24:19 **** Auto Build of configuration Debug for project ten ****
make all 
'Building file: ../main.c'
'Invoking: MicroBlaze gcc compiler'
mb-gcc -Wall -O0 -g3 -c -fmessage-length=0 -I../../ten_bsp/microblaze_0/include -mlittle-endian -mxl-barrel-shift -mxl-pattern-compare -mno-xl-soft-div -mcpu=v8.50.c -mno-xl-soft-mul -mhard-float -mxl-float-convert -mxl-float-sqrt -Wl,--no-relax -ffunction-sections -fdata-sections -MMD -MP -MF"main.d" -MT"main.d" -o "main.o" "../main.c"
../main.c:1:20: warning: extra tokens at end of #include directive [enabled by default]
../main.c:2:19: warning: extra tokens at end of #include directive [enabled by default]
../main.c:3:25: warning: extra tokens at end of #include directive [enabled by default]
../main.c: In function 'main':
../main.c:13:12: error: invalid type argument of unary '*' (have 'int')
make: *** [main.o] Error 1
13:25:38 **** Auto Build of configuration Debug for project ten ****
make all 
'Building file: ../main.c'
'Invoking: MicroBlaze gcc compiler'
mb-gcc -Wall -O0 -g3 -c -fmessage-length=0 -I../../ten_bsp/microblaze_0/include -mlittle-endian -mxl-barrel-shift -mxl-pattern-compare -mno-xl-soft-div -mcpu=v8.50.c -mno-xl-soft-mul -mhard-float -mxl-float-convert -mxl-float-sqrt -Wl,--no-relax -ffunction-sections -fdata-sections -MMD -MP -MF"main.d" -MT"main.d" -o "main.o" "../main.c"
../main.c:1:20: warning: extra tokens at end of #include directive [enabled by default]
../main.c:2:19: warning: extra tokens at end of #include directive [enabled by default]
../main.c:3:25: warning: extra tokens at end of #include directive [enabled by default]
../main.c: In function 'main':
../main.c:13:12: error: invalid type argument of unary '*' (have 'int')
make: *** [main.o] Error 1
13:25:58 **** Auto Build of configuration Debug for project ten ****
make all 
'Building file: ../main.c'
'Invoking: MicroBlaze gcc compiler'
mb-gcc -Wall -O0 -g3 -c -fmessage-length=0 -I../../ten_bsp/microblaze_0/include -mlittle-endian -mxl-barrel-shift -mxl-pattern-compare -mno-xl-soft-div -mcpu=v8.50.c -mno-xl-soft-mul -mhard-float -mxl-float-convert -mxl-float-sqrt -Wl,--no-relax -ffunction-sections -fdata-sections -MMD -MP -MF"main.d" -MT"main.d" -o "main.o" "../main.c"
../main.c:1:20: warning: extra tokens at end of #include directive [enabled by default]
../main.c:2:19: warning: extra tokens at end of #include directive [enabled by default]
../main.c:3:25: warning: extra tokens at end of #include directive [enabled by default]
'Finished building: ../main.c'
' '
'Building target: ten.elf'
'Invoking: MicroBlaze gcc linker'
mb-gcc -Wl,-T -Wl,../src/lscript.ld -L../../ten_bsp/microblaze_0/lib -mlittle-endian -mxl-barrel-shift -mxl-pattern-compare -mno-xl-soft-div -mcpu=v8.50.c -mno-xl-soft-mul -mhard-float -mxl-float-convert -mxl-float-sqrt -Wl,--no-relax -Wl,--gc-sections -o "ten.elf"  ./main.o   -Wl,--start-group,-lxil,-lgcc,-lc,--end-group
'Finished building target: ten.elf'
' '
'Invoking: MicroBlaze Print Size'
mb-size ten.elf  |tee "ten.elf.size"
   text	   data	    bss	    dec	    hex	filename
   3434	    408	   2086	   5928	   1728	ten.elf
'Finished building: ten.elf.size'
' '
'Invoking: Xilinx ELF Check'
elfcheck ten.elf -hw ../../proc_hw_platform/system.xml -pe microblaze_0  |tee "ten.elf.elfcheck"
elfcheck
Xilinx EDK 14.7 Build EDK_P.20131013
Copyright (c) 1995-2012 Xilinx, Inc.  All rights reserved.

Command Line: elfcheck -hw ../../proc_hw_platform/system.xml -pe microblaze_0
ten.elf 

ELF file	: ten.elf
elfcheck passed.
'Finished building: ten.elf.elfcheck'
' '
13:26:11 **** Auto Build of configuration Debug for project ten ****
make all 
'Building file: ../main.c'
'Invoking: MicroBlaze gcc compiler'
mb-gcc -Wall -O0 -g3 -c -fmessage-length=0 -I../../ten_bsp/microblaze_0/include -mlittle-endian -mxl-barrel-shift -mxl-pattern-compare -mno-xl-soft-div -mcpu=v8.50.c -mno-xl-soft-mul -mhard-float -mxl-float-convert -mxl-float-sqrt -Wl,--no-relax -ffunction-sections -fdata-sections -MMD -MP -MF"main.d" -MT"main.d" -o "main.o" "../main.c"
../main.c:1:20: warning: extra tokens at end of #include directive [enabled by default]
../main.c:2:19: warning: extra tokens at end of #include directive [enabled by default]
../main.c:3:25: warning: extra tokens at end of #include directive [enabled by default]
'Finished building: ../main.c'
' '
'Building target: ten.elf'
'Invoking: MicroBlaze gcc linker'
mb-gcc -Wl,-T -Wl,../src/lscript.ld -L../../ten_bsp/microblaze_0/lib -mlittle-endian -mxl-barrel-shift -mxl-pattern-compare -mno-xl-soft-div -mcpu=v8.50.c -mno-xl-soft-mul -mhard-float -mxl-float-convert -mxl-float-sqrt -Wl,--no-relax -Wl,--gc-sections -o "ten.elf"  ./main.o   -Wl,--start-group,-lxil,-lgcc,-lc,--end-group
'Finished building target: ten.elf'
' '
'Invoking: MicroBlaze Print Size'
mb-size ten.elf  |tee "ten.elf.size"
   text	   data	    bss	    dec	    hex	filename
   3434	    408	   2086	   5928	   1728	ten.elf
'Finished building: ten.elf.size'
' '
'Invoking: Xilinx ELF Check'
elfcheck ten.elf -hw ../../proc_hw_platform/system.xml -pe microblaze_0  |tee "ten.elf.elfcheck"
elfcheck
Xilinx EDK 14.7 Build EDK_P.20131013
Copyright (c) 1995-2012 Xilinx, Inc.  All rights reserved.

Command Line: elfcheck -hw ../../proc_hw_platform/system.xml -pe microblaze_0
ten.elf 

ELF file	: ten.elf
elfcheck passed.
'Finished building: ten.elf.elfcheck'
' '
13:26:42 **** Incremental Build of configuration Debug for project ten ****
make all 
make: Nothing to be done for `all'.
13:36:07 **** Auto Build of configuration Debug for project ten ****
make all 
'Building file: ../main.c'
'Invoking: MicroBlaze gcc compiler'
mb-gcc -Wall -O0 -g3 -c -fmessage-length=0 -I../../ten_bsp/microblaze_0/include -mlittle-endian -mxl-barrel-shift -mxl-pattern-compare -mno-xl-soft-div -mcpu=v8.50.c -mno-xl-soft-mul -mhard-float -mxl-float-convert -mxl-float-sqrt -Wl,--no-relax -ffunction-sections -fdata-sections -MMD -MP -MF"main.d" -MT"main.d" -o "main.o" "../main.c"
../main.c:1:20: warning: extra tokens at end of #include directive [enabled by default]
../main.c:2:19: warning: extra tokens at end of #include directive [enabled by default]
../main.c:3:25: warning: extra tokens at end of #include directive [enabled by default]
../main.c: In function 'main':
../main.c:16:3: error: expected ';' before 'temp'
make: *** [main.o] Error 1
13:36:17 **** Auto Build of configuration Debug for project ten ****
make all 
'Building file: ../main.c'
'Invoking: MicroBlaze gcc compiler'
mb-gcc -Wall -O0 -g3 -c -fmessage-length=0 -I../../ten_bsp/microblaze_0/include -mlittle-endian -mxl-barrel-shift -mxl-pattern-compare -mno-xl-soft-div -mcpu=v8.50.c -mno-xl-soft-mul -mhard-float -mxl-float-convert -mxl-float-sqrt -Wl,--no-relax -ffunction-sections -fdata-sections -MMD -MP -MF"main.d" -MT"main.d" -o "main.o" "../main.c"
../main.c:1:20: warning: extra tokens at end of #include directive [enabled by default]
../main.c:2:19: warning: extra tokens at end of #include directive [enabled by default]
../main.c:3:25: warning: extra tokens at end of #include directive [enabled by default]
'Finished building: ../main.c'
' '
'Building target: ten.elf'
'Invoking: MicroBlaze gcc linker'
mb-gcc -Wl,-T -Wl,../src/lscript.ld -L../../ten_bsp/microblaze_0/lib -mlittle-endian -mxl-barrel-shift -mxl-pattern-compare -mno-xl-soft-div -mcpu=v8.50.c -mno-xl-soft-mul -mhard-float -mxl-float-convert -mxl-float-sqrt -Wl,--no-relax -Wl,--gc-sections -o "ten.elf"  ./main.o   -Wl,--start-group,-lxil,-lgcc,-lc,--end-group
'Finished building target: ten.elf'
' '
'Invoking: MicroBlaze Print Size'
mb-size ten.elf  |tee "ten.elf.size"
   text	   data	    bss	    dec	    hex	filename
   3478	    408	   2080	   5966	   174e	ten.elf
'Finished building: ten.elf.size'
' '
'Invoking: Xilinx ELF Check'
elfcheck ten.elf -hw ../../proc_hw_platform/system.xml -pe microblaze_0  |tee "ten.elf.elfcheck"
elfcheck
Xilinx EDK 14.7 Build EDK_P.20131013
Copyright (c) 1995-2012 Xilinx, Inc.  All rights reserved.

Command Line: elfcheck -hw ../../proc_hw_platform/system.xml -pe microblaze_0
ten.elf 

ELF file	: ten.elf
elfcheck passed.
'Finished building: ten.elf.elfcheck'
' '
13:38:31 **** Incremental Build of configuration Debug for project ten ****
make all 
make: Nothing to be done for `all'.
13:39:15 **** Incremental Build of configuration Debug for project ten ****
make all 
make: Nothing to be done for `all'.
15:44:40 **** Auto Build of project ten_bsp ****
make -k all 
'Finished building libraries'
12:57:15 **** Build of project ten_bsp ****
make -k all 
libgen -hw ../proc_hw_platform/system.xml\
	       \
	       -pe microblaze_0 \
	       -log libgen.log \
	       system.mss
libgen
Xilinx EDK 14.7 Build EDK_P.20131013
Copyright (c) 1995-2012 Xilinx, Inc.  All rights reserved.

Command Line: libgen -hw ../proc_hw_platform/system.xml -pe microblaze_0 -log
libgen.log system.mss 

ERROR:EDK:410 - generic -
   C:\Work\XILINX\Projects\New_25\proc\SDK_10\ten_bsp\system.mss line 69 - No IP
   instance named mike_ip_0 is present in the hardware!
ERROR:EDK:1206 - Errors occured while parsing MSS file.
make: *** [microblaze_0/lib/libxil.a] Error 2
make: Target `all' not remade because of errors.
12:57:17 **** Build of configuration Debug for project ten ****
make all 
make: Nothing to be done for `all'.
10:52:25 **** Auto Build of configuration Debug for project ten ****
make all 
make: Nothing to be done for `all'.
12:31:47 **** Auto Build of project ten_bsp ****
make -k all 
'Finished building libraries'
12:31:48 **** Auto Build of configuration Debug for project ten ****
make all 
make: Nothing to be done for `all'.
