08:15:57 **** Build of project mcb_system_bsp ****
make -k all 
libgen -hw ../proc_hw_platform/system.xml\
	       \
	       -pe microblaze_0 \
	       -log libgen.log \
	       system.mss
libgen
Xilinx EDK 14.7 Build EDK_P.20131013
Copyright (c) 1995-2012 Xilinx, Inc.  All rights reserved.

Command Line: libgen -hw ../proc_hw_platform/system.xml -pe microblaze_0 -log
libgen.log system.mss 


Staging source files.
Running DRCs.
Running generate.
Running post_generate.
Running include - 'make -s include "COMPILER=mb-gcc" "ARCHIVER=mb-ar"
"COMPILER_FLAGS=-mlittle-endian -mno-xl-soft-mul -mxl-barrel-shift
-mxl-pattern-compare -mhard-float -mxl-float-convert -mxl-float-sqrt
-mno-xl-soft-div -mcpu=v8.50.c  -O2 -c" "EXTRA_COMPILER_FLAGS=-g
-ffunction-sections -fdata-sections"'.

Running libs - 'make -s libs "COMPILER=mb-gcc" "ARCHIVER=mb-ar"
"COMPILER_FLAGS=-mlittle-endian -mno-xl-soft-mul -mxl-barrel-shift
-mxl-pattern-compare -mhard-float -mxl-float-convert -mxl-float-sqrt
-mno-xl-soft-div -mcpu=v8.50.c  -O2 -c" "EXTRA_COMPILER_FLAGS=-g
-ffunction-sections -fdata-sections"'.
"Compiling common"
"Compiling standalone";
"Compiling tmrctr"
"Compiling gpio"
"Compiling iic"
"Compiling intc"
"Compiling spi"
"Compiling uartns550"
"Compiling uartlite"
"Compiling bram"
"Compiling cpu"
Running execs_generate.
'Finished building libraries'
08:16:10 **** Build of configuration Debug for project mcb_system ****
make all 
'Building file: ../src/helloworld.c'
'Invoking: MicroBlaze gcc compiler'
mb-gcc -Wall -O0 -g3 -c -fmessage-length=0 -I../../mcb_system_bsp/microblaze_0/include -mlittle-endian -mxl-barrel-shift -mxl-pattern-compare -mno-xl-soft-div -mcpu=v8.50.c -mno-xl-soft-mul -mhard-float -mxl-float-convert -mxl-float-sqrt -Wl,--no-relax -ffunction-sections -fdata-sections -MMD -MP -MF"src/helloworld.d" -MT"src/helloworld.d" -o "src/helloworld.o" "../src/helloworld.c"
'Finished building: ../src/helloworld.c'
' '
'Building file: ../src/platform.c'
'Invoking: MicroBlaze gcc compiler'
mb-gcc -Wall -O0 -g3 -c -fmessage-length=0 -I../../mcb_system_bsp/microblaze_0/include -mlittle-endian -mxl-barrel-shift -mxl-pattern-compare -mno-xl-soft-div -mcpu=v8.50.c -mno-xl-soft-mul -mhard-float -mxl-float-convert -mxl-float-sqrt -Wl,--no-relax -ffunction-sections -fdata-sections -MMD -MP -MF"src/platform.d" -MT"src/platform.d" -o "src/platform.o" "../src/platform.c"
'Finished building: ../src/platform.c'
' '
'Building target: mcb_system.elf'
'Invoking: MicroBlaze gcc linker'
mb-gcc -Wl,-T -Wl,../src/lscript.ld -L../../mcb_system_bsp/microblaze_0/lib -mlittle-endian -mxl-barrel-shift -mxl-pattern-compare -mno-xl-soft-div -mcpu=v8.50.c -mno-xl-soft-mul -mhard-float -mxl-float-convert -mxl-float-sqrt -Wl,--no-relax -Wl,--gc-sections -o "mcb_system.elf"  ./src/helloworld.o ./src/platform.o   -Wl,--start-group,-lxil,-lgcc,-lc,--end-group
'Finished building target: mcb_system.elf'
' '
'Invoking: MicroBlaze Print Size'
mb-size mcb_system.elf  |tee "mcb_system.elf.size"
   text	   data	    bss	    dec	    hex	filename
   3702	    432	   2080	   6214	   1846	mcb_system.elf
'Finished building: mcb_system.elf.size'
' '
'Invoking: Xilinx ELF Check'
elfcheck mcb_system.elf -hw ../../proc_hw_platform/system.xml -pe microblaze_0  |tee "mcb_system.elf.elfcheck"
elfcheck
Xilinx EDK 14.7 Build EDK_P.20131013
Copyright (c) 1995-2012 Xilinx, Inc.  All rights reserved.

Command Line: elfcheck -hw ../../proc_hw_platform/system.xml -pe microblaze_0
mcb_system.elf 

ELF file	: mcb_system.elf
elfcheck passed.
'Finished building: mcb_system.elf.elfcheck'
' '
08:19:11 **** Clean-only build of configuration Debug for project mcb_system ****
make clean 
rm -rf  ./src/helloworld.o ./src/platform.o  ./src/helloworld.d ./src/platform.d  mcb_system.elf.size  mcb_system.elf.elfcheck  mcb_system.elf
' '
08:19:12 **** Auto Build of configuration Debug for project mcb_system ****
make all 
'Building file: ../src/main.c'
'Invoking: MicroBlaze gcc compiler'
mb-gcc -Wall -O0 -g3 -c -fmessage-length=0 -I../../mcb_system_bsp/microblaze_0/include -mlittle-endian -mxl-barrel-shift -mxl-pattern-compare -mno-xl-soft-div -mcpu=v8.50.c -mno-xl-soft-mul -mhard-float -mxl-float-convert -mxl-float-sqrt -Wl,--no-relax -ffunction-sections -fdata-sections -MMD -MP -MF"src/main.d" -MT"src/main.d" -o "src/main.o" "../src/main.c"
'Finished building: ../src/main.c'
' '
'Building file: ../src/platform.c'
'Invoking: MicroBlaze gcc compiler'
mb-gcc -Wall -O0 -g3 -c -fmessage-length=0 -I../../mcb_system_bsp/microblaze_0/include -mlittle-endian -mxl-barrel-shift -mxl-pattern-compare -mno-xl-soft-div -mcpu=v8.50.c -mno-xl-soft-mul -mhard-float -mxl-float-convert -mxl-float-sqrt -Wl,--no-relax -ffunction-sections -fdata-sections -MMD -MP -MF"src/platform.d" -MT"src/platform.d" -o "src/platform.o" "../src/platform.c"
'Finished building: ../src/platform.c'
' '
'Building target: mcb_system.elf'
'Invoking: MicroBlaze gcc linker'
mb-gcc -Wl,-T -Wl,../src/lscript.ld -L../../mcb_system_bsp/microblaze_0/lib -mlittle-endian -mxl-barrel-shift -mxl-pattern-compare -mno-xl-soft-div -mcpu=v8.50.c -mno-xl-soft-mul -mhard-float -mxl-float-convert -mxl-float-sqrt -Wl,--no-relax -Wl,--gc-sections -o "mcb_system.elf"  ./src/main.o ./src/platform.o   -Wl,--start-group,-lxil,-lgcc,-lc,--end-group
'Finished building target: mcb_system.elf'
' '
'Invoking: MicroBlaze Print Size'
mb-size mcb_system.elf  |tee "mcb_system.elf.size"
   text	   data	    bss	    dec	    hex	filename
   3702	    432	   2080	   6214	   1846	mcb_system.elf
'Finished building: mcb_system.elf.size'
' '
'Invoking: Xilinx ELF Check'
elfcheck mcb_system.elf -hw ../../proc_hw_platform/system.xml -pe microblaze_0  |tee "mcb_system.elf.elfcheck"
elfcheck
Xilinx EDK 14.7 Build EDK_P.20131013
Copyright (c) 1995-2012 Xilinx, Inc.  All rights reserved.

Command Line: elfcheck -hw ../../proc_hw_platform/system.xml -pe microblaze_0
mcb_system.elf 

ELF file	: mcb_system.elf
elfcheck passed.
'Finished building: mcb_system.elf.elfcheck'
' '
08:19:50 **** Incremental Build of configuration Debug for project mcb_system ****
make all 
make: Nothing to be done for `all'.
08:20:44 **** Incremental Build of configuration Debug for project mcb_system ****
make all 
make: Nothing to be done for `all'.
08:27:46 **** Auto Build of configuration Debug for project mcb_system ****
make all 
'Building file: ../src/main.c'
'Invoking: MicroBlaze gcc compiler'
mb-gcc -Wall -O0 -g3 -c -fmessage-length=0 -I../../mcb_system_bsp/microblaze_0/include -mlittle-endian -mxl-barrel-shift -mxl-pattern-compare -mno-xl-soft-div -mcpu=v8.50.c -mno-xl-soft-mul -mhard-float -mxl-float-convert -mxl-float-sqrt -Wl,--no-relax -ffunction-sections -fdata-sections -MMD -MP -MF"src/main.d" -MT"src/main.d" -o "src/main.o" "../src/main.c"
../src/main.c:13:22: fatal error: FreeRTOS.h: No such file or directory
compilation terminated.
make: *** [src/main.o] Error 1
08:33:31 **** Clean-only build of configuration Debug for project mcb_system ****
make clean 
rm -rf  ./src/main.o ./src/platform.o  ./src/main.d ./src/platform.d  mcb_system.elf.size  mcb_system.elf.elfcheck  mcb_system.elf
' '
08:33:32 **** Auto Build of configuration Debug for project mcb_system ****
make all 
'Building file: ../src/mrte/io-mrte.c'
'Invoking: MicroBlaze gcc compiler'
mb-gcc -Wall -O0 -g3 -I../../mcb_system_bsp/microblaze_0/include -I"C:\Work\XILINX\Projects\New_25\system\mcb_system\src" -I"C:\Work\XILINX\Projects\New_25\system\mcb_system\src\can" -I"C:\Work\XILINX\Projects\New_25\system\mcb_system\src\FreeRTOS" -I"C:\Work\XILINX\Projects\New_25\system\mcb_system\src\mrte" -c -fmessage-length=0 -mlittle-endian -mxl-barrel-shift -mxl-pattern-compare -mno-xl-soft-div -mcpu=v8.50.c -mno-xl-soft-mul -mhard-float -mxl-float-convert -mxl-float-sqrt -Wl,--no-relax -ffunction-sections -fdata-sections -MMD -MP -MF"src/mrte/io-mrte.d" -MT"src/mrte/io-mrte.d" -o "src/mrte/io-mrte.o" "../src/mrte/io-mrte.c"
../src/mrte/io-mrte.c: In function 'mrte_transmit':
../src/mrte/io-mrte.c:518:24: warning: 'p_mrte_buff' is used uninitialized in this function [-Wuninitialized]
../src/mrte/io-mrte.c:519:15: warning: 'pmega' is used uninitialized in this function [-Wuninitialized]
'Finished building: ../src/mrte/io-mrte.c'
' '
'Building file: ../src/can/can_config.c'
'Invoking: MicroBlaze gcc compiler'
mb-gcc -Wall -O0 -g3 -I../../mcb_system_bsp/microblaze_0/include -I"C:\Work\XILINX\Projects\New_25\system\mcb_system\src" -I"C:\Work\XILINX\Projects\New_25\system\mcb_system\src\can" -I"C:\Work\XILINX\Projects\New_25\system\mcb_system\src\FreeRTOS" -I"C:\Work\XILINX\Projects\New_25\system\mcb_system\src\mrte" -c -fmessage-length=0 -mlittle-endian -mxl-barrel-shift -mxl-pattern-compare -mno-xl-soft-div -mcpu=v8.50.c -mno-xl-soft-mul -mhard-float -mxl-float-convert -mxl-float-sqrt -Wl,--no-relax -ffunction-sections -fdata-sections -MMD -MP -MF"src/can/can_config.d" -MT"src/can/can_config.d" -o "src/can/can_config.o" "../src/can/can_config.c"
'Finished building: ../src/can/can_config.c'
' '
'Building file: ../src/can/can_freertos.c'
'Invoking: MicroBlaze gcc compiler'
mb-gcc -Wall -O0 -g3 -I../../mcb_system_bsp/microblaze_0/include -I"C:\Work\XILINX\Projects\New_25\system\mcb_system\src" -I"C:\Work\XILINX\Projects\New_25\system\mcb_system\src\can" -I"C:\Work\XILINX\Projects\New_25\system\mcb_system\src\FreeRTOS" -I"C:\Work\XILINX\Projects\New_25\system\mcb_system\src\mrte" -c -fmessage-length=0 -mlittle-endian -mxl-barrel-shift -mxl-pattern-compare -mno-xl-soft-div -mcpu=v8.50.c -mno-xl-soft-mul -mhard-float -mxl-float-convert -mxl-float-sqrt -Wl,--no-relax -ffunction-sections -fdata-sections -MMD -MP -MF"src/can/can_freertos.d" -MT"src/can/can_freertos.d" -o "src/can/can_freertos.o" "../src/can/can_freertos.c"
'Finished building: ../src/can/can_freertos.c'
' '
'Building file: ../src/can/can_opc.c'
'Invoking: MicroBlaze gcc compiler'
mb-gcc -Wall -O0 -g3 -I../../mcb_system_bsp/microblaze_0/include -I"C:\Work\XILINX\Projects\New_25\system\mcb_system\src" -I"C:\Work\XILINX\Projects\New_25\system\mcb_system\src\can" -I"C:\Work\XILINX\Projects\New_25\system\mcb_system\src\FreeRTOS" -I"C:\Work\XILINX\Projects\New_25\system\mcb_system\src\mrte" -c -fmessage-length=0 -mlittle-endian -mxl-barrel-shift -mxl-pattern-compare -mno-xl-soft-div -mcpu=v8.50.c -mno-xl-soft-mul -mhard-float -mxl-float-convert -mxl-float-sqrt -Wl,--no-relax -ffunction-sections -fdata-sections -MMD -MP -MF"src/can/can_opc.d" -MT"src/can/can_opc.d" -o "src/can/can_opc.o" "../src/can/can_opc.c"
../src/can/can_opc.c: In function 'can_init_hw':
../src/can/can_opc.c:124:2: warning: passing argument 1 of 'set_baud_rate_prescalers' discards 'const' qualifier from pointer target type [enabled by default]
../src/can/can_opc.c:68:6: note: expected 'struct can_baud_config_type *' but argument is of type 'const struct can_baud_config_type *'
'Finished building: ../src/can/can_opc.c'
' '
'Building file: ../src/FreeRTOS/FreeRTOS_mb_hooks.c'
'Invoking: MicroBlaze gcc compiler'
mb-gcc -Wall -O0 -g3 -I../../mcb_system_bsp/microblaze_0/include -I"C:\Work\XILINX\Projects\New_25\system\mcb_system\src" -I"C:\Work\XILINX\Projects\New_25\system\mcb_system\src\can" -I"C:\Work\XILINX\Projects\New_25\system\mcb_system\src\FreeRTOS" -I"C:\Work\XILINX\Projects\New_25\system\mcb_system\src\mrte" -c -fmessage-length=0 -mlittle-endian -mxl-barrel-shift -mxl-pattern-compare -mno-xl-soft-div -mcpu=v8.50.c -mno-xl-soft-mul -mhard-float -mxl-float-convert -mxl-float-sqrt -Wl,--no-relax -ffunction-sections -fdata-sections -MMD -MP -MF"src/FreeRTOS/FreeRTOS_mb_hooks.d" -MT"src/FreeRTOS/FreeRTOS_mb_hooks.d" -o "src/FreeRTOS/FreeRTOS_mb_hooks.o" "../src/FreeRTOS/FreeRTOS_mb_hooks.c"
'Finished building: ../src/FreeRTOS/FreeRTOS_mb_hooks.c'
' '
'Building file: ../src/FreeRTOS/croutine.c'
'Invoking: MicroBlaze gcc compiler'
mb-gcc -Wall -O0 -g3 -I../../mcb_system_bsp/microblaze_0/include -I"C:\Work\XILINX\Projects\New_25\system\mcb_system\src" -I"C:\Work\XILINX\Projects\New_25\system\mcb_system\src\can" -I"C:\Work\XILINX\Projects\New_25\system\mcb_system\src\FreeRTOS" -I"C:\Work\XILINX\Projects\New_25\system\mcb_system\src\mrte" -c -fmessage-length=0 -mlittle-endian -mxl-barrel-shift -mxl-pattern-compare -mno-xl-soft-div -mcpu=v8.50.c -mno-xl-soft-mul -mhard-float -mxl-float-convert -mxl-float-sqrt -Wl,--no-relax -ffunction-sections -fdata-sections -MMD -MP -MF"src/FreeRTOS/croutine.d" -MT"src/FreeRTOS/croutine.d" -o "src/FreeRTOS/croutine.o" "../src/FreeRTOS/croutine.c"
'Finished building: ../src/FreeRTOS/croutine.c'
' '
'Building file: ../src/FreeRTOS/event_groups.c'
'Invoking: MicroBlaze gcc compiler'
mb-gcc -Wall -O0 -g3 -I../../mcb_system_bsp/microblaze_0/include -I"C:\Work\XILINX\Projects\New_25\system\mcb_system\src" -I"C:\Work\XILINX\Projects\New_25\system\mcb_system\src\can" -I"C:\Work\XILINX\Projects\New_25\system\mcb_system\src\FreeRTOS" -I"C:\Work\XILINX\Projects\New_25\system\mcb_system\src\mrte" -c -fmessage-length=0 -mlittle-endian -mxl-barrel-shift -mxl-pattern-compare -mno-xl-soft-div -mcpu=v8.50.c -mno-xl-soft-mul -mhard-float -mxl-float-convert -mxl-float-sqrt -Wl,--no-relax -ffunction-sections -fdata-sections -MMD -MP -MF"src/FreeRTOS/event_groups.d" -MT"src/FreeRTOS/event_groups.d" -o "src/FreeRTOS/event_groups.o" "../src/FreeRTOS/event_groups.c"
'Finished building: ../src/FreeRTOS/event_groups.c'
' '
'Building file: ../src/FreeRTOS/heap_1.c'
'Invoking: MicroBlaze gcc compiler'
mb-gcc -Wall -O0 -g3 -I../../mcb_system_bsp/microblaze_0/include -I"C:\Work\XILINX\Projects\New_25\system\mcb_system\src" -I"C:\Work\XILINX\Projects\New_25\system\mcb_system\src\can" -I"C:\Work\XILINX\Projects\New_25\system\mcb_system\src\FreeRTOS" -I"C:\Work\XILINX\Projects\New_25\system\mcb_system\src\mrte" -c -fmessage-length=0 -mlittle-endian -mxl-barrel-shift -mxl-pattern-compare -mno-xl-soft-div -mcpu=v8.50.c -mno-xl-soft-mul -mhard-float -mxl-float-convert -mxl-float-sqrt -Wl,--no-relax -ffunction-sections -fdata-sections -MMD -MP -MF"src/FreeRTOS/heap_1.d" -MT"src/FreeRTOS/heap_1.d" -o "src/FreeRTOS/heap_1.o" "../src/FreeRTOS/heap_1.c"
'Finished building: ../src/FreeRTOS/heap_1.c'
' '
'Building file: ../src/FreeRTOS/list.c'
'Invoking: MicroBlaze gcc compiler'
mb-gcc -Wall -O0 -g3 -I../../mcb_system_bsp/microblaze_0/include -I"C:\Work\XILINX\Projects\New_25\system\mcb_system\src" -I"C:\Work\XILINX\Projects\New_25\system\mcb_system\src\can" -I"C:\Work\XILINX\Projects\New_25\system\mcb_system\src\FreeRTOS" -I"C:\Work\XILINX\Projects\New_25\system\mcb_system\src\mrte" -c -fmessage-length=0 -mlittle-endian -mxl-barrel-shift -mxl-pattern-compare -mno-xl-soft-div -mcpu=v8.50.c -mno-xl-soft-mul -mhard-float -mxl-float-convert -mxl-float-sqrt -Wl,--no-relax -ffunction-sections -fdata-sections -MMD -MP -MF"src/FreeRTOS/list.d" -MT"src/FreeRTOS/list.d" -o "src/FreeRTOS/list.o" "../src/FreeRTOS/list.c"
'Finished building: ../src/FreeRTOS/list.c'
' '
'Building file: ../src/FreeRTOS/port.c'
'Invoking: MicroBlaze gcc compiler'
mb-gcc -Wall -O0 -g3 -I../../mcb_system_bsp/microblaze_0/include -I"C:\Work\XILINX\Projects\New_25\system\mcb_system\src" -I"C:\Work\XILINX\Projects\New_25\system\mcb_system\src\can" -I"C:\Work\XILINX\Projects\New_25\system\mcb_system\src\FreeRTOS" -I"C:\Work\XILINX\Projects\New_25\system\mcb_system\src\mrte" -c -fmessage-length=0 -mlittle-endian -mxl-barrel-shift -mxl-pattern-compare -mno-xl-soft-div -mcpu=v8.50.c -mno-xl-soft-mul -mhard-float -mxl-float-convert -mxl-float-sqrt -Wl,--no-relax -ffunction-sections -fdata-sections -MMD -MP -MF"src/FreeRTOS/port.d" -MT"src/FreeRTOS/port.d" -o "src/FreeRTOS/port.o" "../src/FreeRTOS/port.c"
'Finished building: ../src/FreeRTOS/port.c'
' '
'Building file: ../src/FreeRTOS/port_exceptions.c'
'Invoking: MicroBlaze gcc compiler'
mb-gcc -Wall -O0 -g3 -I../../mcb_system_bsp/microblaze_0/include -I"C:\Work\XILINX\Projects\New_25\system\mcb_system\src" -I"C:\Work\XILINX\Projects\New_25\system\mcb_system\src\can" -I"C:\Work\XILINX\Projects\New_25\system\mcb_system\src\FreeRTOS" -I"C:\Work\XILINX\Projects\New_25\system\mcb_system\src\mrte" -c -fmessage-length=0 -mlittle-endian -mxl-barrel-shift -mxl-pattern-compare -mno-xl-soft-div -mcpu=v8.50.c -mno-xl-soft-mul -mhard-float -mxl-float-convert -mxl-float-sqrt -Wl,--no-relax -ffunction-sections -fdata-sections -MMD -MP -MF"src/FreeRTOS/port_exceptions.d" -MT"src/FreeRTOS/port_exceptions.d" -o "src/FreeRTOS/port_exceptions.o" "../src/FreeRTOS/port_exceptions.c"
'Finished building: ../src/FreeRTOS/port_exceptions.c'
' '
'Building file: ../src/FreeRTOS/portasm.S'
'Invoking: MicroBlaze gcc compiler'
mb-gcc -Wall -O0 -g3 -I../../mcb_system_bsp/microblaze_0/include -I"C:\Work\XILINX\Projects\New_25\system\mcb_system\src" -I"C:\Work\XILINX\Projects\New_25\system\mcb_system\src\can" -I"C:\Work\XILINX\Projects\New_25\system\mcb_system\src\FreeRTOS" -I"C:\Work\XILINX\Projects\New_25\system\mcb_system\src\mrte" -c -fmessage-length=0 -mlittle-endian -mxl-barrel-shift -mxl-pattern-compare -mno-xl-soft-div -mcpu=v8.50.c -mno-xl-soft-mul -mhard-float -mxl-float-convert -mxl-float-sqrt -Wl,--no-relax -ffunction-sections -fdata-sections -MMD -MP -MF"src/FreeRTOS/portasm.d" -MT"src/FreeRTOS/portasm.d" -o "src/FreeRTOS/portasm.o" "../src/FreeRTOS/portasm.S"
'Finished building: ../src/FreeRTOS/portasm.S'
' '
'Building file: ../src/FreeRTOS/queue.c'
'Invoking: MicroBlaze gcc compiler'
mb-gcc -Wall -O0 -g3 -I../../mcb_system_bsp/microblaze_0/include -I"C:\Work\XILINX\Projects\New_25\system\mcb_system\src" -I"C:\Work\XILINX\Projects\New_25\system\mcb_system\src\can" -I"C:\Work\XILINX\Projects\New_25\system\mcb_system\src\FreeRTOS" -I"C:\Work\XILINX\Projects\New_25\system\mcb_system\src\mrte" -c -fmessage-length=0 -mlittle-endian -mxl-barrel-shift -mxl-pattern-compare -mno-xl-soft-div -mcpu=v8.50.c -mno-xl-soft-mul -mhard-float -mxl-float-convert -mxl-float-sqrt -Wl,--no-relax -ffunction-sections -fdata-sections -MMD -MP -MF"src/FreeRTOS/queue.d" -MT"src/FreeRTOS/queue.d" -o "src/FreeRTOS/queue.o" "../src/FreeRTOS/queue.c"
'Finished building: ../src/FreeRTOS/queue.c'
' '
'Building file: ../src/FreeRTOS/stream_buffer.c'
'Invoking: MicroBlaze gcc compiler'
mb-gcc -Wall -O0 -g3 -I../../mcb_system_bsp/microblaze_0/include -I"C:\Work\XILINX\Projects\New_25\system\mcb_system\src" -I"C:\Work\XILINX\Projects\New_25\system\mcb_system\src\can" -I"C:\Work\XILINX\Projects\New_25\system\mcb_system\src\FreeRTOS" -I"C:\Work\XILINX\Projects\New_25\system\mcb_system\src\mrte" -c -fmessage-length=0 -mlittle-endian -mxl-barrel-shift -mxl-pattern-compare -mno-xl-soft-div -mcpu=v8.50.c -mno-xl-soft-mul -mhard-float -mxl-float-convert -mxl-float-sqrt -Wl,--no-relax -ffunction-sections -fdata-sections -MMD -MP -MF"src/FreeRTOS/stream_buffer.d" -MT"src/FreeRTOS/stream_buffer.d" -o "src/FreeRTOS/stream_buffer.o" "../src/FreeRTOS/stream_buffer.c"
'Finished building: ../src/FreeRTOS/stream_buffer.c'
' '
'Building file: ../src/FreeRTOS/tasks.c'
'Invoking: MicroBlaze gcc compiler'
mb-gcc -Wall -O0 -g3 -I../../mcb_system_bsp/microblaze_0/include -I"C:\Work\XILINX\Projects\New_25\system\mcb_system\src" -I"C:\Work\XILINX\Projects\New_25\system\mcb_system\src\can" -I"C:\Work\XILINX\Projects\New_25\system\mcb_system\src\FreeRTOS" -I"C:\Work\XILINX\Projects\New_25\system\mcb_system\src\mrte" -c -fmessage-length=0 -mlittle-endian -mxl-barrel-shift -mxl-pattern-compare -mno-xl-soft-div -mcpu=v8.50.c -mno-xl-soft-mul -mhard-float -mxl-float-convert -mxl-float-sqrt -Wl,--no-relax -ffunction-sections -fdata-sections -MMD -MP -MF"src/FreeRTOS/tasks.d" -MT"src/FreeRTOS/tasks.d" -o "src/FreeRTOS/tasks.o" "../src/FreeRTOS/tasks.c"
'Finished building: ../src/FreeRTOS/tasks.c'
' '
'Building file: ../src/FreeRTOS/timers.c'
'Invoking: MicroBlaze gcc compiler'
mb-gcc -Wall -O0 -g3 -I../../mcb_system_bsp/microblaze_0/include -I"C:\Work\XILINX\Projects\New_25\system\mcb_system\src" -I"C:\Work\XILINX\Projects\New_25\system\mcb_system\src\can" -I"C:\Work\XILINX\Projects\New_25\system\mcb_system\src\FreeRTOS" -I"C:\Work\XILINX\Projects\New_25\system\mcb_system\src\mrte" -c -fmessage-length=0 -mlittle-endian -mxl-barrel-shift -mxl-pattern-compare -mno-xl-soft-div -mcpu=v8.50.c -mno-xl-soft-mul -mhard-float -mxl-float-convert -mxl-float-sqrt -Wl,--no-relax -ffunction-sections -fdata-sections -MMD -MP -MF"src/FreeRTOS/timers.d" -MT"src/FreeRTOS/timers.d" -o "src/FreeRTOS/timers.o" "../src/FreeRTOS/timers.c"
'Finished building: ../src/FreeRTOS/timers.c'
' '
'Building file: ../src/can_cmd.c'
'Invoking: MicroBlaze gcc compiler'
mb-gcc -Wall -O0 -g3 -I../../mcb_system_bsp/microblaze_0/include -I"C:\Work\XILINX\Projects\New_25\system\mcb_system\src" -I"C:\Work\XILINX\Projects\New_25\system\mcb_system\src\can" -I"C:\Work\XILINX\Projects\New_25\system\mcb_system\src\FreeRTOS" -I"C:\Work\XILINX\Projects\New_25\system\mcb_system\src\mrte" -c -fmessage-length=0 -mlittle-endian -mxl-barrel-shift -mxl-pattern-compare -mno-xl-soft-div -mcpu=v8.50.c -mno-xl-soft-mul -mhard-float -mxl-float-convert -mxl-float-sqrt -Wl,--no-relax -ffunction-sections -fdata-sections -MMD -MP -MF"src/can_cmd.d" -MT"src/can_cmd.d" -o "src/can_cmd.o" "../src/can_cmd.c"
../src/can_cmd.c:27:0: warning: "MODULE_VER_PO" redefined [enabled by default]
../src/can_cmd_defs.h:18:0: note: this is the location of the previous definition
../src/can_cmd.c: In function 'cmd_decoder':
../src/can_cmd.c:65:19: warning: unused variable 'RX_Com_buf_pointer' [-Wunused-variable]
../src/can_cmd.c:64:19: warning: unused variable 'TX_Com_buf_pointer' [-Wunused-variable]
../src/can_cmd.c:60:5: warning: unused variable 'kk' [-Wunused-variable]
../src/can_cmd.c:59:5: warning: unused variable 'mega_ans_type' [-Wunused-variable]
../src/can_cmd.c:58:27: warning: unused variable 'p_mrte_buff' [-Wunused-variable]
../src/can_cmd.c:57:22: warning: unused variable 'answer_length' [-Wunused-variable]
../src/can_cmd.c:57:6: warning: unused variable 'request_length' [-Wunused-variable]
../src/can_cmd.c: At top level:
../src/can_cmd.c:43:14: warning: 'Prepare_Buf_ERROR' defined but not used [-Wunused-function]
'Finished building: ../src/can_cmd.c'
' '
'Building file: ../src/main.c'
'Invoking: MicroBlaze gcc compiler'
mb-gcc -Wall -O0 -g3 -I../../mcb_system_bsp/microblaze_0/include -I"C:\Work\XILINX\Projects\New_25\system\mcb_system\src" -I"C:\Work\XILINX\Projects\New_25\system\mcb_system\src\can" -I"C:\Work\XILINX\Projects\New_25\system\mcb_system\src\FreeRTOS" -I"C:\Work\XILINX\Projects\New_25\system\mcb_system\src\mrte" -c -fmessage-length=0 -mlittle-endian -mxl-barrel-shift -mxl-pattern-compare -mno-xl-soft-div -mcpu=v8.50.c -mno-xl-soft-mul -mhard-float -mxl-float-convert -mxl-float-sqrt -Wl,--no-relax -ffunction-sections -fdata-sections -MMD -MP -MF"src/main.d" -MT"src/main.d" -o "src/main.o" "../src/main.c"
../src/main.c: In function 'mt_1':
../src/main.c:74:12: warning: unused variable 'osc_tlm_counter' [-Wunused-variable]
../src/main.c:73:12: warning: unused variable 'ext_tlm_counter' [-Wunused-variable]
../src/main.c: At top level:
../src/main.c:42:17: warning: 'candata' defined but not used [-Wunused-variable]
'Finished building: ../src/main.c'
' '
'Building file: ../src/platform.c'
'Invoking: MicroBlaze gcc compiler'
mb-gcc -Wall -O0 -g3 -I../../mcb_system_bsp/microblaze_0/include -I"C:\Work\XILINX\Projects\New_25\system\mcb_system\src" -I"C:\Work\XILINX\Projects\New_25\system\mcb_system\src\can" -I"C:\Work\XILINX\Projects\New_25\system\mcb_system\src\FreeRTOS" -I"C:\Work\XILINX\Projects\New_25\system\mcb_system\src\mrte" -c -fmessage-length=0 -mlittle-endian -mxl-barrel-shift -mxl-pattern-compare -mno-xl-soft-div -mcpu=v8.50.c -mno-xl-soft-mul -mhard-float -mxl-float-convert -mxl-float-sqrt -Wl,--no-relax -ffunction-sections -fdata-sections -MMD -MP -MF"src/platform.d" -MT"src/platform.d" -o "src/platform.o" "../src/platform.c"
'Finished building: ../src/platform.c'
' '
'Building target: mcb_system.elf'
'Invoking: MicroBlaze gcc linker'
mb-gcc -L../../mcb_system_bsp/microblaze_0/lib -Wl,-T -Wl,../src/lscript.ld -mlittle-endian -mxl-barrel-shift -mxl-pattern-compare -mno-xl-soft-div -mcpu=v8.50.c -mno-xl-soft-mul -mhard-float -mxl-float-convert -mxl-float-sqrt -Wl,--no-relax -Wl,--gc-sections -o "mcb_system.elf"  ./src/mrte/io-mrte.o  ./src/can/can_config.o ./src/can/can_freertos.o ./src/can/can_opc.o  ./src/FreeRTOS/FreeRTOS_mb_hooks.o ./src/FreeRTOS/croutine.o ./src/FreeRTOS/event_groups.o ./src/FreeRTOS/heap_1.o ./src/FreeRTOS/list.o ./src/FreeRTOS/port.o ./src/FreeRTOS/port_exceptions.o ./src/FreeRTOS/portasm.o ./src/FreeRTOS/queue.o ./src/FreeRTOS/stream_buffer.o ./src/FreeRTOS/tasks.o ./src/FreeRTOS/timers.o  ./src/can_cmd.o ./src/main.o ./src/platform.o   -l-Wl,--start-group,-lxil,-lgcc,-lc,--end-group
c:/xilinx/14.7/ise_ds/edk/gnu/microblaze/nt/bin/../lib/gcc/microblaze-xilinx-elf/4.6.4/../../../../microblaze-xilinx-elf/bin/ld.exe: cannot find -l-Wl,--start-group,-lxil,-lgcc,-lc,--end-group
collect2: ld returned 1 exit status
make: *** [mcb_system.elf] Error 1
08:33:40 **** Clean-only build of configuration Debug for project mcb_system ****
make clean 
rm -rf  ./src/mrte/io-mrte.o  ./src/can/can_config.o ./src/can/can_freertos.o ./src/can/can_opc.o  ./src/FreeRTOS/FreeRTOS_mb_hooks.o ./src/FreeRTOS/croutine.o ./src/FreeRTOS/event_groups.o ./src/FreeRTOS/heap_1.o ./src/FreeRTOS/list.o ./src/FreeRTOS/port.o ./src/FreeRTOS/port_exceptions.o ./src/FreeRTOS/portasm.o ./src/FreeRTOS/queue.o ./src/FreeRTOS/stream_buffer.o ./src/FreeRTOS/tasks.o ./src/FreeRTOS/timers.o  ./src/can_cmd.o ./src/main.o ./src/platform.o  ./src/mrte/io-mrte.d  ./src/can/can_config.d ./src/can/can_freertos.d ./src/can/can_opc.d  ./src/FreeRTOS/FreeRTOS_mb_hooks.d ./src/FreeRTOS/croutine.d ./src/FreeRTOS/event_groups.d ./src/FreeRTOS/heap_1.d ./src/FreeRTOS/list.d ./src/FreeRTOS/port.d ./src/FreeRTOS/port_exceptions.d ./src/FreeRTOS/queue.d ./src/FreeRTOS/stream_buffer.d ./src/FreeRTOS/tasks.d ./src/FreeRTOS/timers.d  ./src/can_cmd.d ./src/main.d ./src/platform.d  mcb_system.elf.size  mcb_system.elf.elfcheck  ./src/FreeRTOS/portasm.d  mcb_system.elf
' '
08:33:41 **** Auto Build of configuration Debug for project mcb_system ****
make all 
'Building file: ../src/mrte/io-mrte.c'
'Invoking: MicroBlaze gcc compiler'
mb-gcc -Wall -O0 -g3 -I../../mcb_system_bsp/microblaze_0/include -I"C:\Work\XILINX\Projects\New_25\system\mcb_system\src" -I"C:\Work\XILINX\Projects\New_25\system\mcb_system\src\can" -I"C:\Work\XILINX\Projects\New_25\system\mcb_system\src\FreeRTOS" -I"C:\Work\XILINX\Projects\New_25\system\mcb_system\src\mrte" -c -fmessage-length=0 -mlittle-endian -mxl-barrel-shift -mxl-pattern-compare -mno-xl-soft-div -mcpu=v8.50.c -mno-xl-soft-mul -mhard-float -mxl-float-convert -mxl-float-sqrt -Wl,--no-relax -ffunction-sections -fdata-sections -MMD -MP -MF"src/mrte/io-mrte.d" -MT"src/mrte/io-mrte.d" -o "src/mrte/io-mrte.o" "../src/mrte/io-mrte.c"
../src/mrte/io-mrte.c: In function 'mrte_transmit':
../src/mrte/io-mrte.c:518:24: warning: 'p_mrte_buff' is used uninitialized in this function [-Wuninitialized]
../src/mrte/io-mrte.c:519:15: warning: 'pmega' is used uninitialized in this function [-Wuninitialized]
'Finished building: ../src/mrte/io-mrte.c'
' '
'Building file: ../src/can/can_config.c'
'Invoking: MicroBlaze gcc compiler'
mb-gcc -Wall -O0 -g3 -I../../mcb_system_bsp/microblaze_0/include -I"C:\Work\XILINX\Projects\New_25\system\mcb_system\src" -I"C:\Work\XILINX\Projects\New_25\system\mcb_system\src\can" -I"C:\Work\XILINX\Projects\New_25\system\mcb_system\src\FreeRTOS" -I"C:\Work\XILINX\Projects\New_25\system\mcb_system\src\mrte" -c -fmessage-length=0 -mlittle-endian -mxl-barrel-shift -mxl-pattern-compare -mno-xl-soft-div -mcpu=v8.50.c -mno-xl-soft-mul -mhard-float -mxl-float-convert -mxl-float-sqrt -Wl,--no-relax -ffunction-sections -fdata-sections -MMD -MP -MF"src/can/can_config.d" -MT"src/can/can_config.d" -o "src/can/can_config.o" "../src/can/can_config.c"
'Finished building: ../src/can/can_config.c'
' '
'Building file: ../src/can/can_freertos.c'
'Invoking: MicroBlaze gcc compiler'
mb-gcc -Wall -O0 -g3 -I../../mcb_system_bsp/microblaze_0/include -I"C:\Work\XILINX\Projects\New_25\system\mcb_system\src" -I"C:\Work\XILINX\Projects\New_25\system\mcb_system\src\can" -I"C:\Work\XILINX\Projects\New_25\system\mcb_system\src\FreeRTOS" -I"C:\Work\XILINX\Projects\New_25\system\mcb_system\src\mrte" -c -fmessage-length=0 -mlittle-endian -mxl-barrel-shift -mxl-pattern-compare -mno-xl-soft-div -mcpu=v8.50.c -mno-xl-soft-mul -mhard-float -mxl-float-convert -mxl-float-sqrt -Wl,--no-relax -ffunction-sections -fdata-sections -MMD -MP -MF"src/can/can_freertos.d" -MT"src/can/can_freertos.d" -o "src/can/can_freertos.o" "../src/can/can_freertos.c"
'Finished building: ../src/can/can_freertos.c'
' '
'Building file: ../src/can/can_opc.c'
'Invoking: MicroBlaze gcc compiler'
mb-gcc -Wall -O0 -g3 -I../../mcb_system_bsp/microblaze_0/include -I"C:\Work\XILINX\Projects\New_25\system\mcb_system\src" -I"C:\Work\XILINX\Projects\New_25\system\mcb_system\src\can" -I"C:\Work\XILINX\Projects\New_25\system\mcb_system\src\FreeRTOS" -I"C:\Work\XILINX\Projects\New_25\system\mcb_system\src\mrte" -c -fmessage-length=0 -mlittle-endian -mxl-barrel-shift -mxl-pattern-compare -mno-xl-soft-div -mcpu=v8.50.c -mno-xl-soft-mul -mhard-float -mxl-float-convert -mxl-float-sqrt -Wl,--no-relax -ffunction-sections -fdata-sections -MMD -MP -MF"src/can/can_opc.d" -MT"src/can/can_opc.d" -o "src/can/can_opc.o" "../src/can/can_opc.c"
../src/can/can_opc.c: In function 'can_init_hw':
../src/can/can_opc.c:124:2: warning: passing argument 1 of 'set_baud_rate_prescalers' discards 'const' qualifier from pointer target type [enabled by default]
../src/can/can_opc.c:68:6: note: expected 'struct can_baud_config_type *' but argument is of type 'const struct can_baud_config_type *'
'Finished building: ../src/can/can_opc.c'
' '
'Building file: ../src/FreeRTOS/FreeRTOS_mb_hooks.c'
'Invoking: MicroBlaze gcc compiler'
mb-gcc -Wall -O0 -g3 -I../../mcb_system_bsp/microblaze_0/include -I"C:\Work\XILINX\Projects\New_25\system\mcb_system\src" -I"C:\Work\XILINX\Projects\New_25\system\mcb_system\src\can" -I"C:\Work\XILINX\Projects\New_25\system\mcb_system\src\FreeRTOS" -I"C:\Work\XILINX\Projects\New_25\system\mcb_system\src\mrte" -c -fmessage-length=0 -mlittle-endian -mxl-barrel-shift -mxl-pattern-compare -mno-xl-soft-div -mcpu=v8.50.c -mno-xl-soft-mul -mhard-float -mxl-float-convert -mxl-float-sqrt -Wl,--no-relax -ffunction-sections -fdata-sections -MMD -MP -MF"src/FreeRTOS/FreeRTOS_mb_hooks.d" -MT"src/FreeRTOS/FreeRTOS_mb_hooks.d" -o "src/FreeRTOS/FreeRTOS_mb_hooks.o" "../src/FreeRTOS/FreeRTOS_mb_hooks.c"
'Finished building: ../src/FreeRTOS/FreeRTOS_mb_hooks.c'
' '
'Building file: ../src/FreeRTOS/croutine.c'
'Invoking: MicroBlaze gcc compiler'
mb-gcc -Wall -O0 -g3 -I../../mcb_system_bsp/microblaze_0/include -I"C:\Work\XILINX\Projects\New_25\system\mcb_system\src" -I"C:\Work\XILINX\Projects\New_25\system\mcb_system\src\can" -I"C:\Work\XILINX\Projects\New_25\system\mcb_system\src\FreeRTOS" -I"C:\Work\XILINX\Projects\New_25\system\mcb_system\src\mrte" -c -fmessage-length=0 -mlittle-endian -mxl-barrel-shift -mxl-pattern-compare -mno-xl-soft-div -mcpu=v8.50.c -mno-xl-soft-mul -mhard-float -mxl-float-convert -mxl-float-sqrt -Wl,--no-relax -ffunction-sections -fdata-sections -MMD -MP -MF"src/FreeRTOS/croutine.d" -MT"src/FreeRTOS/croutine.d" -o "src/FreeRTOS/croutine.o" "../src/FreeRTOS/croutine.c"
'Finished building: ../src/FreeRTOS/croutine.c'
' '
'Building file: ../src/FreeRTOS/event_groups.c'
'Invoking: MicroBlaze gcc compiler'
mb-gcc -Wall -O0 -g3 -I../../mcb_system_bsp/microblaze_0/include -I"C:\Work\XILINX\Projects\New_25\system\mcb_system\src" -I"C:\Work\XILINX\Projects\New_25\system\mcb_system\src\can" -I"C:\Work\XILINX\Projects\New_25\system\mcb_system\src\FreeRTOS" -I"C:\Work\XILINX\Projects\New_25\system\mcb_system\src\mrte" -c -fmessage-length=0 -mlittle-endian -mxl-barrel-shift -mxl-pattern-compare -mno-xl-soft-div -mcpu=v8.50.c -mno-xl-soft-mul -mhard-float -mxl-float-convert -mxl-float-sqrt -Wl,--no-relax -ffunction-sections -fdata-sections -MMD -MP -MF"src/FreeRTOS/event_groups.d" -MT"src/FreeRTOS/event_groups.d" -o "src/FreeRTOS/event_groups.o" "../src/FreeRTOS/event_groups.c"
'Finished building: ../src/FreeRTOS/event_groups.c'
' '
'Building file: ../src/FreeRTOS/heap_1.c'
'Invoking: MicroBlaze gcc compiler'
mb-gcc -Wall -O0 -g3 -I../../mcb_system_bsp/microblaze_0/include -I"C:\Work\XILINX\Projects\New_25\system\mcb_system\src" -I"C:\Work\XILINX\Projects\New_25\system\mcb_system\src\can" -I"C:\Work\XILINX\Projects\New_25\system\mcb_system\src\FreeRTOS" -I"C:\Work\XILINX\Projects\New_25\system\mcb_system\src\mrte" -c -fmessage-length=0 -mlittle-endian -mxl-barrel-shift -mxl-pattern-compare -mno-xl-soft-div -mcpu=v8.50.c -mno-xl-soft-mul -mhard-float -mxl-float-convert -mxl-float-sqrt -Wl,--no-relax -ffunction-sections -fdata-sections -MMD -MP -MF"src/FreeRTOS/heap_1.d" -MT"src/FreeRTOS/heap_1.d" -o "src/FreeRTOS/heap_1.o" "../src/FreeRTOS/heap_1.c"
'Finished building: ../src/FreeRTOS/heap_1.c'
' '
'Building file: ../src/FreeRTOS/list.c'
'Invoking: MicroBlaze gcc compiler'
mb-gcc -Wall -O0 -g3 -I../../mcb_system_bsp/microblaze_0/include -I"C:\Work\XILINX\Projects\New_25\system\mcb_system\src" -I"C:\Work\XILINX\Projects\New_25\system\mcb_system\src\can" -I"C:\Work\XILINX\Projects\New_25\system\mcb_system\src\FreeRTOS" -I"C:\Work\XILINX\Projects\New_25\system\mcb_system\src\mrte" -c -fmessage-length=0 -mlittle-endian -mxl-barrel-shift -mxl-pattern-compare -mno-xl-soft-div -mcpu=v8.50.c -mno-xl-soft-mul -mhard-float -mxl-float-convert -mxl-float-sqrt -Wl,--no-relax -ffunction-sections -fdata-sections -MMD -MP -MF"src/FreeRTOS/list.d" -MT"src/FreeRTOS/list.d" -o "src/FreeRTOS/list.o" "../src/FreeRTOS/list.c"
'Finished building: ../src/FreeRTOS/list.c'
' '
'Building file: ../src/FreeRTOS/port.c'
'Invoking: MicroBlaze gcc compiler'
mb-gcc -Wall -O0 -g3 -I../../mcb_system_bsp/microblaze_0/include -I"C:\Work\XILINX\Projects\New_25\system\mcb_system\src" -I"C:\Work\XILINX\Projects\New_25\system\mcb_system\src\can" -I"C:\Work\XILINX\Projects\New_25\system\mcb_system\src\FreeRTOS" -I"C:\Work\XILINX\Projects\New_25\system\mcb_system\src\mrte" -c -fmessage-length=0 -mlittle-endian -mxl-barrel-shift -mxl-pattern-compare -mno-xl-soft-div -mcpu=v8.50.c -mno-xl-soft-mul -mhard-float -mxl-float-convert -mxl-float-sqrt -Wl,--no-relax -ffunction-sections -fdata-sections -MMD -MP -MF"src/FreeRTOS/port.d" -MT"src/FreeRTOS/port.d" -o "src/FreeRTOS/port.o" "../src/FreeRTOS/port.c"
'Finished building: ../src/FreeRTOS/port.c'
' '
'Building file: ../src/FreeRTOS/port_exceptions.c'
'Invoking: MicroBlaze gcc compiler'
mb-gcc -Wall -O0 -g3 -I../../mcb_system_bsp/microblaze_0/include -I"C:\Work\XILINX\Projects\New_25\system\mcb_system\src" -I"C:\Work\XILINX\Projects\New_25\system\mcb_system\src\can" -I"C:\Work\XILINX\Projects\New_25\system\mcb_system\src\FreeRTOS" -I"C:\Work\XILINX\Projects\New_25\system\mcb_system\src\mrte" -c -fmessage-length=0 -mlittle-endian -mxl-barrel-shift -mxl-pattern-compare -mno-xl-soft-div -mcpu=v8.50.c -mno-xl-soft-mul -mhard-float -mxl-float-convert -mxl-float-sqrt -Wl,--no-relax -ffunction-sections -fdata-sections -MMD -MP -MF"src/FreeRTOS/port_exceptions.d" -MT"src/FreeRTOS/port_exceptions.d" -o "src/FreeRTOS/port_exceptions.o" "../src/FreeRTOS/port_exceptions.c"
'Finished building: ../src/FreeRTOS/port_exceptions.c'
' '
'Building file: ../src/FreeRTOS/portasm.S'
'Invoking: MicroBlaze gcc compiler'
mb-gcc -Wall -O0 -g3 -I../../mcb_system_bsp/microblaze_0/include -I"C:\Work\XILINX\Projects\New_25\system\mcb_system\src" -I"C:\Work\XILINX\Projects\New_25\system\mcb_system\src\can" -I"C:\Work\XILINX\Projects\New_25\system\mcb_system\src\FreeRTOS" -I"C:\Work\XILINX\Projects\New_25\system\mcb_system\src\mrte" -c -fmessage-length=0 -mlittle-endian -mxl-barrel-shift -mxl-pattern-compare -mno-xl-soft-div -mcpu=v8.50.c -mno-xl-soft-mul -mhard-float -mxl-float-convert -mxl-float-sqrt -Wl,--no-relax -ffunction-sections -fdata-sections -MMD -MP -MF"src/FreeRTOS/portasm.d" -MT"src/FreeRTOS/portasm.d" -o "src/FreeRTOS/portasm.o" "../src/FreeRTOS/portasm.S"
'Finished building: ../src/FreeRTOS/portasm.S'
' '
'Building file: ../src/FreeRTOS/queue.c'
'Invoking: MicroBlaze gcc compiler'
mb-gcc -Wall -O0 -g3 -I../../mcb_system_bsp/microblaze_0/include -I"C:\Work\XILINX\Projects\New_25\system\mcb_system\src" -I"C:\Work\XILINX\Projects\New_25\system\mcb_system\src\can" -I"C:\Work\XILINX\Projects\New_25\system\mcb_system\src\FreeRTOS" -I"C:\Work\XILINX\Projects\New_25\system\mcb_system\src\mrte" -c -fmessage-length=0 -mlittle-endian -mxl-barrel-shift -mxl-pattern-compare -mno-xl-soft-div -mcpu=v8.50.c -mno-xl-soft-mul -mhard-float -mxl-float-convert -mxl-float-sqrt -Wl,--no-relax -ffunction-sections -fdata-sections -MMD -MP -MF"src/FreeRTOS/queue.d" -MT"src/FreeRTOS/queue.d" -o "src/FreeRTOS/queue.o" "../src/FreeRTOS/queue.c"
'Finished building: ../src/FreeRTOS/queue.c'
' '
'Building file: ../src/FreeRTOS/stream_buffer.c'
'Invoking: MicroBlaze gcc compiler'
mb-gcc -Wall -O0 -g3 -I../../mcb_system_bsp/microblaze_0/include -I"C:\Work\XILINX\Projects\New_25\system\mcb_system\src" -I"C:\Work\XILINX\Projects\New_25\system\mcb_system\src\can" -I"C:\Work\XILINX\Projects\New_25\system\mcb_system\src\FreeRTOS" -I"C:\Work\XILINX\Projects\New_25\system\mcb_system\src\mrte" -c -fmessage-length=0 -mlittle-endian -mxl-barrel-shift -mxl-pattern-compare -mno-xl-soft-div -mcpu=v8.50.c -mno-xl-soft-mul -mhard-float -mxl-float-convert -mxl-float-sqrt -Wl,--no-relax -ffunction-sections -fdata-sections -MMD -MP -MF"src/FreeRTOS/stream_buffer.d" -MT"src/FreeRTOS/stream_buffer.d" -o "src/FreeRTOS/stream_buffer.o" "../src/FreeRTOS/stream_buffer.c"
'Finished building: ../src/FreeRTOS/stream_buffer.c'
' '
'Building file: ../src/FreeRTOS/tasks.c'
'Invoking: MicroBlaze gcc compiler'
mb-gcc -Wall -O0 -g3 -I../../mcb_system_bsp/microblaze_0/include -I"C:\Work\XILINX\Projects\New_25\system\mcb_system\src" -I"C:\Work\XILINX\Projects\New_25\system\mcb_system\src\can" -I"C:\Work\XILINX\Projects\New_25\system\mcb_system\src\FreeRTOS" -I"C:\Work\XILINX\Projects\New_25\system\mcb_system\src\mrte" -c -fmessage-length=0 -mlittle-endian -mxl-barrel-shift -mxl-pattern-compare -mno-xl-soft-div -mcpu=v8.50.c -mno-xl-soft-mul -mhard-float -mxl-float-convert -mxl-float-sqrt -Wl,--no-relax -ffunction-sections -fdata-sections -MMD -MP -MF"src/FreeRTOS/tasks.d" -MT"src/FreeRTOS/tasks.d" -o "src/FreeRTOS/tasks.o" "../src/FreeRTOS/tasks.c"
'Finished building: ../src/FreeRTOS/tasks.c'
' '
'Building file: ../src/FreeRTOS/timers.c'
'Invoking: MicroBlaze gcc compiler'
mb-gcc -Wall -O0 -g3 -I../../mcb_system_bsp/microblaze_0/include -I"C:\Work\XILINX\Projects\New_25\system\mcb_system\src" -I"C:\Work\XILINX\Projects\New_25\system\mcb_system\src\can" -I"C:\Work\XILINX\Projects\New_25\system\mcb_system\src\FreeRTOS" -I"C:\Work\XILINX\Projects\New_25\system\mcb_system\src\mrte" -c -fmessage-length=0 -mlittle-endian -mxl-barrel-shift -mxl-pattern-compare -mno-xl-soft-div -mcpu=v8.50.c -mno-xl-soft-mul -mhard-float -mxl-float-convert -mxl-float-sqrt -Wl,--no-relax -ffunction-sections -fdata-sections -MMD -MP -MF"src/FreeRTOS/timers.d" -MT"src/FreeRTOS/timers.d" -o "src/FreeRTOS/timers.o" "../src/FreeRTOS/timers.c"
'Finished building: ../src/FreeRTOS/timers.c'
' '
'Building file: ../src/can_cmd.c'
'Invoking: MicroBlaze gcc compiler'
mb-gcc -Wall -O0 -g3 -I../../mcb_system_bsp/microblaze_0/include -I"C:\Work\XILINX\Projects\New_25\system\mcb_system\src" -I"C:\Work\XILINX\Projects\New_25\system\mcb_system\src\can" -I"C:\Work\XILINX\Projects\New_25\system\mcb_system\src\FreeRTOS" -I"C:\Work\XILINX\Projects\New_25\system\mcb_system\src\mrte" -c -fmessage-length=0 -mlittle-endian -mxl-barrel-shift -mxl-pattern-compare -mno-xl-soft-div -mcpu=v8.50.c -mno-xl-soft-mul -mhard-float -mxl-float-convert -mxl-float-sqrt -Wl,--no-relax -ffunction-sections -fdata-sections -MMD -MP -MF"src/can_cmd.d" -MT"src/can_cmd.d" -o "src/can_cmd.o" "../src/can_cmd.c"
../src/can_cmd.c:27:0: warning: "MODULE_VER_PO" redefined [enabled by default]
../src/can_cmd_defs.h:18:0: note: this is the location of the previous definition
../src/can_cmd.c: In function 'cmd_decoder':
../src/can_cmd.c:65:19: warning: unused variable 'RX_Com_buf_pointer' [-Wunused-variable]
../src/can_cmd.c:64:19: warning: unused variable 'TX_Com_buf_pointer' [-Wunused-variable]
../src/can_cmd.c:60:5: warning: unused variable 'kk' [-Wunused-variable]
../src/can_cmd.c:59:5: warning: unused variable 'mega_ans_type' [-Wunused-variable]
../src/can_cmd.c:58:27: warning: unused variable 'p_mrte_buff' [-Wunused-variable]
../src/can_cmd.c:57:22: warning: unused variable 'answer_length' [-Wunused-variable]
../src/can_cmd.c:57:6: warning: unused variable 'request_length' [-Wunused-variable]
../src/can_cmd.c: At top level:
../src/can_cmd.c:43:14: warning: 'Prepare_Buf_ERROR' defined but not used [-Wunused-function]
'Finished building: ../src/can_cmd.c'
' '
'Building file: ../src/main.c'
'Invoking: MicroBlaze gcc compiler'
mb-gcc -Wall -O0 -g3 -I../../mcb_system_bsp/microblaze_0/include -I"C:\Work\XILINX\Projects\New_25\system\mcb_system\src" -I"C:\Work\XILINX\Projects\New_25\system\mcb_system\src\can" -I"C:\Work\XILINX\Projects\New_25\system\mcb_system\src\FreeRTOS" -I"C:\Work\XILINX\Projects\New_25\system\mcb_system\src\mrte" -c -fmessage-length=0 -mlittle-endian -mxl-barrel-shift -mxl-pattern-compare -mno-xl-soft-div -mcpu=v8.50.c -mno-xl-soft-mul -mhard-float -mxl-float-convert -mxl-float-sqrt -Wl,--no-relax -ffunction-sections -fdata-sections -MMD -MP -MF"src/main.d" -MT"src/main.d" -o "src/main.o" "../src/main.c"
../src/main.c: In function 'mt_1':
../src/main.c:74:12: warning: unused variable 'osc_tlm_counter' [-Wunused-variable]
../src/main.c:73:12: warning: unused variable 'ext_tlm_counter' [-Wunused-variable]
../src/main.c: At top level:
../src/main.c:42:17: warning: 'candata' defined but not used [-Wunused-variable]
'Finished building: ../src/main.c'
' '
'Building file: ../src/platform.c'
'Invoking: MicroBlaze gcc compiler'
mb-gcc -Wall -O0 -g3 -I../../mcb_system_bsp/microblaze_0/include -I"C:\Work\XILINX\Projects\New_25\system\mcb_system\src" -I"C:\Work\XILINX\Projects\New_25\system\mcb_system\src\can" -I"C:\Work\XILINX\Projects\New_25\system\mcb_system\src\FreeRTOS" -I"C:\Work\XILINX\Projects\New_25\system\mcb_system\src\mrte" -c -fmessage-length=0 -mlittle-endian -mxl-barrel-shift -mxl-pattern-compare -mno-xl-soft-div -mcpu=v8.50.c -mno-xl-soft-mul -mhard-float -mxl-float-convert -mxl-float-sqrt -Wl,--no-relax -ffunction-sections -fdata-sections -MMD -MP -MF"src/platform.d" -MT"src/platform.d" -o "src/platform.o" "../src/platform.c"
'Finished building: ../src/platform.c'
' '
'Building target: mcb_system.elf'
'Invoking: MicroBlaze gcc linker'
mb-gcc -Wl,-T -Wl,../src/lscript.ld -L../../mcb_system_bsp/microblaze_0/lib -mlittle-endian -mxl-barrel-shift -mxl-pattern-compare -mno-xl-soft-div -mcpu=v8.50.c -mno-xl-soft-mul -mhard-float -mxl-float-convert -mxl-float-sqrt -Wl,--no-relax -Wl,--gc-sections -o "mcb_system.elf"  ./src/mrte/io-mrte.o  ./src/can/can_config.o ./src/can/can_freertos.o ./src/can/can_opc.o  ./src/FreeRTOS/FreeRTOS_mb_hooks.o ./src/FreeRTOS/croutine.o ./src/FreeRTOS/event_groups.o ./src/FreeRTOS/heap_1.o ./src/FreeRTOS/list.o ./src/FreeRTOS/port.o ./src/FreeRTOS/port_exceptions.o ./src/FreeRTOS/portasm.o ./src/FreeRTOS/queue.o ./src/FreeRTOS/stream_buffer.o ./src/FreeRTOS/tasks.o ./src/FreeRTOS/timers.o  ./src/can_cmd.o ./src/main.o ./src/platform.o   -Wl,--start-group,-lxil,-lgcc,-lc,--end-group
'Finished building target: mcb_system.elf'
' '
'Invoking: MicroBlaze Print Size'
mb-size mcb_system.elf  |tee "mcb_system.elf.size"
   text	   data	    bss	    dec	    hex	filename
  48088	  90608	 127280	 265976	  40ef8	mcb_system.elf
'Finished building: mcb_system.elf.size'
' '
'Invoking: Xilinx ELF Check'
elfcheck mcb_system.elf -hw ../../proc_hw_platform/system.xml -pe microblaze_0  |tee "mcb_system.elf.elfcheck"
elfcheck
Xilinx EDK 14.7 Build EDK_P.20131013
Copyright (c) 1995-2012 Xilinx, Inc.  All rights reserved.

Command Line: elfcheck -hw ../../proc_hw_platform/system.xml -pe microblaze_0
mcb_system.elf 

ELF file	: mcb_system.elf
elfcheck passed.
'Finished building: mcb_system.elf.elfcheck'
' '
08:37:55 **** Incremental Build of configuration Debug for project mcb_system ****
make all 
make: Nothing to be done for `all'.
08:45:32 **** Auto Build of configuration Debug for project mcb_system ****
make all 
'Building file: ../src/main.c'
'Invoking: MicroBlaze gcc compiler'
mb-gcc -Wall -O0 -g3 -I../../mcb_system_bsp/microblaze_0/include -I"C:\Work\XILINX\Projects\New_25\system\mcb_system\src" -I"C:\Work\XILINX\Projects\New_25\system\mcb_system\src\can" -I"C:\Work\XILINX\Projects\New_25\system\mcb_system\src\FreeRTOS" -I"C:\Work\XILINX\Projects\New_25\system\mcb_system\src\mrte" -c -fmessage-length=0 -mlittle-endian -mxl-barrel-shift -mxl-pattern-compare -mno-xl-soft-div -mcpu=v8.50.c -mno-xl-soft-mul -mhard-float -mxl-float-convert -mxl-float-sqrt -Wl,--no-relax -ffunction-sections -fdata-sections -MMD -MP -MF"src/main.d" -MT"src/main.d" -o "src/main.o" "../src/main.c"
../src/main.c: In function 'mt_1':
../src/main.c:74:12: warning: unused variable 'osc_tlm_counter' [-Wunused-variable]
../src/main.c:73:12: warning: unused variable 'ext_tlm_counter' [-Wunused-variable]
../src/main.c: At top level:
../src/main.c:42:17: warning: 'candata' defined but not used [-Wunused-variable]
'Finished building: ../src/main.c'
' '
'Building target: mcb_system.elf'
'Invoking: MicroBlaze gcc linker'
mb-gcc -Wl,-T -Wl,../src/lscript.ld -L../../mcb_system_bsp/microblaze_0/lib -mlittle-endian -mxl-barrel-shift -mxl-pattern-compare -mno-xl-soft-div -mcpu=v8.50.c -mno-xl-soft-mul -mhard-float -mxl-float-convert -mxl-float-sqrt -Wl,--no-relax -Wl,--gc-sections -o "mcb_system.elf"  ./src/mrte/io-mrte.o  ./src/can/can_config.o ./src/can/can_freertos.o ./src/can/can_opc.o  ./src/FreeRTOS/FreeRTOS_mb_hooks.o ./src/FreeRTOS/croutine.o ./src/FreeRTOS/event_groups.o ./src/FreeRTOS/heap_1.o ./src/FreeRTOS/list.o ./src/FreeRTOS/port.o ./src/FreeRTOS/port_exceptions.o ./src/FreeRTOS/portasm.o ./src/FreeRTOS/queue.o ./src/FreeRTOS/stream_buffer.o ./src/FreeRTOS/tasks.o ./src/FreeRTOS/timers.o  ./src/can_cmd.o ./src/main.o ./src/platform.o   -Wl,--start-group,-lxil,-lgcc,-lc,--end-group
'Finished building target: mcb_system.elf'
' '
'Invoking: MicroBlaze Print Size'
mb-size mcb_system.elf  |tee "mcb_system.elf.size"
   text	   data	    bss	    dec	    hex	filename
  47800	  90608	 127264	 265672	  40dc8	mcb_system.elf
'Finished building: mcb_system.elf.size'
' '
'Invoking: Xilinx ELF Check'
elfcheck mcb_system.elf -hw ../../proc_hw_platform/system.xml -pe microblaze_0  |tee "mcb_system.elf.elfcheck"
elfcheck
Xilinx EDK 14.7 Build EDK_P.20131013
Copyright (c) 1995-2012 Xilinx, Inc.  All rights reserved.

Command Line: elfcheck -hw ../../proc_hw_platform/system.xml -pe microblaze_0
mcb_system.elf 

ELF file	: mcb_system.elf
elfcheck passed.
'Finished building: mcb_system.elf.elfcheck'
' '
08:46:42 **** Auto Build of configuration Debug for project mcb_system ****
make all 
'Building file: ../src/mrte/io-mrte.c'
'Invoking: MicroBlaze gcc compiler'
mb-gcc -Wall -O0 -g3 -I../../mcb_system_bsp/microblaze_0/include -I"C:\Work\XILINX\Projects\New_25\system\mcb_system\src" -I"C:\Work\XILINX\Projects\New_25\system\mcb_system\src\can" -I"C:\Work\XILINX\Projects\New_25\system\mcb_system\src\FreeRTOS" -I"C:\Work\XILINX\Projects\New_25\system\mcb_system\src\mrte" -c -fmessage-length=0 -mlittle-endian -mxl-barrel-shift -mxl-pattern-compare -mno-xl-soft-div -mcpu=v8.50.c -mno-xl-soft-mul -mhard-float -mxl-float-convert -mxl-float-sqrt -Wl,--no-relax -ffunction-sections -fdata-sections -MMD -MP -MF"src/mrte/io-mrte.d" -MT"src/mrte/io-mrte.d" -o "src/mrte/io-mrte.o" "../src/mrte/io-mrte.c"
../src/mrte/io-mrte.c: In function 'mrte_transmit':
../src/mrte/io-mrte.c:518:24: warning: 'p_mrte_buff' is used uninitialized in this function [-Wuninitialized]
../src/mrte/io-mrte.c:519:15: warning: 'pmega' is used uninitialized in this function [-Wuninitialized]
'Finished building: ../src/mrte/io-mrte.c'
' '
'Building target: mcb_system.elf'
'Invoking: MicroBlaze gcc linker'
mb-gcc -Wl,-T -Wl,../src/lscript.ld -L../../mcb_system_bsp/microblaze_0/lib -mlittle-endian -mxl-barrel-shift -mxl-pattern-compare -mno-xl-soft-div -mcpu=v8.50.c -mno-xl-soft-mul -mhard-float -mxl-float-convert -mxl-float-sqrt -Wl,--no-relax -Wl,--gc-sections -o "mcb_system.elf"  ./src/mrte/io-mrte.o  ./src/can/can_config.o ./src/can/can_freertos.o ./src/can/can_opc.o  ./src/FreeRTOS/FreeRTOS_mb_hooks.o ./src/FreeRTOS/croutine.o ./src/FreeRTOS/event_groups.o ./src/FreeRTOS/heap_1.o ./src/FreeRTOS/list.o ./src/FreeRTOS/port.o ./src/FreeRTOS/port_exceptions.o ./src/FreeRTOS/portasm.o ./src/FreeRTOS/queue.o ./src/FreeRTOS/stream_buffer.o ./src/FreeRTOS/tasks.o ./src/FreeRTOS/timers.o  ./src/can_cmd.o ./src/main.o ./src/platform.o   -Wl,--start-group,-lxil,-lgcc,-lc,--end-group
'Finished building target: mcb_system.elf'
' '
'Invoking: MicroBlaze Print Size'
mb-size mcb_system.elf  |tee "mcb_system.elf.size"
   text	   data	    bss	    dec	    hex	filename
  49880	  90608	 127280	 267768	  415f8	mcb_system.elf
'Finished building: mcb_system.elf.size'
' '
'Invoking: Xilinx ELF Check'
elfcheck mcb_system.elf -hw ../../proc_hw_platform/system.xml -pe microblaze_0  |tee "mcb_system.elf.elfcheck"
elfcheck
Xilinx EDK 14.7 Build EDK_P.20131013
Copyright (c) 1995-2012 Xilinx, Inc.  All rights reserved.

Command Line: elfcheck -hw ../../proc_hw_platform/system.xml -pe microblaze_0
mcb_system.elf 

ELF file	: mcb_system.elf
elfcheck passed.
'Finished building: mcb_system.elf.elfcheck'
' '
08:46:47 **** Incremental Build of configuration Debug for project mcb_system ****
make all 
make: Nothing to be done for `all'.
08:55:41 **** Incremental Build of configuration Debug for project mcb_system ****
make all 
make: Nothing to be done for `all'.
09:10:38 **** Auto Build of configuration Debug for project mcb_system ****
make all 
'Building file: ../src/mrte/io-mrte.c'
'Invoking: MicroBlaze gcc compiler'
mb-gcc -Wall -O0 -g3 -I../../mcb_system_bsp/microblaze_0/include -I"C:\Work\XILINX\Projects\New_25\system\mcb_system\src" -I"C:\Work\XILINX\Projects\New_25\system\mcb_system\src\can" -I"C:\Work\XILINX\Projects\New_25\system\mcb_system\src\FreeRTOS" -I"C:\Work\XILINX\Projects\New_25\system\mcb_system\src\mrte" -c -fmessage-length=0 -mlittle-endian -mxl-barrel-shift -mxl-pattern-compare -mno-xl-soft-div -mcpu=v8.50.c -mno-xl-soft-mul -mhard-float -mxl-float-convert -mxl-float-sqrt -Wl,--no-relax -ffunction-sections -fdata-sections -MMD -MP -MF"src/mrte/io-mrte.d" -MT"src/mrte/io-mrte.d" -o "src/mrte/io-mrte.o" "../src/mrte/io-mrte.c"
../src/mrte/io-mrte.c: In function 'can_rx_mrte_task':
../src/mrte/io-mrte.c:1078:8: error: 'SocetsFlag' undeclared (first use in this function)
../src/mrte/io-mrte.c:1078:8: note: each undeclared identifier is reported only once for each function it appears in
make: *** [src/mrte/io-mrte.o] Error 1
09:23:57 **** Auto Build of configuration Debug for project mcb_system ****
make all 
'Building file: ../src/mrte/io-mrte.c'
'Invoking: MicroBlaze gcc compiler'
mb-gcc -Wall -O0 -g3 -I../../mcb_system_bsp/microblaze_0/include -I"C:\Work\XILINX\Projects\New_25\system\mcb_system\src" -I"C:\Work\XILINX\Projects\New_25\system\mcb_system\src\can" -I"C:\Work\XILINX\Projects\New_25\system\mcb_system\src\FreeRTOS" -I"C:\Work\XILINX\Projects\New_25\system\mcb_system\src\mrte" -c -fmessage-length=0 -mlittle-endian -mxl-barrel-shift -mxl-pattern-compare -mno-xl-soft-div -mcpu=v8.50.c -mno-xl-soft-mul -mhard-float -mxl-float-convert -mxl-float-sqrt -Wl,--no-relax -ffunction-sections -fdata-sections -MMD -MP -MF"src/mrte/io-mrte.d" -MT"src/mrte/io-mrte.d" -o "src/mrte/io-mrte.o" "../src/mrte/io-mrte.c"
../src/mrte/io-mrte.c: In function 'mrte_transmit':
../src/mrte/io-mrte.c:518:24: warning: 'p_mrte_buff' is used uninitialized in this function [-Wuninitialized]
../src/mrte/io-mrte.c:519:15: warning: 'pmega' is used uninitialized in this function [-Wuninitialized]
'Finished building: ../src/mrte/io-mrte.c'
' '
'Building target: mcb_system.elf'
'Invoking: MicroBlaze gcc linker'
mb-gcc -Wl,-T -Wl,../src/lscript.ld -L../../mcb_system_bsp/microblaze_0/lib -mlittle-endian -mxl-barrel-shift -mxl-pattern-compare -mno-xl-soft-div -mcpu=v8.50.c -mno-xl-soft-mul -mhard-float -mxl-float-convert -mxl-float-sqrt -Wl,--no-relax -Wl,--gc-sections -o "mcb_system.elf"  ./src/mrte/io-mrte.o  ./src/can/can_config.o ./src/can/can_freertos.o ./src/can/can_opc.o  ./src/FreeRTOS/FreeRTOS_mb_hooks.o ./src/FreeRTOS/croutine.o ./src/FreeRTOS/event_groups.o ./src/FreeRTOS/heap_1.o ./src/FreeRTOS/list.o ./src/FreeRTOS/port.o ./src/FreeRTOS/port_exceptions.o ./src/FreeRTOS/portasm.o ./src/FreeRTOS/queue.o ./src/FreeRTOS/stream_buffer.o ./src/FreeRTOS/tasks.o ./src/FreeRTOS/timers.o  ./src/can_cmd.o ./src/main.o ./src/platform.o   -Wl,--start-group,-lxil,-lgcc,-lc,--end-group
'Finished building target: mcb_system.elf'
' '
'Invoking: MicroBlaze Print Size'
mb-size mcb_system.elf  |tee "mcb_system.elf.size"
   text	   data	    bss	    dec	    hex	filename
  49452	  90612	 127288	 267352	  41458	mcb_system.elf
'Finished building: mcb_system.elf.size'
' '
'Invoking: Xilinx ELF Check'
elfcheck mcb_system.elf -hw ../../proc_hw_platform/system.xml -pe microblaze_0  |tee "mcb_system.elf.elfcheck"
elfcheck
Xilinx EDK 14.7 Build EDK_P.20131013
Copyright (c) 1995-2012 Xilinx, Inc.  All rights reserved.

Command Line: elfcheck -hw ../../proc_hw_platform/system.xml -pe microblaze_0
mcb_system.elf 

ELF file	: mcb_system.elf
elfcheck passed.
'Finished building: mcb_system.elf.elfcheck'
' '
09:24:19 **** Incremental Build of configuration Debug for project mcb_system ****
make all 
make: Nothing to be done for `all'.
09:51:26 **** Incremental Build of configuration Debug for project mcb_system ****
make all 
make: Nothing to be done for `all'.
10:08:45 **** Incremental Build of configuration Debug for project mcb_system ****
make all 
make: Nothing to be done for `all'.
10:10:16 **** Auto Build of configuration Debug for project mcb_system ****
make all 
'Building file: ../src/mrte/io-mrte.c'
'Invoking: MicroBlaze gcc compiler'
mb-gcc -Wall -O0 -g3 -I../../mcb_system_bsp/microblaze_0/include -I"C:\Work\XILINX\Projects\New_25\system\mcb_system\src" -I"C:\Work\XILINX\Projects\New_25\system\mcb_system\src\can" -I"C:\Work\XILINX\Projects\New_25\system\mcb_system\src\FreeRTOS" -I"C:\Work\XILINX\Projects\New_25\system\mcb_system\src\mrte" -c -fmessage-length=0 -mlittle-endian -mxl-barrel-shift -mxl-pattern-compare -mno-xl-soft-div -mcpu=v8.50.c -mno-xl-soft-mul -mhard-float -mxl-float-convert -mxl-float-sqrt -Wl,--no-relax -ffunction-sections -fdata-sections -MMD -MP -MF"src/mrte/io-mrte.d" -MT"src/mrte/io-mrte.d" -o "src/mrte/io-mrte.o" "../src/mrte/io-mrte.c"
../src/mrte/io-mrte.c: In function 'mrte_transmit':
../src/mrte/io-mrte.c:519:24: warning: 'p_mrte_buff' is used uninitialized in this function [-Wuninitialized]
../src/mrte/io-mrte.c:520:15: warning: 'pmega' is used uninitialized in this function [-Wuninitialized]
'Finished building: ../src/mrte/io-mrte.c'
' '
'Building target: mcb_system.elf'
'Invoking: MicroBlaze gcc linker'
mb-gcc -Wl,-T -Wl,../src/lscript.ld -L../../mcb_system_bsp/microblaze_0/lib -mlittle-endian -mxl-barrel-shift -mxl-pattern-compare -mno-xl-soft-div -mcpu=v8.50.c -mno-xl-soft-mul -mhard-float -mxl-float-convert -mxl-float-sqrt -Wl,--no-relax -Wl,--gc-sections -o "mcb_system.elf"  ./src/mrte/io-mrte.o  ./src/can/can_config.o ./src/can/can_freertos.o ./src/can/can_opc.o  ./src/FreeRTOS/FreeRTOS_mb_hooks.o ./src/FreeRTOS/croutine.o ./src/FreeRTOS/event_groups.o ./src/FreeRTOS/heap_1.o ./src/FreeRTOS/list.o ./src/FreeRTOS/port.o ./src/FreeRTOS/port_exceptions.o ./src/FreeRTOS/portasm.o ./src/FreeRTOS/queue.o ./src/FreeRTOS/stream_buffer.o ./src/FreeRTOS/tasks.o ./src/FreeRTOS/timers.o  ./src/can_cmd.o ./src/main.o ./src/platform.o   -Wl,--start-group,-lxil,-lgcc,-lc,--end-group
./src/mrte/io-mrte.o: In function `mrte_init':
C:\Work\XILINX\Projects\New_25\system\mcb_system\Debug/../src/mrte/io-mrte.c:1024: undefined reference to `get_serial_num'
collect2: ld returned 1 exit status
make: *** [mcb_system.elf] Error 1
10:14:20 **** Auto Build of configuration Debug for project mcb_system ****
make all 
'Building file: ../src/mrte/io-mrte.c'
'Invoking: MicroBlaze gcc compiler'
mb-gcc -Wall -O0 -g3 -I../../mcb_system_bsp/microblaze_0/include -I"C:\Work\XILINX\Projects\New_25\system\mcb_system\src" -I"C:\Work\XILINX\Projects\New_25\system\mcb_system\src\can" -I"C:\Work\XILINX\Projects\New_25\system\mcb_system\src\FreeRTOS" -I"C:\Work\XILINX\Projects\New_25\system\mcb_system\src\mrte" -c -fmessage-length=0 -mlittle-endian -mxl-barrel-shift -mxl-pattern-compare -mno-xl-soft-div -mcpu=v8.50.c -mno-xl-soft-mul -mhard-float -mxl-float-convert -mxl-float-sqrt -Wl,--no-relax -ffunction-sections -fdata-sections -MMD -MP -MF"src/mrte/io-mrte.d" -MT"src/mrte/io-mrte.d" -o "src/mrte/io-mrte.o" "../src/mrte/io-mrte.c"
../src/mrte/io-mrte.c: In function 'mrte_transmit':
../src/mrte/io-mrte.c:520:24: warning: 'p_mrte_buff' is used uninitialized in this function [-Wuninitialized]
../src/mrte/io-mrte.c:521:15: warning: 'pmega' is used uninitialized in this function [-Wuninitialized]
'Finished building: ../src/mrte/io-mrte.c'
' '
'Building target: mcb_system.elf'
'Invoking: MicroBlaze gcc linker'
mb-gcc -Wl,-T -Wl,../src/lscript.ld -L../../mcb_system_bsp/microblaze_0/lib -mlittle-endian -mxl-barrel-shift -mxl-pattern-compare -mno-xl-soft-div -mcpu=v8.50.c -mno-xl-soft-mul -mhard-float -mxl-float-convert -mxl-float-sqrt -Wl,--no-relax -Wl,--gc-sections -o "mcb_system.elf"  ./src/mrte/io-mrte.o  ./src/can/can_config.o ./src/can/can_freertos.o ./src/can/can_opc.o  ./src/FreeRTOS/FreeRTOS_mb_hooks.o ./src/FreeRTOS/croutine.o ./src/FreeRTOS/event_groups.o ./src/FreeRTOS/heap_1.o ./src/FreeRTOS/list.o ./src/FreeRTOS/port.o ./src/FreeRTOS/port_exceptions.o ./src/FreeRTOS/portasm.o ./src/FreeRTOS/queue.o ./src/FreeRTOS/stream_buffer.o ./src/FreeRTOS/tasks.o ./src/FreeRTOS/timers.o  ./src/can_cmd.o ./src/main.o ./src/platform.o   -Wl,--start-group,-lxil,-lgcc,-lc,--end-group
./src/mrte/io-mrte.o: In function `mrte_init':
C:\Work\XILINX\Projects\New_25\system\mcb_system\Debug/../src/mrte/io-mrte.c:1025: undefined reference to `get_serial_num'
collect2: ld returned 1 exit status
make: *** [mcb_system.elf] Error 1
10:14:30 **** Auto Build of configuration Debug for project mcb_system ****
make all 
'Building file: ../src/mrte/io-mrte.c'
'Invoking: MicroBlaze gcc compiler'
mb-gcc -Wall -O0 -g3 -I../../mcb_system_bsp/microblaze_0/include -I"C:\Work\XILINX\Projects\New_25\system\mcb_system\src" -I"C:\Work\XILINX\Projects\New_25\system\mcb_system\src\can" -I"C:\Work\XILINX\Projects\New_25\system\mcb_system\src\FreeRTOS" -I"C:\Work\XILINX\Projects\New_25\system\mcb_system\src\mrte" -c -fmessage-length=0 -mlittle-endian -mxl-barrel-shift -mxl-pattern-compare -mno-xl-soft-div -mcpu=v8.50.c -mno-xl-soft-mul -mhard-float -mxl-float-convert -mxl-float-sqrt -Wl,--no-relax -ffunction-sections -fdata-sections -MMD -MP -MF"src/mrte/io-mrte.d" -MT"src/mrte/io-mrte.d" -o "src/mrte/io-mrte.o" "../src/mrte/io-mrte.c"
../src/mrte/io-mrte.c: In function 'mrte_transmit':
../src/mrte/io-mrte.c:520:24: warning: 'p_mrte_buff' is used uninitialized in this function [-Wuninitialized]
../src/mrte/io-mrte.c:521:15: warning: 'pmega' is used uninitialized in this function [-Wuninitialized]
'Finished building: ../src/mrte/io-mrte.c'
' '
'Building target: mcb_system.elf'
'Invoking: MicroBlaze gcc linker'
mb-gcc -Wl,-T -Wl,../src/lscript.ld -L../../mcb_system_bsp/microblaze_0/lib -mlittle-endian -mxl-barrel-shift -mxl-pattern-compare -mno-xl-soft-div -mcpu=v8.50.c -mno-xl-soft-mul -mhard-float -mxl-float-convert -mxl-float-sqrt -Wl,--no-relax -Wl,--gc-sections -o "mcb_system.elf"  ./src/mrte/io-mrte.o  ./src/can/can_config.o ./src/can/can_freertos.o ./src/can/can_opc.o  ./src/FreeRTOS/FreeRTOS_mb_hooks.o ./src/FreeRTOS/croutine.o ./src/FreeRTOS/event_groups.o ./src/FreeRTOS/heap_1.o ./src/FreeRTOS/list.o ./src/FreeRTOS/port.o ./src/FreeRTOS/port_exceptions.o ./src/FreeRTOS/portasm.o ./src/FreeRTOS/queue.o ./src/FreeRTOS/stream_buffer.o ./src/FreeRTOS/tasks.o ./src/FreeRTOS/timers.o  ./src/can_cmd.o ./src/main.o ./src/platform.o   -Wl,--start-group,-lxil,-lgcc,-lc,--end-group
'Finished building target: mcb_system.elf'
' '
'Invoking: MicroBlaze Print Size'
mb-size mcb_system.elf  |tee "mcb_system.elf.size"
   text	   data	    bss	    dec	    hex	filename
  49448	  90612	 127284	 267344	  41450	mcb_system.elf
'Finished building: mcb_system.elf.size'
' '
'Invoking: Xilinx ELF Check'
elfcheck mcb_system.elf -hw ../../proc_hw_platform/system.xml -pe microblaze_0  |tee "mcb_system.elf.elfcheck"
elfcheck
Xilinx EDK 14.7 Build EDK_P.20131013
Copyright (c) 1995-2012 Xilinx, Inc.  All rights reserved.

Command Line: elfcheck -hw ../../proc_hw_platform/system.xml -pe microblaze_0
mcb_system.elf 

ELF file	: mcb_system.elf
elfcheck passed.
'Finished building: mcb_system.elf.elfcheck'
' '
10:14:34 **** Incremental Build of configuration Debug for project mcb_system ****
make all 
make: Nothing to be done for `all'.
12:24:54 **** Incremental Build of configuration Debug for project mcb_system ****
make all 
make: Nothing to be done for `all'.
12:28:11 **** Auto Build of configuration Debug for project mcb_system ****
make all 
'Building file: ../src/mrte/io-mrte.c'
'Invoking: MicroBlaze gcc compiler'
mb-gcc -Wall -O0 -g3 -I../../mcb_system_bsp/microblaze_0/include -I"C:\Work\XILINX\Projects\New_25\system\mcb_system\src" -I"C:\Work\XILINX\Projects\New_25\system\mcb_system\src\can" -I"C:\Work\XILINX\Projects\New_25\system\mcb_system\src\FreeRTOS" -I"C:\Work\XILINX\Projects\New_25\system\mcb_system\src\mrte" -c -fmessage-length=0 -mlittle-endian -mxl-barrel-shift -mxl-pattern-compare -mno-xl-soft-div -mcpu=v8.50.c -mno-xl-soft-mul -mhard-float -mxl-float-convert -mxl-float-sqrt -Wl,--no-relax -ffunction-sections -fdata-sections -MMD -MP -MF"src/mrte/io-mrte.d" -MT"src/mrte/io-mrte.d" -o "src/mrte/io-mrte.o" "../src/mrte/io-mrte.c"
../src/mrte/io-mrte.c: In function 'mrte_transmit':
../src/mrte/io-mrte.c:520:24: warning: 'p_mrte_buff' is used uninitialized in this function [-Wuninitialized]
../src/mrte/io-mrte.c:521:15: warning: 'pmega' is used uninitialized in this function [-Wuninitialized]
'Finished building: ../src/mrte/io-mrte.c'
' '
'Building target: mcb_system.elf'
'Invoking: MicroBlaze gcc linker'
mb-gcc -Wl,-T -Wl,../src/lscript.ld -L../../mcb_system_bsp/microblaze_0/lib -mlittle-endian -mxl-barrel-shift -mxl-pattern-compare -mno-xl-soft-div -mcpu=v8.50.c -mno-xl-soft-mul -mhard-float -mxl-float-convert -mxl-float-sqrt -Wl,--no-relax -Wl,--gc-sections -o "mcb_system.elf"  ./src/mrte/io-mrte.o  ./src/can/can_config.o ./src/can/can_freertos.o ./src/can/can_opc.o  ./src/FreeRTOS/FreeRTOS_mb_hooks.o ./src/FreeRTOS/croutine.o ./src/FreeRTOS/event_groups.o ./src/FreeRTOS/heap_1.o ./src/FreeRTOS/list.o ./src/FreeRTOS/port.o ./src/FreeRTOS/port_exceptions.o ./src/FreeRTOS/portasm.o ./src/FreeRTOS/queue.o ./src/FreeRTOS/stream_buffer.o ./src/FreeRTOS/tasks.o ./src/FreeRTOS/timers.o  ./src/can_cmd.o ./src/main.o ./src/platform.o   -Wl,--start-group,-lxil,-lgcc,-lc,--end-group
'Finished building target: mcb_system.elf'
' '
'Invoking: MicroBlaze Print Size'
mb-size mcb_system.elf  |tee "mcb_system.elf.size"
   text	   data	    bss	    dec	    hex	filename
  49448	  90612	 127284	 267344	  41450	mcb_system.elf
'Finished building: mcb_system.elf.size'
' '
'Invoking: Xilinx ELF Check'
elfcheck mcb_system.elf -hw ../../proc_hw_platform/system.xml -pe microblaze_0  |tee "mcb_system.elf.elfcheck"
elfcheck
Xilinx EDK 14.7 Build EDK_P.20131013
Copyright (c) 1995-2012 Xilinx, Inc.  All rights reserved.

Command Line: elfcheck -hw ../../proc_hw_platform/system.xml -pe microblaze_0
mcb_system.elf 

ELF file	: mcb_system.elf
elfcheck passed.
'Finished building: mcb_system.elf.elfcheck'
' '
12:28:15 **** Incremental Build of configuration Debug for project mcb_system ****
make all 
make: Nothing to be done for `all'.
12:31:33 **** Auto Build of configuration Debug for project mcb_system ****
make all 
'Building file: ../src/can_cmd.c'
'Invoking: MicroBlaze gcc compiler'
mb-gcc -Wall -O0 -g3 -I../../mcb_system_bsp/microblaze_0/include -I"C:\Work\XILINX\Projects\New_25\system\mcb_system\src" -I"C:\Work\XILINX\Projects\New_25\system\mcb_system\src\can" -I"C:\Work\XILINX\Projects\New_25\system\mcb_system\src\FreeRTOS" -I"C:\Work\XILINX\Projects\New_25\system\mcb_system\src\mrte" -c -fmessage-length=0 -mlittle-endian -mxl-barrel-shift -mxl-pattern-compare -mno-xl-soft-div -mcpu=v8.50.c -mno-xl-soft-mul -mhard-float -mxl-float-convert -mxl-float-sqrt -Wl,--no-relax -ffunction-sections -fdata-sections -MMD -MP -MF"src/can_cmd.d" -MT"src/can_cmd.d" -o "src/can_cmd.o" "../src/can_cmd.c"
../src/can_cmd.c:27:0: warning: "MODULE_VER_PO" redefined [enabled by default]
../src/can_cmd_defs.h:18:0: note: this is the location of the previous definition
../src/can_cmd.c: In function 'cmd_decoder':
../src/can_cmd.c:65:19: warning: unused variable 'RX_Com_buf_pointer' [-Wunused-variable]
../src/can_cmd.c:64:19: warning: unused variable 'TX_Com_buf_pointer' [-Wunused-variable]
../src/can_cmd.c:60:5: warning: unused variable 'kk' [-Wunused-variable]
../src/can_cmd.c:59:5: warning: unused variable 'mega_ans_type' [-Wunused-variable]
../src/can_cmd.c:57:22: warning: unused variable 'answer_length' [-Wunused-variable]
../src/can_cmd.c:57:6: warning: unused variable 'request_length' [-Wunused-variable]
../src/can_cmd.c: At top level:
../src/can_cmd.c:43:14: warning: 'Prepare_Buf_ERROR' defined but not used [-Wunused-function]
'Finished building: ../src/can_cmd.c'
' '
'Building target: mcb_system.elf'
'Invoking: MicroBlaze gcc linker'
mb-gcc -Wl,-T -Wl,../src/lscript.ld -L../../mcb_system_bsp/microblaze_0/lib -mlittle-endian -mxl-barrel-shift -mxl-pattern-compare -mno-xl-soft-div -mcpu=v8.50.c -mno-xl-soft-mul -mhard-float -mxl-float-convert -mxl-float-sqrt -Wl,--no-relax -Wl,--gc-sections -o "mcb_system.elf"  ./src/mrte/io-mrte.o  ./src/can/can_config.o ./src/can/can_freertos.o ./src/can/can_opc.o  ./src/FreeRTOS/FreeRTOS_mb_hooks.o ./src/FreeRTOS/croutine.o ./src/FreeRTOS/event_groups.o ./src/FreeRTOS/heap_1.o ./src/FreeRTOS/list.o ./src/FreeRTOS/port.o ./src/FreeRTOS/port_exceptions.o ./src/FreeRTOS/portasm.o ./src/FreeRTOS/queue.o ./src/FreeRTOS/stream_buffer.o ./src/FreeRTOS/tasks.o ./src/FreeRTOS/timers.o  ./src/can_cmd.o ./src/main.o ./src/platform.o   -Wl,--start-group,-lxil,-lgcc,-lc,--end-group
'Finished building target: mcb_system.elf'
' '
'Invoking: MicroBlaze Print Size'
mb-size mcb_system.elf  |tee "mcb_system.elf.size"
   text	   data	    bss	    dec	    hex	filename
  49648	  90612	 127284	 267544	  41518	mcb_system.elf
'Finished building: mcb_system.elf.size'
' '
'Invoking: Xilinx ELF Check'
elfcheck mcb_system.elf -hw ../../proc_hw_platform/system.xml -pe microblaze_0  |tee "mcb_system.elf.elfcheck"
elfcheck
Xilinx EDK 14.7 Build EDK_P.20131013
Copyright (c) 1995-2012 Xilinx, Inc.  All rights reserved.

Command Line: elfcheck -hw ../../proc_hw_platform/system.xml -pe microblaze_0
mcb_system.elf 

ELF file	: mcb_system.elf
elfcheck passed.
'Finished building: mcb_system.elf.elfcheck'
' '
12:31:44 **** Incremental Build of configuration Debug for project mcb_system ****
make all 
make: Nothing to be done for `all'.
12:34:14 **** Auto Build of configuration Debug for project mcb_system ****
make all 
'Building file: ../src/can_cmd.c'
'Invoking: MicroBlaze gcc compiler'
mb-gcc -Wall -O0 -g3 -I../../mcb_system_bsp/microblaze_0/include -I"C:\Work\XILINX\Projects\New_25\system\mcb_system\src" -I"C:\Work\XILINX\Projects\New_25\system\mcb_system\src\can" -I"C:\Work\XILINX\Projects\New_25\system\mcb_system\src\FreeRTOS" -I"C:\Work\XILINX\Projects\New_25\system\mcb_system\src\mrte" -c -fmessage-length=0 -mlittle-endian -mxl-barrel-shift -mxl-pattern-compare -mno-xl-soft-div -mcpu=v8.50.c -mno-xl-soft-mul -mhard-float -mxl-float-convert -mxl-float-sqrt -Wl,--no-relax -ffunction-sections -fdata-sections -MMD -MP -MF"src/can_cmd.d" -MT"src/can_cmd.d" -o "src/can_cmd.o" "../src/can_cmd.c"
../src/can_cmd.c:27:0: warning: "MODULE_VER_PO" redefined [enabled by default]
../src/can_cmd_defs.h:18:0: note: this is the location of the previous definition
../src/can_cmd.c: In function 'cmd_decoder':
../src/can_cmd.c:60:5: warning: unused variable 'kk' [-Wunused-variable]
../src/can_cmd.c:59:5: warning: unused variable 'mega_ans_type' [-Wunused-variable]
../src/can_cmd.c:57:22: warning: unused variable 'answer_length' [-Wunused-variable]
../src/can_cmd.c: At top level:
../src/can_cmd.c:43:14: warning: 'Prepare_Buf_ERROR' defined but not used [-Wunused-function]
'Finished building: ../src/can_cmd.c'
' '
'Building target: mcb_system.elf'
'Invoking: MicroBlaze gcc linker'
mb-gcc -Wl,-T -Wl,../src/lscript.ld -L../../mcb_system_bsp/microblaze_0/lib -mlittle-endian -mxl-barrel-shift -mxl-pattern-compare -mno-xl-soft-div -mcpu=v8.50.c -mno-xl-soft-mul -mhard-float -mxl-float-convert -mxl-float-sqrt -Wl,--no-relax -Wl,--gc-sections -o "mcb_system.elf"  ./src/mrte/io-mrte.o  ./src/can/can_config.o ./src/can/can_freertos.o ./src/can/can_opc.o  ./src/FreeRTOS/FreeRTOS_mb_hooks.o ./src/FreeRTOS/croutine.o ./src/FreeRTOS/event_groups.o ./src/FreeRTOS/heap_1.o ./src/FreeRTOS/list.o ./src/FreeRTOS/port.o ./src/FreeRTOS/port_exceptions.o ./src/FreeRTOS/portasm.o ./src/FreeRTOS/queue.o ./src/FreeRTOS/stream_buffer.o ./src/FreeRTOS/tasks.o ./src/FreeRTOS/timers.o  ./src/can_cmd.o ./src/main.o ./src/platform.o   -Wl,--start-group,-lxil,-lgcc,-lc,--end-group
'Finished building target: mcb_system.elf'
' '
'Invoking: MicroBlaze Print Size'
mb-size mcb_system.elf  |tee "mcb_system.elf.size"
   text	   data	    bss	    dec	    hex	filename
  49864	  90612	 127284	 267760	  415f0	mcb_system.elf
'Finished building: mcb_system.elf.size'
' '
'Invoking: Xilinx ELF Check'
elfcheck mcb_system.elf -hw ../../proc_hw_platform/system.xml -pe microblaze_0  |tee "mcb_system.elf.elfcheck"
elfcheck
Xilinx EDK 14.7 Build EDK_P.20131013
Copyright (c) 1995-2012 Xilinx, Inc.  All rights reserved.

Command Line: elfcheck -hw ../../proc_hw_platform/system.xml -pe microblaze_0
mcb_system.elf 

ELF file	: mcb_system.elf
elfcheck passed.
'Finished building: mcb_system.elf.elfcheck'
' '
12:37:18 **** Auto Build of configuration Debug for project mcb_system ****
make all 
'Building file: ../src/can_cmd.c'
'Invoking: MicroBlaze gcc compiler'
mb-gcc -Wall -O0 -g3 -I../../mcb_system_bsp/microblaze_0/include -I"C:\Work\XILINX\Projects\New_25\system\mcb_system\src" -I"C:\Work\XILINX\Projects\New_25\system\mcb_system\src\can" -I"C:\Work\XILINX\Projects\New_25\system\mcb_system\src\FreeRTOS" -I"C:\Work\XILINX\Projects\New_25\system\mcb_system\src\mrte" -c -fmessage-length=0 -mlittle-endian -mxl-barrel-shift -mxl-pattern-compare -mno-xl-soft-div -mcpu=v8.50.c -mno-xl-soft-mul -mhard-float -mxl-float-convert -mxl-float-sqrt -Wl,--no-relax -ffunction-sections -fdata-sections -MMD -MP -MF"src/can_cmd.d" -MT"src/can_cmd.d" -o "src/can_cmd.o" "../src/can_cmd.c"
../src/can_cmd.c:27:0: warning: "MODULE_VER_PO" redefined [enabled by default]
../src/can_cmd_defs.h:18:0: note: this is the location of the previous definition
../src/can_cmd.c: In function 'cmd_decoder':
../src/can_cmd.c:60:5: warning: unused variable 'kk' [-Wunused-variable]
../src/can_cmd.c:59:5: warning: unused variable 'mega_ans_type' [-Wunused-variable]
../src/can_cmd.c:57:22: warning: unused variable 'answer_length' [-Wunused-variable]
../src/can_cmd.c: At top level:
../src/can_cmd.c:43:14: warning: 'Prepare_Buf_ERROR' defined but not used [-Wunused-function]
'Finished building: ../src/can_cmd.c'
' '
'Building target: mcb_system.elf'
'Invoking: MicroBlaze gcc linker'
mb-gcc -Wl,-T -Wl,../src/lscript.ld -L../../mcb_system_bsp/microblaze_0/lib -mlittle-endian -mxl-barrel-shift -mxl-pattern-compare -mno-xl-soft-div -mcpu=v8.50.c -mno-xl-soft-mul -mhard-float -mxl-float-convert -mxl-float-sqrt -Wl,--no-relax -Wl,--gc-sections -o "mcb_system.elf"  ./src/mrte/io-mrte.o  ./src/can/can_config.o ./src/can/can_freertos.o ./src/can/can_opc.o  ./src/FreeRTOS/FreeRTOS_mb_hooks.o ./src/FreeRTOS/croutine.o ./src/FreeRTOS/event_groups.o ./src/FreeRTOS/heap_1.o ./src/FreeRTOS/list.o ./src/FreeRTOS/port.o ./src/FreeRTOS/port_exceptions.o ./src/FreeRTOS/portasm.o ./src/FreeRTOS/queue.o ./src/FreeRTOS/stream_buffer.o ./src/FreeRTOS/tasks.o ./src/FreeRTOS/timers.o  ./src/can_cmd.o ./src/main.o ./src/platform.o   -Wl,--start-group,-lxil,-lgcc,-lc,--end-group
'Finished building target: mcb_system.elf'
' '
'Invoking: MicroBlaze Print Size'
mb-size mcb_system.elf  |tee "mcb_system.elf.size"
   text	   data	    bss	    dec	    hex	filename
  49864	  90612	 127284	 267760	  415f0	mcb_system.elf
'Finished building: mcb_system.elf.size'
' '
'Invoking: Xilinx ELF Check'
elfcheck mcb_system.elf -hw ../../proc_hw_platform/system.xml -pe microblaze_0  |tee "mcb_system.elf.elfcheck"
elfcheck
Xilinx EDK 14.7 Build EDK_P.20131013
Copyright (c) 1995-2012 Xilinx, Inc.  All rights reserved.

Command Line: elfcheck -hw ../../proc_hw_platform/system.xml -pe microblaze_0
mcb_system.elf 

ELF file	: mcb_system.elf
elfcheck passed.
'Finished building: mcb_system.elf.elfcheck'
' '
12:38:40 **** Incremental Build of configuration Debug for project mcb_system ****
make all 
make: Nothing to be done for `all'.
12:41:42 **** Auto Build of configuration Debug for project mcb_system ****
make all 
'Building file: ../src/can_cmd.c'
'Invoking: MicroBlaze gcc compiler'
mb-gcc -Wall -O0 -g3 -I../../mcb_system_bsp/microblaze_0/include -I"C:\Work\XILINX\Projects\New_25\system\mcb_system\src" -I"C:\Work\XILINX\Projects\New_25\system\mcb_system\src\can" -I"C:\Work\XILINX\Projects\New_25\system\mcb_system\src\FreeRTOS" -I"C:\Work\XILINX\Projects\New_25\system\mcb_system\src\mrte" -c -fmessage-length=0 -mlittle-endian -mxl-barrel-shift -mxl-pattern-compare -mno-xl-soft-div -mcpu=v8.50.c -mno-xl-soft-mul -mhard-float -mxl-float-convert -mxl-float-sqrt -Wl,--no-relax -ffunction-sections -fdata-sections -MMD -MP -MF"src/can_cmd.d" -MT"src/can_cmd.d" -o "src/can_cmd.o" "../src/can_cmd.c"
../src/can_cmd.c:27:0: warning: "MODULE_VER_PO" redefined [enabled by default]
../src/can_cmd_defs.h:18:0: note: this is the location of the previous definition
../src/can_cmd.c: In function 'cmd_decoder':
../src/can_cmd.c:60:5: warning: unused variable 'kk' [-Wunused-variable]
../src/can_cmd.c:59:5: warning: unused variable 'mega_ans_type' [-Wunused-variable]
'Finished building: ../src/can_cmd.c'
' '
'Building target: mcb_system.elf'
'Invoking: MicroBlaze gcc linker'
mb-gcc -Wl,-T -Wl,../src/lscript.ld -L../../mcb_system_bsp/microblaze_0/lib -mlittle-endian -mxl-barrel-shift -mxl-pattern-compare -mno-xl-soft-div -mcpu=v8.50.c -mno-xl-soft-mul -mhard-float -mxl-float-convert -mxl-float-sqrt -Wl,--no-relax -Wl,--gc-sections -o "mcb_system.elf"  ./src/mrte/io-mrte.o  ./src/can/can_config.o ./src/can/can_freertos.o ./src/can/can_opc.o  ./src/FreeRTOS/FreeRTOS_mb_hooks.o ./src/FreeRTOS/croutine.o ./src/FreeRTOS/event_groups.o ./src/FreeRTOS/heap_1.o ./src/FreeRTOS/list.o ./src/FreeRTOS/port.o ./src/FreeRTOS/port_exceptions.o ./src/FreeRTOS/portasm.o ./src/FreeRTOS/queue.o ./src/FreeRTOS/stream_buffer.o ./src/FreeRTOS/tasks.o ./src/FreeRTOS/timers.o  ./src/can_cmd.o ./src/main.o ./src/platform.o   -Wl,--start-group,-lxil,-lgcc,-lc,--end-group
'Finished building target: mcb_system.elf'
' '
'Invoking: MicroBlaze Print Size'
mb-size mcb_system.elf  |tee "mcb_system.elf.size"
   text	   data	    bss	    dec	    hex	filename
  50028	  90612	 127288	 267928	  41698	mcb_system.elf
'Finished building: mcb_system.elf.size'
' '
'Invoking: Xilinx ELF Check'
elfcheck mcb_system.elf -hw ../../proc_hw_platform/system.xml -pe microblaze_0  |tee "mcb_system.elf.elfcheck"
elfcheck
Xilinx EDK 14.7 Build EDK_P.20131013
Copyright (c) 1995-2012 Xilinx, Inc.  All rights reserved.

Command Line: elfcheck -hw ../../proc_hw_platform/system.xml -pe microblaze_0
mcb_system.elf 

ELF file	: mcb_system.elf
elfcheck passed.
'Finished building: mcb_system.elf.elfcheck'
' '
12:41:55 **** Incremental Build of configuration Debug for project mcb_system ****
make all 
make: Nothing to be done for `all'.
12:43:27 **** Incremental Build of configuration Debug for project mcb_system ****
make all 
make: Nothing to be done for `all'.
12:46:23 **** Incremental Build of configuration Debug for project mcb_system ****
make all 
make: Nothing to be done for `all'.
12:46:32 **** Incremental Build of configuration Debug for project mcb_system ****
make all 
make: Nothing to be done for `all'.
12:49:35 **** Incremental Build of configuration Debug for project mcb_system ****
make all 
make: Nothing to be done for `all'.
12:51:14 **** Incremental Build of configuration Debug for project mcb_system ****
make all 
make: Nothing to be done for `all'.
12:53:13 **** Auto Build of configuration Debug for project mcb_system ****
make all 
'Building file: ../src/can_cmd.c'
'Invoking: MicroBlaze gcc compiler'
mb-gcc -Wall -O0 -g3 -I../../mcb_system_bsp/microblaze_0/include -I"C:\Work\XILINX\Projects\New_25\system\mcb_system\src" -I"C:\Work\XILINX\Projects\New_25\system\mcb_system\src\can" -I"C:\Work\XILINX\Projects\New_25\system\mcb_system\src\FreeRTOS" -I"C:\Work\XILINX\Projects\New_25\system\mcb_system\src\mrte" -c -fmessage-length=0 -mlittle-endian -mxl-barrel-shift -mxl-pattern-compare -mno-xl-soft-div -mcpu=v8.50.c -mno-xl-soft-mul -mhard-float -mxl-float-convert -mxl-float-sqrt -Wl,--no-relax -ffunction-sections -fdata-sections -MMD -MP -MF"src/can_cmd.d" -MT"src/can_cmd.d" -o "src/can_cmd.o" "../src/can_cmd.c"
../src/can_cmd.c:27:0: warning: "MODULE_VER_PO" redefined [enabled by default]
../src/can_cmd_defs.h:18:0: note: this is the location of the previous definition
../src/can_cmd.c: In function 'cmd_decoder':
../src/can_cmd.c:60:5: warning: unused variable 'kk' [-Wunused-variable]
'Finished building: ../src/can_cmd.c'
' '
'Building target: mcb_system.elf'
'Invoking: MicroBlaze gcc linker'
mb-gcc -Wl,-T -Wl,../src/lscript.ld -L../../mcb_system_bsp/microblaze_0/lib -mlittle-endian -mxl-barrel-shift -mxl-pattern-compare -mno-xl-soft-div -mcpu=v8.50.c -mno-xl-soft-mul -mhard-float -mxl-float-convert -mxl-float-sqrt -Wl,--no-relax -Wl,--gc-sections -o "mcb_system.elf"  ./src/mrte/io-mrte.o  ./src/can/can_config.o ./src/can/can_freertos.o ./src/can/can_opc.o  ./src/FreeRTOS/FreeRTOS_mb_hooks.o ./src/FreeRTOS/croutine.o ./src/FreeRTOS/event_groups.o ./src/FreeRTOS/heap_1.o ./src/FreeRTOS/list.o ./src/FreeRTOS/port.o ./src/FreeRTOS/port_exceptions.o ./src/FreeRTOS/portasm.o ./src/FreeRTOS/queue.o ./src/FreeRTOS/stream_buffer.o ./src/FreeRTOS/tasks.o ./src/FreeRTOS/timers.o  ./src/can_cmd.o ./src/main.o ./src/platform.o   -Wl,--start-group,-lxil,-lgcc,-lc,--end-group
'Finished building target: mcb_system.elf'
' '
'Invoking: MicroBlaze Print Size'
mb-size mcb_system.elf  |tee "mcb_system.elf.size"
   text	   data	    bss	    dec	    hex	filename
  50296	  90612	 127284	 268192	  417a0	mcb_system.elf
'Finished building: mcb_system.elf.size'
' '
'Invoking: Xilinx ELF Check'
elfcheck mcb_system.elf -hw ../../proc_hw_platform/system.xml -pe microblaze_0  |tee "mcb_system.elf.elfcheck"
elfcheck
Xilinx EDK 14.7 Build EDK_P.20131013
Copyright (c) 1995-2012 Xilinx, Inc.  All rights reserved.

Command Line: elfcheck -hw ../../proc_hw_platform/system.xml -pe microblaze_0
mcb_system.elf 

ELF file	: mcb_system.elf
elfcheck passed.
[...]
10:19:35 **** Incremental Build of configuration Debug for project mcb_system ****
make all 
make: Nothing to be done for `all'.
10:26:57 **** Incremental Build of configuration Debug for project mcb_system ****
make all 
make: Nothing to be done for `all'.
10:28:50 **** Auto Build of configuration Debug for project mcb_system ****
make all 
'Building file: ../src/main.c'
'Invoking: MicroBlaze gcc compiler'
mb-gcc -Wall -O0 -g3 -I../../mcb_system_bsp/microblaze_0/include -I"C:\Work\XILINX\Projects\New_25\system\mcb_system\src" -I"C:\Work\XILINX\Projects\New_25\system\mcb_system\src\mrte" -I"C:\Work\XILINX\Projects\New_25\system\mcb_system\src\FreeRTOS" -I"C:\Work\XILINX\Projects\New_25\system\mcb_system\src\can" -c -fmessage-length=0 -mlittle-endian -mxl-barrel-shift -mxl-pattern-compare -mno-xl-soft-div -mcpu=v8.50.c -mno-xl-soft-mul -mhard-float -mxl-float-convert -mxl-float-sqrt -Wl,--no-relax -ffunction-sections -fdata-sections -MMD -MP -MF"src/main.d" -MT"src/main.d" -o "src/main.o" "../src/main.c"
../src/main.c:68:17: warning: 'candata' defined but not used [-Wunused-variable]
'Finished building: ../src/main.c'
' '
'Building target: mcb_system.elf'
'Invoking: MicroBlaze gcc linker'
mb-gcc -Wl,-T -Wl,../src/lscript.ld -L../../mcb_system_bsp/microblaze_0/lib -mlittle-endian -mxl-barrel-shift -mxl-pattern-compare -mno-xl-soft-div -mcpu=v8.50.c -mno-xl-soft-mul -mhard-float -mxl-float-convert -mxl-float-sqrt -Wl,--no-relax -Wl,--gc-sections -o "mcb_system.elf"  ./src/mrte/io-mrte.o  ./src/can/can_config.o ./src/can/can_freertos.o ./src/can/can_opc.o  ./src/FreeRTOS/FreeRTOS_mb_hooks.o ./src/FreeRTOS/croutine.o ./src/FreeRTOS/event_groups.o ./src/FreeRTOS/heap_1.o ./src/FreeRTOS/list.o ./src/FreeRTOS/port.o ./src/FreeRTOS/port_exceptions.o ./src/FreeRTOS/portasm.o ./src/FreeRTOS/queue.o ./src/FreeRTOS/stream_buffer.o ./src/FreeRTOS/tasks.o ./src/FreeRTOS/timers.o  ./src/can_cmd.o ./src/crc.o ./src/dd_mirp.o ./src/fpga.o ./src/leds.o ./src/main.o ./src/platform.o   -Wl,--start-group,-lxil,-lgcc,-lc,--end-group
'Finished building target: mcb_system.elf'
' '
'Invoking: MicroBlaze Print Size'
mb-size mcb_system.elf  |tee "mcb_system.elf.size"
   text	   data	    bss	    dec	    hex	filename
  61432	  91128	 127896	 280456	  44788	mcb_system.elf
'Finished building: mcb_system.elf.size'
' '
'Invoking: Xilinx ELF Check'
elfcheck mcb_system.elf -hw ../../proc_hw_platform/system.xml -pe microblaze_0  |tee "mcb_system.elf.elfcheck"
elfcheck
Xilinx EDK 14.7 Build EDK_P.20131013
Copyright (c) 1995-2012 Xilinx, Inc.  All rights reserved.

Command Line: elfcheck -hw ../../proc_hw_platform/system.xml -pe microblaze_0
mcb_system.elf 

ELF file	: mcb_system.elf
elfcheck passed.
'Finished building: mcb_system.elf.elfcheck'
' '
10:28:54 **** Incremental Build of configuration Debug for project mcb_system ****
make all 
make: Nothing to be done for `all'.
10:50:33 **** Incremental Build of configuration Debug for project mcb_system ****
make all 
make: Nothing to be done for `all'.
10:51:06 **** Incremental Build of configuration Debug for project mcb_system ****
make all 
make: Nothing to be done for `all'.
10:51:14 **** Incremental Build of configuration Debug for project mcb_system ****
make all 
make: Nothing to be done for `all'.
10:51:22 **** Incremental Build of configuration Debug for project mcb_system ****
make all 
make: Nothing to be done for `all'.
10:51:56 **** Incremental Build of configuration Debug for project mcb_system ****
make all 
make: Nothing to be done for `all'.
10:52:45 **** Incremental Build of configuration Debug for project mcb_system ****
make all 
make: Nothing to be done for `all'.
10:53:19 **** Incremental Build of configuration Debug for project mcb_system ****
make all 
make: Nothing to be done for `all'.
12:45:25 **** Incremental Build of configuration Debug for project mcb_system ****
make all 
make: Nothing to be done for `all'.
13:45:12 **** Incremental Build of configuration Debug for project mcb_system ****
make all 
make: Nothing to be done for `all'.
13:50:03 **** Auto Build of configuration Debug for project mcb_system ****
make all 
'Building file: ../src/main.c'
'Invoking: MicroBlaze gcc compiler'
mb-gcc -Wall -O0 -g3 -I../../mcb_system_bsp/microblaze_0/include -I"C:\Work\XILINX\Projects\New_25\system\mcb_system\src" -I"C:\Work\XILINX\Projects\New_25\system\mcb_system\src\mrte" -I"C:\Work\XILINX\Projects\New_25\system\mcb_system\src\FreeRTOS" -I"C:\Work\XILINX\Projects\New_25\system\mcb_system\src\can" -c -fmessage-length=0 -mlittle-endian -mxl-barrel-shift -mxl-pattern-compare -mno-xl-soft-div -mcpu=v8.50.c -mno-xl-soft-mul -mhard-float -mxl-float-convert -mxl-float-sqrt -Wl,--no-relax -ffunction-sections -fdata-sections -MMD -MP -MF"src/main.d" -MT"src/main.d" -o "src/main.o" "../src/main.c"
../src/main.c:68:17: warning: 'candata' defined but not used [-Wunused-variable]
'Finished building: ../src/main.c'
' '
'Building target: mcb_system.elf'
'Invoking: MicroBlaze gcc linker'
mb-gcc -Wl,-T -Wl,../src/lscript.ld -L../../mcb_system_bsp/microblaze_0/lib -mlittle-endian -mxl-barrel-shift -mxl-pattern-compare -mno-xl-soft-div -mcpu=v8.50.c -mno-xl-soft-mul -mhard-float -mxl-float-convert -mxl-float-sqrt -Wl,--no-relax -Wl,--gc-sections -o "mcb_system.elf"  ./src/mrte/io-mrte.o  ./src/can/can_config.o ./src/can/can_freertos.o ./src/can/can_opc.o  ./src/FreeRTOS/FreeRTOS_mb_hooks.o ./src/FreeRTOS/croutine.o ./src/FreeRTOS/event_groups.o ./src/FreeRTOS/heap_1.o ./src/FreeRTOS/list.o ./src/FreeRTOS/port.o ./src/FreeRTOS/port_exceptions.o ./src/FreeRTOS/portasm.o ./src/FreeRTOS/queue.o ./src/FreeRTOS/stream_buffer.o ./src/FreeRTOS/tasks.o ./src/FreeRTOS/timers.o  ./src/can_cmd.o ./src/crc.o ./src/dd_mirp.o ./src/fpga.o ./src/leds.o ./src/main.o ./src/platform.o   -Wl,--start-group,-lxil,-lgcc,-lc,--end-group
'Finished building target: mcb_system.elf'
' '
'Invoking: MicroBlaze Print Size'
mb-size mcb_system.elf  |tee "mcb_system.elf.size"
   text	   data	    bss	    dec	    hex	filename
  61460	  91128	 127900	 280488	  447a8	mcb_system.elf
'Finished building: mcb_system.elf.size'
' '
'Invoking: Xilinx ELF Check'
elfcheck mcb_system.elf -hw ../../proc_hw_platform/system.xml -pe microblaze_0  |tee "mcb_system.elf.elfcheck"
elfcheck
Xilinx EDK 14.7 Build EDK_P.20131013
Copyright (c) 1995-2012 Xilinx, Inc.  All rights reserved.

Command Line: elfcheck -hw ../../proc_hw_platform/system.xml -pe microblaze_0
mcb_system.elf 

ELF file	: mcb_system.elf
elfcheck passed.
'Finished building: mcb_system.elf.elfcheck'
' '
13:50:13 **** Incremental Build of configuration Debug for project mcb_system ****
make all 
make: Nothing to be done for `all'.
14:06:59 **** Auto Build of configuration Debug for project mcb_system ****
make all 
'Building file: ../src/main.c'
'Invoking: MicroBlaze gcc compiler'
mb-gcc -Wall -O0 -g3 -I../../mcb_system_bsp/microblaze_0/include -I"C:\Work\XILINX\Projects\New_25\system\mcb_system\src" -I"C:\Work\XILINX\Projects\New_25\system\mcb_system\src\mrte" -I"C:\Work\XILINX\Projects\New_25\system\mcb_system\src\FreeRTOS" -I"C:\Work\XILINX\Projects\New_25\system\mcb_system\src\can" -c -fmessage-length=0 -mlittle-endian -mxl-barrel-shift -mxl-pattern-compare -mno-xl-soft-div -mcpu=v8.50.c -mno-xl-soft-mul -mhard-float -mxl-float-convert -mxl-float-sqrt -Wl,--no-relax -ffunction-sections -fdata-sections -MMD -MP -MF"src/main.d" -MT"src/main.d" -o "src/main.o" "../src/main.c"
../src/main.c:68:17: warning: 'candata' defined but not used [-Wunused-variable]
'Finished building: ../src/main.c'
' '
'Building target: mcb_system.elf'
'Invoking: MicroBlaze gcc linker'
mb-gcc -Wl,-T -Wl,../src/lscript.ld -L../../mcb_system_bsp/microblaze_0/lib -mlittle-endian -mxl-barrel-shift -mxl-pattern-compare -mno-xl-soft-div -mcpu=v8.50.c -mno-xl-soft-mul -mhard-float -mxl-float-convert -mxl-float-sqrt -Wl,--no-relax -Wl,--gc-sections -o "mcb_system.elf"  ./src/mrte/io-mrte.o  ./src/can/can_config.o ./src/can/can_freertos.o ./src/can/can_opc.o  ./src/FreeRTOS/FreeRTOS_mb_hooks.o ./src/FreeRTOS/croutine.o ./src/FreeRTOS/event_groups.o ./src/FreeRTOS/heap_1.o ./src/FreeRTOS/list.o ./src/FreeRTOS/port.o ./src/FreeRTOS/port_exceptions.o ./src/FreeRTOS/portasm.o ./src/FreeRTOS/queue.o ./src/FreeRTOS/stream_buffer.o ./src/FreeRTOS/tasks.o ./src/FreeRTOS/timers.o  ./src/can_cmd.o ./src/crc.o ./src/dd_mirp.o ./src/fpga.o ./src/leds.o ./src/main.o ./src/platform.o   -Wl,--start-group,-lxil,-lgcc,-lc,--end-group
'Finished building target: mcb_system.elf'
' '
'Invoking: MicroBlaze Print Size'
mb-size mcb_system.elf  |tee "mcb_system.elf.size"
   text	   data	    bss	    dec	    hex	filename
  61484	  91128	 127900	 280512	  447c0	mcb_system.elf
'Finished building: mcb_system.elf.size'
' '
'Invoking: Xilinx ELF Check'
elfcheck mcb_system.elf -hw ../../proc_hw_platform/system.xml -pe microblaze_0  |tee "mcb_system.elf.elfcheck"
elfcheck
Xilinx EDK 14.7 Build EDK_P.20131013
Copyright (c) 1995-2012 Xilinx, Inc.  All rights reserved.

Command Line: elfcheck -hw ../../proc_hw_platform/system.xml -pe microblaze_0
mcb_system.elf 

ELF file	: mcb_system.elf
elfcheck passed.
'Finished building: mcb_system.elf.elfcheck'
' '
14:07:06 **** Incremental Build of configuration Debug for project mcb_system ****
make all 
make: Nothing to be done for `all'.
14:21:47 **** Auto Build of configuration Debug for project mcb_system ****
make all 
'Building file: ../src/main.c'
'Invoking: MicroBlaze gcc compiler'
mb-gcc -Wall -O0 -g3 -I../../mcb_system_bsp/microblaze_0/include -I"C:\Work\XILINX\Projects\New_25\system\mcb_system\src" -I"C:\Work\XILINX\Projects\New_25\system\mcb_system\src\mrte" -I"C:\Work\XILINX\Projects\New_25\system\mcb_system\src\FreeRTOS" -I"C:\Work\XILINX\Projects\New_25\system\mcb_system\src\can" -c -fmessage-length=0 -mlittle-endian -mxl-barrel-shift -mxl-pattern-compare -mno-xl-soft-div -mcpu=v8.50.c -mno-xl-soft-mul -mhard-float -mxl-float-convert -mxl-float-sqrt -Wl,--no-relax -ffunction-sections -fdata-sections -MMD -MP -MF"src/main.d" -MT"src/main.d" -o "src/main.o" "../src/main.c"
../src/main.c:68:17: warning: 'candata' defined but not used [-Wunused-variable]
'Finished building: ../src/main.c'
' '
'Building target: mcb_system.elf'
'Invoking: MicroBlaze gcc linker'
mb-gcc -Wl,-T -Wl,../src/lscript.ld -L../../mcb_system_bsp/microblaze_0/lib -mlittle-endian -mxl-barrel-shift -mxl-pattern-compare -mno-xl-soft-div -mcpu=v8.50.c -mno-xl-soft-mul -mhard-float -mxl-float-convert -mxl-float-sqrt -Wl,--no-relax -Wl,--gc-sections -o "mcb_system.elf"  ./src/mrte/io-mrte.o  ./src/can/can_config.o ./src/can/can_freertos.o ./src/can/can_opc.o  ./src/FreeRTOS/FreeRTOS_mb_hooks.o ./src/FreeRTOS/croutine.o ./src/FreeRTOS/event_groups.o ./src/FreeRTOS/heap_1.o ./src/FreeRTOS/list.o ./src/FreeRTOS/port.o ./src/FreeRTOS/port_exceptions.o ./src/FreeRTOS/portasm.o ./src/FreeRTOS/queue.o ./src/FreeRTOS/stream_buffer.o ./src/FreeRTOS/tasks.o ./src/FreeRTOS/timers.o  ./src/can_cmd.o ./src/crc.o ./src/dd_mirp.o ./src/fpga.o ./src/leds.o ./src/main.o ./src/platform.o   -Wl,--start-group,-lxil,-lgcc,-lc,--end-group
'Finished building target: mcb_system.elf'
' '
'Invoking: MicroBlaze Print Size'
mb-size mcb_system.elf  |tee "mcb_system.elf.size"
   text	   data	    bss	    dec	    hex	filename
  62828	  91128	 127900	 281856	  44d00	mcb_system.elf
'Finished building: mcb_system.elf.size'
' '
'Invoking: Xilinx ELF Check'
elfcheck mcb_system.elf -hw ../../proc_hw_platform/system.xml -pe microblaze_0  |tee "mcb_system.elf.elfcheck"
elfcheck
Xilinx EDK 14.7 Build EDK_P.20131013
Copyright (c) 1995-2012 Xilinx, Inc.  All rights reserved.

Command Line: elfcheck -hw ../../proc_hw_platform/system.xml -pe microblaze_0
mcb_system.elf 

ELF file	: mcb_system.elf
elfcheck passed.
'Finished building: mcb_system.elf.elfcheck'
' '
14:21:50 **** Incremental Build of configuration Debug for project mcb_system ****
make all 
make: Nothing to be done for `all'.
14:28:02 **** Auto Build of configuration Debug for project mcb_system ****
make all 
'Building file: ../src/main.c'
'Invoking: MicroBlaze gcc compiler'
mb-gcc -Wall -O0 -g3 -I../../mcb_system_bsp/microblaze_0/include -I"C:\Work\XILINX\Projects\New_25\system\mcb_system\src" -I"C:\Work\XILINX\Projects\New_25\system\mcb_system\src\mrte" -I"C:\Work\XILINX\Projects\New_25\system\mcb_system\src\FreeRTOS" -I"C:\Work\XILINX\Projects\New_25\system\mcb_system\src\can" -c -fmessage-length=0 -mlittle-endian -mxl-barrel-shift -mxl-pattern-compare -mno-xl-soft-div -mcpu=v8.50.c -mno-xl-soft-mul -mhard-float -mxl-float-convert -mxl-float-sqrt -Wl,--no-relax -ffunction-sections -fdata-sections -MMD -MP -MF"src/main.d" -MT"src/main.d" -o "src/main.o" "../src/main.c"
../src/main.c:68:17: warning: 'candata' defined but not used [-Wunused-variable]
'Finished building: ../src/main.c'
' '
'Building target: mcb_system.elf'
'Invoking: MicroBlaze gcc linker'
mb-gcc -Wl,-T -Wl,../src/lscript.ld -L../../mcb_system_bsp/microblaze_0/lib -mlittle-endian -mxl-barrel-shift -mxl-pattern-compare -mno-xl-soft-div -mcpu=v8.50.c -mno-xl-soft-mul -mhard-float -mxl-float-convert -mxl-float-sqrt -Wl,--no-relax -Wl,--gc-sections -o "mcb_system.elf"  ./src/mrte/io-mrte.o  ./src/can/can_config.o ./src/can/can_freertos.o ./src/can/can_opc.o  ./src/FreeRTOS/FreeRTOS_mb_hooks.o ./src/FreeRTOS/croutine.o ./src/FreeRTOS/event_groups.o ./src/FreeRTOS/heap_1.o ./src/FreeRTOS/list.o ./src/FreeRTOS/port.o ./src/FreeRTOS/port_exceptions.o ./src/FreeRTOS/portasm.o ./src/FreeRTOS/queue.o ./src/FreeRTOS/stream_buffer.o ./src/FreeRTOS/tasks.o ./src/FreeRTOS/timers.o  ./src/can_cmd.o ./src/crc.o ./src/dd_mirp.o ./src/fpga.o ./src/leds.o ./src/main.o ./src/platform.o   -Wl,--start-group,-lxil,-lgcc,-lc,--end-group
'Finished building target: mcb_system.elf'
' '
'Invoking: MicroBlaze Print Size'
mb-size mcb_system.elf  |tee "mcb_system.elf.size"
   text	   data	    bss	    dec	    hex	filename
  62976	  91128	 127896	 282000	  44d90	mcb_system.elf
'Finished building: mcb_system.elf.size'
' '
'Invoking: Xilinx ELF Check'
elfcheck mcb_system.elf -hw ../../proc_hw_platform/system.xml -pe microblaze_0  |tee "mcb_system.elf.elfcheck"
elfcheck
Xilinx EDK 14.7 Build EDK_P.20131013
Copyright (c) 1995-2012 Xilinx, Inc.  All rights reserved.

Command Line: elfcheck -hw ../../proc_hw_platform/system.xml -pe microblaze_0
mcb_system.elf 

ELF file	: mcb_system.elf
elfcheck passed.
'Finished building: mcb_system.elf.elfcheck'
' '
14:28:09 **** Incremental Build of configuration Debug for project mcb_system ****
make all 
make: Nothing to be done for `all'.
14:51:26 **** Incremental Build of configuration Debug for project mcb_system ****
make all 
make: Nothing to be done for `all'.
14:52:36 **** Auto Build of configuration Debug for project mcb_system ****
make all 
'Building file: ../src/main.c'
'Invoking: MicroBlaze gcc compiler'
mb-gcc -Wall -O0 -g3 -I../../mcb_system_bsp/microblaze_0/include -I"C:\Work\XILINX\Projects\New_25\system\mcb_system\src" -I"C:\Work\XILINX\Projects\New_25\system\mcb_system\src\mrte" -I"C:\Work\XILINX\Projects\New_25\system\mcb_system\src\FreeRTOS" -I"C:\Work\XILINX\Projects\New_25\system\mcb_system\src\can" -c -fmessage-length=0 -mlittle-endian -mxl-barrel-shift -mxl-pattern-compare -mno-xl-soft-div -mcpu=v8.50.c -mno-xl-soft-mul -mhard-float -mxl-float-convert -mxl-float-sqrt -Wl,--no-relax -ffunction-sections -fdata-sections -MMD -MP -MF"src/main.d" -MT"src/main.d" -o "src/main.o" "../src/main.c"
../src/main.c:68:17: warning: 'candata' defined but not used [-Wunused-variable]
'Finished building: ../src/main.c'
' '
'Building target: mcb_system.elf'
'Invoking: MicroBlaze gcc linker'
mb-gcc -Wl,-T -Wl,../src/lscript.ld -L../../mcb_system_bsp/microblaze_0/lib -mlittle-endian -mxl-barrel-shift -mxl-pattern-compare -mno-xl-soft-div -mcpu=v8.50.c -mno-xl-soft-mul -mhard-float -mxl-float-convert -mxl-float-sqrt -Wl,--no-relax -Wl,--gc-sections -o "mcb_system.elf"  ./src/mrte/io-mrte.o  ./src/can/can_config.o ./src/can/can_freertos.o ./src/can/can_opc.o  ./src/FreeRTOS/FreeRTOS_mb_hooks.o ./src/FreeRTOS/croutine.o ./src/FreeRTOS/event_groups.o ./src/FreeRTOS/heap_1.o ./src/FreeRTOS/list.o ./src/FreeRTOS/port.o ./src/FreeRTOS/port_exceptions.o ./src/FreeRTOS/portasm.o ./src/FreeRTOS/queue.o ./src/FreeRTOS/stream_buffer.o ./src/FreeRTOS/tasks.o ./src/FreeRTOS/timers.o  ./src/can_cmd.o ./src/crc.o ./src/dd_mirp.o ./src/fpga.o ./src/leds.o ./src/main.o ./src/platform.o   -Wl,--start-group,-lxil,-lgcc,-lc,--end-group
'Finished building target: mcb_system.elf'
' '
'Invoking: MicroBlaze Print Size'
mb-size mcb_system.elf  |tee "mcb_system.elf.size"
   text	   data	    bss	    dec	    hex	filename
  62976	  91128	 127896	 282000	  44d90	mcb_system.elf
'Finished building: mcb_system.elf.size'
' '
'Invoking: Xilinx ELF Check'
elfcheck mcb_system.elf -hw ../../proc_hw_platform/system.xml -pe microblaze_0  |tee "mcb_system.elf.elfcheck"
elfcheck
Xilinx EDK 14.7 Build EDK_P.20131013
Copyright (c) 1995-2012 Xilinx, Inc.  All rights reserved.

Command Line: elfcheck -hw ../../proc_hw_platform/system.xml -pe microblaze_0
mcb_system.elf 

ELF file	: mcb_system.elf
elfcheck passed.
'Finished building: mcb_system.elf.elfcheck'
' '
14:52:41 **** Incremental Build of configuration Debug for project mcb_system ****
make all 
make: Nothing to be done for `all'.
14:52:46 **** Incremental Build of configuration Debug for project mcb_system ****
make all 
make: Nothing to be done for `all'.
16:01:32 **** Auto Build of configuration Debug for project mcb_system ****
make all 
'Building file: ../src/main.c'
'Invoking: MicroBlaze gcc compiler'
mb-gcc -Wall -O0 -g3 -I../../mcb_system_bsp/microblaze_0/include -I"C:\Work\XILINX\Projects\New_25\system\mcb_system\src" -I"C:\Work\XILINX\Projects\New_25\system\mcb_system\src\mrte" -I"C:\Work\XILINX\Projects\New_25\system\mcb_system\src\FreeRTOS" -I"C:\Work\XILINX\Projects\New_25\system\mcb_system\src\can" -c -fmessage-length=0 -mlittle-endian -mxl-barrel-shift -mxl-pattern-compare -mno-xl-soft-div -mcpu=v8.50.c -mno-xl-soft-mul -mhard-float -mxl-float-convert -mxl-float-sqrt -Wl,--no-relax -ffunction-sections -fdata-sections -MMD -MP -MF"src/main.d" -MT"src/main.d" -o "src/main.o" "../src/main.c"
../src/main.c:68:17: warning: 'candata' defined but not used [-Wunused-variable]
'Finished building: ../src/main.c'
' '
'Building target: mcb_system.elf'
'Invoking: MicroBlaze gcc linker'
mb-gcc -Wl,-T -Wl,../src/lscript.ld -L../../mcb_system_bsp/microblaze_0/lib -mlittle-endian -mxl-barrel-shift -mxl-pattern-compare -mno-xl-soft-div -mcpu=v8.50.c -mno-xl-soft-mul -mhard-float -mxl-float-convert -mxl-float-sqrt -Wl,--no-relax -Wl,--gc-sections -o "mcb_system.elf"  ./src/mrte/io-mrte.o  ./src/can/can_config.o ./src/can/can_freertos.o ./src/can/can_opc.o  ./src/FreeRTOS/FreeRTOS_mb_hooks.o ./src/FreeRTOS/croutine.o ./src/FreeRTOS/event_groups.o ./src/FreeRTOS/heap_1.o ./src/FreeRTOS/list.o ./src/FreeRTOS/port.o ./src/FreeRTOS/port_exceptions.o ./src/FreeRTOS/portasm.o ./src/FreeRTOS/queue.o ./src/FreeRTOS/stream_buffer.o ./src/FreeRTOS/tasks.o ./src/FreeRTOS/timers.o  ./src/can_cmd.o ./src/crc.o ./src/dd_mirp.o ./src/fpga.o ./src/leds.o ./src/main.o ./src/platform.o   -Wl,--start-group,-lxil,-lgcc,-lc,--end-group
'Finished building target: mcb_system.elf'
' '
'Invoking: MicroBlaze Print Size'
mb-size mcb_system.elf  |tee "mcb_system.elf.size"
   text	   data	    bss	    dec	    hex	filename
  62976	  91128	 127896	 282000	  44d90	mcb_system.elf
'Finished building: mcb_system.elf.size'
' '
'Invoking: Xilinx ELF Check'
elfcheck mcb_system.elf -hw ../../proc_hw_platform/system.xml -pe microblaze_0  |tee "mcb_system.elf.elfcheck"
elfcheck
Xilinx EDK 14.7 Build EDK_P.20131013
Copyright (c) 1995-2012 Xilinx, Inc.  All rights reserved.

Command Line: elfcheck -hw ../../proc_hw_platform/system.xml -pe microblaze_0
mcb_system.elf 

ELF file	: mcb_system.elf
elfcheck passed.
'Finished building: mcb_system.elf.elfcheck'
' '
