10:45:37 **** Build of project second_bsp ****
make -k all 
libgen -hw ../proc_hw_platform/system.xml\
	       \
	       -pe microblaze_0 \
	       -log libgen.log \
	       system.mss
libgen
Xilinx EDK 14.7 Build EDK_P.20131013
Copyright (c) 1995-2012 Xilinx, Inc.  All rights reserved.

Command Line: libgen -hw ../proc_hw_platform/system.xml -pe microblaze_0 -log
libgen.log system.mss 


Staging source files.
Running DRCs.
Running generate.
Running post_generate.
Running include - 'make -s include "COMPILER=mb-gcc" "ARCHIVER=mb-ar"
"COMPILER_FLAGS=-mlittle-endian -mno-xl-soft-mul -mxl-barrel-shift
-mxl-pattern-compare -mhard-float -mxl-float-convert -mxl-float-sqrt
-mno-xl-soft-div -mcpu=v8.50.c  -O2 -c" "EXTRA_COMPILER_FLAGS=-g
-ffunction-sections -fdata-sections"'.

Running libs - 'make -s libs "COMPILER=mb-gcc" "ARCHIVER=mb-ar"
"COMPILER_FLAGS=-mlittle-endian -mno-xl-soft-mul -mxl-barrel-shift
-mxl-pattern-compare -mhard-float -mxl-float-convert -mxl-float-sqrt
-mno-xl-soft-div -mcpu=v8.50.c  -O2 -c" "EXTRA_COMPILER_FLAGS=-g
-ffunction-sections -fdata-sections"'.
"Compiling common"
"Compiling standalone";
"Compiling gpio"
"Compiling intc"
"Compiling tmrctr"
"Compiling uartlite"
"Compiling bram"
"Compiling cpu"
Running execs_generate.
'Finished building libraries'
10:45:46 **** Build of configuration Debug for project second ****
make all 
'Building file: ../src/helloworld.c'
'Invoking: MicroBlaze gcc compiler'
mb-gcc -Wall -O0 -g3 -c -fmessage-length=0 -I../../second_bsp/microblaze_0/include -mlittle-endian -mxl-barrel-shift -mxl-pattern-compare -mno-xl-soft-div -mcpu=v8.50.c -mno-xl-soft-mul -mhard-float -mxl-float-convert -mxl-float-sqrt -Wl,--no-relax -ffunction-sections -fdata-sections -MMD -MP -MF"src/helloworld.d" -MT"src/helloworld.d" -o "src/helloworld.o" "../src/helloworld.c"
'Finished building: ../src/helloworld.c'
' '
'Building file: ../src/platform.c'
'Invoking: MicroBlaze gcc compiler'
mb-gcc -Wall -O0 -g3 -c -fmessage-length=0 -I../../second_bsp/microblaze_0/include -mlittle-endian -mxl-barrel-shift -mxl-pattern-compare -mno-xl-soft-div -mcpu=v8.50.c -mno-xl-soft-mul -mhard-float -mxl-float-convert -mxl-float-sqrt -Wl,--no-relax -ffunction-sections -fdata-sections -MMD -MP -MF"src/platform.d" -MT"src/platform.d" -o "src/platform.o" "../src/platform.c"
'Finished building: ../src/platform.c'
' '
'Building target: second.elf'
'Invoking: MicroBlaze gcc linker'
mb-gcc -Wl,-T -Wl,../src/lscript.ld -L../../second_bsp/microblaze_0/lib -mlittle-endian -mxl-barrel-shift -mxl-pattern-compare -mno-xl-soft-div -mcpu=v8.50.c -mno-xl-soft-mul -mhard-float -mxl-float-convert -mxl-float-sqrt -Wl,--no-relax -Wl,--gc-sections -o "second.elf"  ./src/helloworld.o ./src/platform.o   -Wl,--start-group,-lxil,-lgcc,-lc,--end-group
'Finished building target: second.elf'
' '
'Invoking: MicroBlaze Print Size'
mb-size second.elf  |tee "second.elf.size"
   text	   data	    bss	    dec	    hex	filename
   3330	    344	   2086	   5760	   1680	second.elf
'Finished building: second.elf.size'
' '
'Invoking: Xilinx ELF Check'
elfcheck second.elf -hw ../../proc_hw_platform/system.xml -pe microblaze_0  |tee "second.elf.elfcheck"
elfcheck
Xilinx EDK 14.7 Build EDK_P.20131013
Copyright (c) 1995-2012 Xilinx, Inc.  All rights reserved.

Command Line: elfcheck -hw ../../proc_hw_platform/system.xml -pe microblaze_0
second.elf 

ELF file	: second.elf
elfcheck passed.
'Finished building: second.elf.elfcheck'
' '
10:45:56 **** Clean-only build of configuration Debug for project second ****
make clean 
rm -rf  ./src/helloworld.o ./src/platform.o  ./src/helloworld.d ./src/platform.d  second.elf.size  second.elf.elfcheck  second.elf
' '
10:45:56 **** Auto Build of configuration Debug for project second ****
make all 
'Building file: ../src/main.c'
'Invoking: MicroBlaze gcc compiler'
mb-gcc -Wall -O0 -g3 -c -fmessage-length=0 -I../../second_bsp/microblaze_0/include -mlittle-endian -mxl-barrel-shift -mxl-pattern-compare -mno-xl-soft-div -mcpu=v8.50.c -mno-xl-soft-mul -mhard-float -mxl-float-convert -mxl-float-sqrt -Wl,--no-relax -ffunction-sections -fdata-sections -MMD -MP -MF"src/main.d" -MT"src/main.d" -o "src/main.o" "../src/main.c"
'Finished building: ../src/main.c'
' '
'Building file: ../src/platform.c'
'Invoking: MicroBlaze gcc compiler'
mb-gcc -Wall -O0 -g3 -c -fmessage-length=0 -I../../second_bsp/microblaze_0/include -mlittle-endian -mxl-barrel-shift -mxl-pattern-compare -mno-xl-soft-div -mcpu=v8.50.c -mno-xl-soft-mul -mhard-float -mxl-float-convert -mxl-float-sqrt -Wl,--no-relax -ffunction-sections -fdata-sections -MMD -MP -MF"src/platform.d" -MT"src/platform.d" -o "src/platform.o" "../src/platform.c"
'Finished building: ../src/platform.c'
' '
'Building target: second.elf'
'Invoking: MicroBlaze gcc linker'
mb-gcc -Wl,-T -Wl,../src/lscript.ld -L../../second_bsp/microblaze_0/lib -mlittle-endian -mxl-barrel-shift -mxl-pattern-compare -mno-xl-soft-div -mcpu=v8.50.c -mno-xl-soft-mul -mhard-float -mxl-float-convert -mxl-float-sqrt -Wl,--no-relax -Wl,--gc-sections -o "second.elf"  ./src/main.o ./src/platform.o   -Wl,--start-group,-lxil,-lgcc,-lc,--end-group
'Finished building target: second.elf'
' '
'Invoking: MicroBlaze Print Size'
mb-size second.elf  |tee "second.elf.size"
   text	   data	    bss	    dec	    hex	filename
   3330	    344	   2086	   5760	   1680	second.elf
'Finished building: second.elf.size'
' '
'Invoking: Xilinx ELF Check'
elfcheck second.elf -hw ../../proc_hw_platform/system.xml -pe microblaze_0  |tee "second.elf.elfcheck"
elfcheck
Xilinx EDK 14.7 Build EDK_P.20131013
Copyright (c) 1995-2012 Xilinx, Inc.  All rights reserved.

Command Line: elfcheck -hw ../../proc_hw_platform/system.xml -pe microblaze_0
second.elf 

ELF file	: second.elf
elfcheck passed.
'Finished building: second.elf.elfcheck'
' '
10:46:41 **** Auto Build of configuration Debug for project second ****
make all 
'Building file: ../src/main.c'
'Invoking: MicroBlaze gcc compiler'
mb-gcc -Wall -O0 -g3 -c -fmessage-length=0 -I../../second_bsp/microblaze_0/include -mlittle-endian -mxl-barrel-shift -mxl-pattern-compare -mno-xl-soft-div -mcpu=v8.50.c -mno-xl-soft-mul -mhard-float -mxl-float-convert -mxl-float-sqrt -Wl,--no-relax -ffunction-sections -fdata-sections -MMD -MP -MF"src/main.d" -MT"src/main.d" -o "src/main.o" "../src/main.c"
'Finished building: ../src/main.c'
' '
'Building target: second.elf'
'Invoking: MicroBlaze gcc linker'
mb-gcc -Wl,-T -Wl,../src/lscript.ld -L../../second_bsp/microblaze_0/lib -mlittle-endian -mxl-barrel-shift -mxl-pattern-compare -mno-xl-soft-div -mcpu=v8.50.c -mno-xl-soft-mul -mhard-float -mxl-float-convert -mxl-float-sqrt -Wl,--no-relax -Wl,--gc-sections -o "second.elf"  ./src/main.o ./src/platform.o   -Wl,--start-group,-lxil,-lgcc,-lc,--end-group
'Finished building target: second.elf'
' '
'Invoking: MicroBlaze Print Size'
mb-size second.elf  |tee "second.elf.size"
   text	   data	    bss	    dec	    hex	filename
   3330	    344	   2086	   5760	   1680	second.elf
'Finished building: second.elf.size'
' '
'Invoking: Xilinx ELF Check'
elfcheck second.elf -hw ../../proc_hw_platform/system.xml -pe microblaze_0  |tee "second.elf.elfcheck"
elfcheck
Xilinx EDK 14.7 Build EDK_P.20131013
Copyright (c) 1995-2012 Xilinx, Inc.  All rights reserved.

Command Line: elfcheck -hw ../../proc_hw_platform/system.xml -pe microblaze_0
second.elf 

ELF file	: second.elf
elfcheck passed.
'Finished building: second.elf.elfcheck'
' '
10:49:22 **** Auto Build of configuration Debug for project second ****
make all 
'Building file: ../src/main.c'
'Invoking: MicroBlaze gcc compiler'
mb-gcc -Wall -O0 -g3 -c -fmessage-length=0 -I../../second_bsp/microblaze_0/include -mlittle-endian -mxl-barrel-shift -mxl-pattern-compare -mno-xl-soft-div -mcpu=v8.50.c -mno-xl-soft-mul -mhard-float -mxl-float-convert -mxl-float-sqrt -Wl,--no-relax -ffunction-sections -fdata-sections -MMD -MP -MF"src/main.d" -MT"src/main.d" -o "src/main.o" "../src/main.c"
../src/main.c:40:22: fatal error: FreeRTOS.h: No such file or directory
compilation terminated.
make: *** [src/main.o] Error 1
10:50:29 **** Clean-only build of configuration Debug for project second ****
make clean 
rm -rf  ./src/main.o ./src/platform.o  ./src/main.d ./src/platform.d  second.elf.size  second.elf.elfcheck  second.elf
' '
10:50:30 **** Auto Build of configuration Debug for project second ****
make all 
'Building file: ../src/FreeRTOS/FreeRTOS_mb_hooks.c'
'Invoking: MicroBlaze gcc compiler'
mb-gcc -Wall -O0 -g3 -I../../second_bsp/microblaze_0/include -I"C:\Work\XILINX\Projects\New_25\proc\SDK2\second\src\FreeRTOS" -c -fmessage-length=0 -mlittle-endian -mxl-barrel-shift -mxl-pattern-compare -mno-xl-soft-div -mcpu=v8.50.c -mno-xl-soft-mul -mhard-float -mxl-float-convert -mxl-float-sqrt -Wl,--no-relax -ffunction-sections -fdata-sections -MMD -MP -MF"src/FreeRTOS/FreeRTOS_mb_hooks.d" -MT"src/FreeRTOS/FreeRTOS_mb_hooks.d" -o "src/FreeRTOS/FreeRTOS_mb_hooks.o" "../src/FreeRTOS/FreeRTOS_mb_hooks.c"
In file included from ../src/FreeRTOS/FreeRTOS_mb_hooks.c:10:0:
C:\Work\XILINX\Projects\New_25\proc\SDK2\second\src\FreeRTOS/FreeRTOS.h:57:28: fatal error: FreeRTOSConfig.h: No such file or directory
compilation terminated.
make: *** [src/FreeRTOS/FreeRTOS_mb_hooks.o] Error 1
10:51:34 **** Clean-only build of configuration Debug for project second ****
make clean 
rm -rf  ./src/FreeRTOS/FreeRTOS_mb_hooks.o ./src/FreeRTOS/croutine.o ./src/FreeRTOS/event_groups.o ./src/FreeRTOS/heap_1.o ./src/FreeRTOS/list.o ./src/FreeRTOS/port.o ./src/FreeRTOS/port_exceptions.o ./src/FreeRTOS/portasm.o ./src/FreeRTOS/queue.o ./src/FreeRTOS/stream_buffer.o ./src/FreeRTOS/tasks.o ./src/FreeRTOS/timers.o  ./src/main.o ./src/platform.o  ./src/FreeRTOS/FreeRTOS_mb_hooks.d ./src/FreeRTOS/croutine.d ./src/FreeRTOS/event_groups.d ./src/FreeRTOS/heap_1.d ./src/FreeRTOS/list.d ./src/FreeRTOS/port.d ./src/FreeRTOS/port_exceptions.d ./src/FreeRTOS/queue.d ./src/FreeRTOS/stream_buffer.d ./src/FreeRTOS/tasks.d ./src/FreeRTOS/timers.d  ./src/main.d ./src/platform.d  second.elf.size  second.elf.elfcheck  ./src/FreeRTOS/portasm.d  second.elf
' '
10:51:35 **** Auto Build of configuration Debug for project second ****
make all 
'Building file: ../src/FreeRTOS/FreeRTOS_mb_hooks.c'
'Invoking: MicroBlaze gcc compiler'
mb-gcc -Wall -O0 -g3 -I../../second_bsp/microblaze_0/include -I"C:\Work\XILINX\Projects\New_25\proc\SDK2\second\src\FreeRTOS" -I"C:\Work\XILINX\Projects\New_25\proc\SDK2\second\src" -c -fmessage-length=0 -mlittle-endian -mxl-barrel-shift -mxl-pattern-compare -mno-xl-soft-div -mcpu=v8.50.c -mno-xl-soft-mul -mhard-float -mxl-float-convert -mxl-float-sqrt -Wl,--no-relax -ffunction-sections -fdata-sections -MMD -MP -MF"src/FreeRTOS/FreeRTOS_mb_hooks.d" -MT"src/FreeRTOS/FreeRTOS_mb_hooks.d" -o "src/FreeRTOS/FreeRTOS_mb_hooks.o" "../src/FreeRTOS/FreeRTOS_mb_hooks.c"
'Finished building: ../src/FreeRTOS/FreeRTOS_mb_hooks.c'
' '
'Building file: ../src/FreeRTOS/croutine.c'
'Invoking: MicroBlaze gcc compiler'
mb-gcc -Wall -O0 -g3 -I../../second_bsp/microblaze_0/include -I"C:\Work\XILINX\Projects\New_25\proc\SDK2\second\src\FreeRTOS" -I"C:\Work\XILINX\Projects\New_25\proc\SDK2\second\src" -c -fmessage-length=0 -mlittle-endian -mxl-barrel-shift -mxl-pattern-compare -mno-xl-soft-div -mcpu=v8.50.c -mno-xl-soft-mul -mhard-float -mxl-float-convert -mxl-float-sqrt -Wl,--no-relax -ffunction-sections -fdata-sections -MMD -MP -MF"src/FreeRTOS/croutine.d" -MT"src/FreeRTOS/croutine.d" -o "src/FreeRTOS/croutine.o" "../src/FreeRTOS/croutine.c"
'Finished building: ../src/FreeRTOS/croutine.c'
' '
'Building file: ../src/FreeRTOS/event_groups.c'
'Invoking: MicroBlaze gcc compiler'
mb-gcc -Wall -O0 -g3 -I../../second_bsp/microblaze_0/include -I"C:\Work\XILINX\Projects\New_25\proc\SDK2\second\src\FreeRTOS" -I"C:\Work\XILINX\Projects\New_25\proc\SDK2\second\src" -c -fmessage-length=0 -mlittle-endian -mxl-barrel-shift -mxl-pattern-compare -mno-xl-soft-div -mcpu=v8.50.c -mno-xl-soft-mul -mhard-float -mxl-float-convert -mxl-float-sqrt -Wl,--no-relax -ffunction-sections -fdata-sections -MMD -MP -MF"src/FreeRTOS/event_groups.d" -MT"src/FreeRTOS/event_groups.d" -o "src/FreeRTOS/event_groups.o" "../src/FreeRTOS/event_groups.c"
'Finished building: ../src/FreeRTOS/event_groups.c'
' '
'Building file: ../src/FreeRTOS/heap_1.c'
'Invoking: MicroBlaze gcc compiler'
mb-gcc -Wall -O0 -g3 -I../../second_bsp/microblaze_0/include -I"C:\Work\XILINX\Projects\New_25\proc\SDK2\second\src\FreeRTOS" -I"C:\Work\XILINX\Projects\New_25\proc\SDK2\second\src" -c -fmessage-length=0 -mlittle-endian -mxl-barrel-shift -mxl-pattern-compare -mno-xl-soft-div -mcpu=v8.50.c -mno-xl-soft-mul -mhard-float -mxl-float-convert -mxl-float-sqrt -Wl,--no-relax -ffunction-sections -fdata-sections -MMD -MP -MF"src/FreeRTOS/heap_1.d" -MT"src/FreeRTOS/heap_1.d" -o "src/FreeRTOS/heap_1.o" "../src/FreeRTOS/heap_1.c"
'Finished building: ../src/FreeRTOS/heap_1.c'
' '
'Building file: ../src/FreeRTOS/list.c'
'Invoking: MicroBlaze gcc compiler'
mb-gcc -Wall -O0 -g3 -I../../second_bsp/microblaze_0/include -I"C:\Work\XILINX\Projects\New_25\proc\SDK2\second\src\FreeRTOS" -I"C:\Work\XILINX\Projects\New_25\proc\SDK2\second\src" -c -fmessage-length=0 -mlittle-endian -mxl-barrel-shift -mxl-pattern-compare -mno-xl-soft-div -mcpu=v8.50.c -mno-xl-soft-mul -mhard-float -mxl-float-convert -mxl-float-sqrt -Wl,--no-relax -ffunction-sections -fdata-sections -MMD -MP -MF"src/FreeRTOS/list.d" -MT"src/FreeRTOS/list.d" -o "src/FreeRTOS/list.o" "../src/FreeRTOS/list.c"
'Finished building: ../src/FreeRTOS/list.c'
' '
'Building file: ../src/FreeRTOS/port.c'
'Invoking: MicroBlaze gcc compiler'
mb-gcc -Wall -O0 -g3 -I../../second_bsp/microblaze_0/include -I"C:\Work\XILINX\Projects\New_25\proc\SDK2\second\src\FreeRTOS" -I"C:\Work\XILINX\Projects\New_25\proc\SDK2\second\src" -c -fmessage-length=0 -mlittle-endian -mxl-barrel-shift -mxl-pattern-compare -mno-xl-soft-div -mcpu=v8.50.c -mno-xl-soft-mul -mhard-float -mxl-float-convert -mxl-float-sqrt -Wl,--no-relax -ffunction-sections -fdata-sections -MMD -MP -MF"src/FreeRTOS/port.d" -MT"src/FreeRTOS/port.d" -o "src/FreeRTOS/port.o" "../src/FreeRTOS/port.c"
'Finished building: ../src/FreeRTOS/port.c'
' '
'Building file: ../src/FreeRTOS/port_exceptions.c'
'Invoking: MicroBlaze gcc compiler'
mb-gcc -Wall -O0 -g3 -I../../second_bsp/microblaze_0/include -I"C:\Work\XILINX\Projects\New_25\proc\SDK2\second\src\FreeRTOS" -I"C:\Work\XILINX\Projects\New_25\proc\SDK2\second\src" -c -fmessage-length=0 -mlittle-endian -mxl-barrel-shift -mxl-pattern-compare -mno-xl-soft-div -mcpu=v8.50.c -mno-xl-soft-mul -mhard-float -mxl-float-convert -mxl-float-sqrt -Wl,--no-relax -ffunction-sections -fdata-sections -MMD -MP -MF"src/FreeRTOS/port_exceptions.d" -MT"src/FreeRTOS/port_exceptions.d" -o "src/FreeRTOS/port_exceptions.o" "../src/FreeRTOS/port_exceptions.c"
'Finished building: ../src/FreeRTOS/port_exceptions.c'
' '
'Building file: ../src/FreeRTOS/portasm.S'
'Invoking: MicroBlaze gcc compiler'
mb-gcc -Wall -O0 -g3 -I../../second_bsp/microblaze_0/include -I"C:\Work\XILINX\Projects\New_25\proc\SDK2\second\src\FreeRTOS" -I"C:\Work\XILINX\Projects\New_25\proc\SDK2\second\src" -c -fmessage-length=0 -mlittle-endian -mxl-barrel-shift -mxl-pattern-compare -mno-xl-soft-div -mcpu=v8.50.c -mno-xl-soft-mul -mhard-float -mxl-float-convert -mxl-float-sqrt -Wl,--no-relax -ffunction-sections -fdata-sections -MMD -MP -MF"src/FreeRTOS/portasm.d" -MT"src/FreeRTOS/portasm.d" -o "src/FreeRTOS/portasm.o" "../src/FreeRTOS/portasm.S"
'Finished building: ../src/FreeRTOS/portasm.S'
' '
'Building file: ../src/FreeRTOS/queue.c'
'Invoking: MicroBlaze gcc compiler'
mb-gcc -Wall -O0 -g3 -I../../second_bsp/microblaze_0/include -I"C:\Work\XILINX\Projects\New_25\proc\SDK2\second\src\FreeRTOS" -I"C:\Work\XILINX\Projects\New_25\proc\SDK2\second\src" -c -fmessage-length=0 -mlittle-endian -mxl-barrel-shift -mxl-pattern-compare -mno-xl-soft-div -mcpu=v8.50.c -mno-xl-soft-mul -mhard-float -mxl-float-convert -mxl-float-sqrt -Wl,--no-relax -ffunction-sections -fdata-sections -MMD -MP -MF"src/FreeRTOS/queue.d" -MT"src/FreeRTOS/queue.d" -o "src/FreeRTOS/queue.o" "../src/FreeRTOS/queue.c"
'Finished building: ../src/FreeRTOS/queue.c'
' '
'Building file: ../src/FreeRTOS/stream_buffer.c'
'Invoking: MicroBlaze gcc compiler'
mb-gcc -Wall -O0 -g3 -I../../second_bsp/microblaze_0/include -I"C:\Work\XILINX\Projects\New_25\proc\SDK2\second\src\FreeRTOS" -I"C:\Work\XILINX\Projects\New_25\proc\SDK2\second\src" -c -fmessage-length=0 -mlittle-endian -mxl-barrel-shift -mxl-pattern-compare -mno-xl-soft-div -mcpu=v8.50.c -mno-xl-soft-mul -mhard-float -mxl-float-convert -mxl-float-sqrt -Wl,--no-relax -ffunction-sections -fdata-sections -MMD -MP -MF"src/FreeRTOS/stream_buffer.d" -MT"src/FreeRTOS/stream_buffer.d" -o "src/FreeRTOS/stream_buffer.o" "../src/FreeRTOS/stream_buffer.c"
'Finished building: ../src/FreeRTOS/stream_buffer.c'
' '
'Building file: ../src/FreeRTOS/tasks.c'
'Invoking: MicroBlaze gcc compiler'
mb-gcc -Wall -O0 -g3 -I../../second_bsp/microblaze_0/include -I"C:\Work\XILINX\Projects\New_25\proc\SDK2\second\src\FreeRTOS" -I"C:\Work\XILINX\Projects\New_25\proc\SDK2\second\src" -c -fmessage-length=0 -mlittle-endian -mxl-barrel-shift -mxl-pattern-compare -mno-xl-soft-div -mcpu=v8.50.c -mno-xl-soft-mul -mhard-float -mxl-float-convert -mxl-float-sqrt -Wl,--no-relax -ffunction-sections -fdata-sections -MMD -MP -MF"src/FreeRTOS/tasks.d" -MT"src/FreeRTOS/tasks.d" -o "src/FreeRTOS/tasks.o" "../src/FreeRTOS/tasks.c"
'Finished building: ../src/FreeRTOS/tasks.c'
' '
'Building file: ../src/FreeRTOS/timers.c'
'Invoking: MicroBlaze gcc compiler'
mb-gcc -Wall -O0 -g3 -I../../second_bsp/microblaze_0/include -I"C:\Work\XILINX\Projects\New_25\proc\SDK2\second\src\FreeRTOS" -I"C:\Work\XILINX\Projects\New_25\proc\SDK2\second\src" -c -fmessage-length=0 -mlittle-endian -mxl-barrel-shift -mxl-pattern-compare -mno-xl-soft-div -mcpu=v8.50.c -mno-xl-soft-mul -mhard-float -mxl-float-convert -mxl-float-sqrt -Wl,--no-relax -ffunction-sections -fdata-sections -MMD -MP -MF"src/FreeRTOS/timers.d" -MT"src/FreeRTOS/timers.d" -o "src/FreeRTOS/timers.o" "../src/FreeRTOS/timers.c"
'Finished building: ../src/FreeRTOS/timers.c'
' '
'Building file: ../src/main.c'
'Invoking: MicroBlaze gcc compiler'
mb-gcc -Wall -O0 -g3 -I../../second_bsp/microblaze_0/include -I"C:\Work\XILINX\Projects\New_25\proc\SDK2\second\src\FreeRTOS" -I"C:\Work\XILINX\Projects\New_25\proc\SDK2\second\src" -c -fmessage-length=0 -mlittle-endian -mxl-barrel-shift -mxl-pattern-compare -mno-xl-soft-div -mcpu=v8.50.c -mno-xl-soft-mul -mhard-float -mxl-float-convert -mxl-float-sqrt -Wl,--no-relax -ffunction-sections -fdata-sections -MMD -MP -MF"src/main.d" -MT"src/main.d" -o "src/main.o" "../src/main.c"
'Finished building: ../src/main.c'
' '
'Building file: ../src/platform.c'
'Invoking: MicroBlaze gcc compiler'
mb-gcc -Wall -O0 -g3 -I../../second_bsp/microblaze_0/include -I"C:\Work\XILINX\Projects\New_25\proc\SDK2\second\src\FreeRTOS" -I"C:\Work\XILINX\Projects\New_25\proc\SDK2\second\src" -c -fmessage-length=0 -mlittle-endian -mxl-barrel-shift -mxl-pattern-compare -mno-xl-soft-div -mcpu=v8.50.c -mno-xl-soft-mul -mhard-float -mxl-float-convert -mxl-float-sqrt -Wl,--no-relax -ffunction-sections -fdata-sections -MMD -MP -MF"src/platform.d" -MT"src/platform.d" -o "src/platform.o" "../src/platform.c"
'Finished building: ../src/platform.c'
' '
'Building target: second.elf'
'Invoking: MicroBlaze gcc linker'
mb-gcc -L../../second_bsp/microblaze_0/lib -Wl,-T -Wl,../src/lscript.ld -mlittle-endian -mxl-barrel-shift -mxl-pattern-compare -mno-xl-soft-div -mcpu=v8.50.c -mno-xl-soft-mul -mhard-float -mxl-float-convert -mxl-float-sqrt -Wl,--no-relax -Wl,--gc-sections -o "second.elf"  ./src/FreeRTOS/FreeRTOS_mb_hooks.o ./src/FreeRTOS/croutine.o ./src/FreeRTOS/event_groups.o ./src/FreeRTOS/heap_1.o ./src/FreeRTOS/list.o ./src/FreeRTOS/port.o ./src/FreeRTOS/port_exceptions.o ./src/FreeRTOS/portasm.o ./src/FreeRTOS/queue.o ./src/FreeRTOS/stream_buffer.o ./src/FreeRTOS/tasks.o ./src/FreeRTOS/timers.o  ./src/main.o ./src/platform.o   -l-Wl,--start-group,-lxil,-lgcc,-lc,--end-group
c:/xilinx/14.7/ise_ds/edk/gnu/microblaze/nt/bin/../lib/gcc/microblaze-xilinx-elf/4.6.4/../../../../microblaze-xilinx-elf/bin/ld.exe: cannot find -l-Wl,--start-group,-lxil,-lgcc,-lc,--end-group
collect2: ld returned 1 exit status
make: *** [second.elf] Error 1
10:51:52 **** Clean-only build of configuration Debug for project second ****
make clean 
rm -rf  ./src/FreeRTOS/FreeRTOS_mb_hooks.o ./src/FreeRTOS/croutine.o ./src/FreeRTOS/event_groups.o ./src/FreeRTOS/heap_1.o ./src/FreeRTOS/list.o ./src/FreeRTOS/port.o ./src/FreeRTOS/port_exceptions.o ./src/FreeRTOS/portasm.o ./src/FreeRTOS/queue.o ./src/FreeRTOS/stream_buffer.o ./src/FreeRTOS/tasks.o ./src/FreeRTOS/timers.o  ./src/main.o ./src/platform.o  ./src/FreeRTOS/FreeRTOS_mb_hooks.d ./src/FreeRTOS/croutine.d ./src/FreeRTOS/event_groups.d ./src/FreeRTOS/heap_1.d ./src/FreeRTOS/list.d ./src/FreeRTOS/port.d ./src/FreeRTOS/port_exceptions.d ./src/FreeRTOS/queue.d ./src/FreeRTOS/stream_buffer.d ./src/FreeRTOS/tasks.d ./src/FreeRTOS/timers.d  ./src/main.d ./src/platform.d  second.elf.size  second.elf.elfcheck  ./src/FreeRTOS/portasm.d  second.elf
' '
10:51:53 **** Auto Build of configuration Debug for project second ****
make all 
'Building file: ../src/FreeRTOS/FreeRTOS_mb_hooks.c'
'Invoking: MicroBlaze gcc compiler'
mb-gcc -Wall -O0 -g3 -I../../second_bsp/microblaze_0/include -I"C:\Work\XILINX\Projects\New_25\proc\SDK2\second\src\FreeRTOS" -I"C:\Work\XILINX\Projects\New_25\proc\SDK2\second\src" -c -fmessage-length=0 -mlittle-endian -mxl-barrel-shift -mxl-pattern-compare -mno-xl-soft-div -mcpu=v8.50.c -mno-xl-soft-mul -mhard-float -mxl-float-convert -mxl-float-sqrt -Wl,--no-relax -ffunction-sections -fdata-sections -MMD -MP -MF"src/FreeRTOS/FreeRTOS_mb_hooks.d" -MT"src/FreeRTOS/FreeRTOS_mb_hooks.d" -o "src/FreeRTOS/FreeRTOS_mb_hooks.o" "../src/FreeRTOS/FreeRTOS_mb_hooks.c"
'Finished building: ../src/FreeRTOS/FreeRTOS_mb_hooks.c'
' '
'Building file: ../src/FreeRTOS/croutine.c'
'Invoking: MicroBlaze gcc compiler'
mb-gcc -Wall -O0 -g3 -I../../second_bsp/microblaze_0/include -I"C:\Work\XILINX\Projects\New_25\proc\SDK2\second\src\FreeRTOS" -I"C:\Work\XILINX\Projects\New_25\proc\SDK2\second\src" -c -fmessage-length=0 -mlittle-endian -mxl-barrel-shift -mxl-pattern-compare -mno-xl-soft-div -mcpu=v8.50.c -mno-xl-soft-mul -mhard-float -mxl-float-convert -mxl-float-sqrt -Wl,--no-relax -ffunction-sections -fdata-sections -MMD -MP -MF"src/FreeRTOS/croutine.d" -MT"src/FreeRTOS/croutine.d" -o "src/FreeRTOS/croutine.o" "../src/FreeRTOS/croutine.c"
'Finished building: ../src/FreeRTOS/croutine.c'
' '
'Building file: ../src/FreeRTOS/event_groups.c'
'Invoking: MicroBlaze gcc compiler'
mb-gcc -Wall -O0 -g3 -I../../second_bsp/microblaze_0/include -I"C:\Work\XILINX\Projects\New_25\proc\SDK2\second\src\FreeRTOS" -I"C:\Work\XILINX\Projects\New_25\proc\SDK2\second\src" -c -fmessage-length=0 -mlittle-endian -mxl-barrel-shift -mxl-pattern-compare -mno-xl-soft-div -mcpu=v8.50.c -mno-xl-soft-mul -mhard-float -mxl-float-convert -mxl-float-sqrt -Wl,--no-relax -ffunction-sections -fdata-sections -MMD -MP -MF"src/FreeRTOS/event_groups.d" -MT"src/FreeRTOS/event_groups.d" -o "src/FreeRTOS/event_groups.o" "../src/FreeRTOS/event_groups.c"
'Finished building: ../src/FreeRTOS/event_groups.c'
' '
'Building file: ../src/FreeRTOS/heap_1.c'
'Invoking: MicroBlaze gcc compiler'
mb-gcc -Wall -O0 -g3 -I../../second_bsp/microblaze_0/include -I"C:\Work\XILINX\Projects\New_25\proc\SDK2\second\src\FreeRTOS" -I"C:\Work\XILINX\Projects\New_25\proc\SDK2\second\src" -c -fmessage-length=0 -mlittle-endian -mxl-barrel-shift -mxl-pattern-compare -mno-xl-soft-div -mcpu=v8.50.c -mno-xl-soft-mul -mhard-float -mxl-float-convert -mxl-float-sqrt -Wl,--no-relax -ffunction-sections -fdata-sections -MMD -MP -MF"src/FreeRTOS/heap_1.d" -MT"src/FreeRTOS/heap_1.d" -o "src/FreeRTOS/heap_1.o" "../src/FreeRTOS/heap_1.c"
'Finished building: ../src/FreeRTOS/heap_1.c'
' '
'Building file: ../src/FreeRTOS/list.c'
'Invoking: MicroBlaze gcc compiler'
mb-gcc -Wall -O0 -g3 -I../../second_bsp/microblaze_0/include -I"C:\Work\XILINX\Projects\New_25\proc\SDK2\second\src\FreeRTOS" -I"C:\Work\XILINX\Projects\New_25\proc\SDK2\second\src" -c -fmessage-length=0 -mlittle-endian -mxl-barrel-shift -mxl-pattern-compare -mno-xl-soft-div -mcpu=v8.50.c -mno-xl-soft-mul -mhard-float -mxl-float-convert -mxl-float-sqrt -Wl,--no-relax -ffunction-sections -fdata-sections -MMD -MP -MF"src/FreeRTOS/list.d" -MT"src/FreeRTOS/list.d" -o "src/FreeRTOS/list.o" "../src/FreeRTOS/list.c"
'Finished building: ../src/FreeRTOS/list.c'
' '
'Building file: ../src/FreeRTOS/port.c'
'Invoking: MicroBlaze gcc compiler'
mb-gcc -Wall -O0 -g3 -I../../second_bsp/microblaze_0/include -I"C:\Work\XILINX\Projects\New_25\proc\SDK2\second\src\FreeRTOS" -I"C:\Work\XILINX\Projects\New_25\proc\SDK2\second\src" -c -fmessage-length=0 -mlittle-endian -mxl-barrel-shift -mxl-pattern-compare -mno-xl-soft-div -mcpu=v8.50.c -mno-xl-soft-mul -mhard-float -mxl-float-convert -mxl-float-sqrt -Wl,--no-relax -ffunction-sections -fdata-sections -MMD -MP -MF"src/FreeRTOS/port.d" -MT"src/FreeRTOS/port.d" -o "src/FreeRTOS/port.o" "../src/FreeRTOS/port.c"
'Finished building: ../src/FreeRTOS/port.c'
' '
'Building file: ../src/FreeRTOS/port_exceptions.c'
'Invoking: MicroBlaze gcc compiler'
mb-gcc -Wall -O0 -g3 -I../../second_bsp/microblaze_0/include -I"C:\Work\XILINX\Projects\New_25\proc\SDK2\second\src\FreeRTOS" -I"C:\Work\XILINX\Projects\New_25\proc\SDK2\second\src" -c -fmessage-length=0 -mlittle-endian -mxl-barrel-shift -mxl-pattern-compare -mno-xl-soft-div -mcpu=v8.50.c -mno-xl-soft-mul -mhard-float -mxl-float-convert -mxl-float-sqrt -Wl,--no-relax -ffunction-sections -fdata-sections -MMD -MP -MF"src/FreeRTOS/port_exceptions.d" -MT"src/FreeRTOS/port_exceptions.d" -o "src/FreeRTOS/port_exceptions.o" "../src/FreeRTOS/port_exceptions.c"
'Finished building: ../src/FreeRTOS/port_exceptions.c'
' '
'Building file: ../src/FreeRTOS/portasm.S'
'Invoking: MicroBlaze gcc compiler'
mb-gcc -Wall -O0 -g3 -I../../second_bsp/microblaze_0/include -I"C:\Work\XILINX\Projects\New_25\proc\SDK2\second\src\FreeRTOS" -I"C:\Work\XILINX\Projects\New_25\proc\SDK2\second\src" -c -fmessage-length=0 -mlittle-endian -mxl-barrel-shift -mxl-pattern-compare -mno-xl-soft-div -mcpu=v8.50.c -mno-xl-soft-mul -mhard-float -mxl-float-convert -mxl-float-sqrt -Wl,--no-relax -ffunction-sections -fdata-sections -MMD -MP -MF"src/FreeRTOS/portasm.d" -MT"src/FreeRTOS/portasm.d" -o "src/FreeRTOS/portasm.o" "../src/FreeRTOS/portasm.S"
'Finished building: ../src/FreeRTOS/portasm.S'
' '
'Building file: ../src/FreeRTOS/queue.c'
'Invoking: MicroBlaze gcc compiler'
mb-gcc -Wall -O0 -g3 -I../../second_bsp/microblaze_0/include -I"C:\Work\XILINX\Projects\New_25\proc\SDK2\second\src\FreeRTOS" -I"C:\Work\XILINX\Projects\New_25\proc\SDK2\second\src" -c -fmessage-length=0 -mlittle-endian -mxl-barrel-shift -mxl-pattern-compare -mno-xl-soft-div -mcpu=v8.50.c -mno-xl-soft-mul -mhard-float -mxl-float-convert -mxl-float-sqrt -Wl,--no-relax -ffunction-sections -fdata-sections -MMD -MP -MF"src/FreeRTOS/queue.d" -MT"src/FreeRTOS/queue.d" -o "src/FreeRTOS/queue.o" "../src/FreeRTOS/queue.c"
'Finished building: ../src/FreeRTOS/queue.c'
' '
'Building file: ../src/FreeRTOS/stream_buffer.c'
'Invoking: MicroBlaze gcc compiler'
mb-gcc -Wall -O0 -g3 -I../../second_bsp/microblaze_0/include -I"C:\Work\XILINX\Projects\New_25\proc\SDK2\second\src\FreeRTOS" -I"C:\Work\XILINX\Projects\New_25\proc\SDK2\second\src" -c -fmessage-length=0 -mlittle-endian -mxl-barrel-shift -mxl-pattern-compare -mno-xl-soft-div -mcpu=v8.50.c -mno-xl-soft-mul -mhard-float -mxl-float-convert -mxl-float-sqrt -Wl,--no-relax -ffunction-sections -fdata-sections -MMD -MP -MF"src/FreeRTOS/stream_buffer.d" -MT"src/FreeRTOS/stream_buffer.d" -o "src/FreeRTOS/stream_buffer.o" "../src/FreeRTOS/stream_buffer.c"
'Finished building: ../src/FreeRTOS/stream_buffer.c'
' '
'Building file: ../src/FreeRTOS/tasks.c'
'Invoking: MicroBlaze gcc compiler'
mb-gcc -Wall -O0 -g3 -I../../second_bsp/microblaze_0/include -I"C:\Work\XILINX\Projects\New_25\proc\SDK2\second\src\FreeRTOS" -I"C:\Work\XILINX\Projects\New_25\proc\SDK2\second\src" -c -fmessage-length=0 -mlittle-endian -mxl-barrel-shift -mxl-pattern-compare -mno-xl-soft-div -mcpu=v8.50.c -mno-xl-soft-mul -mhard-float -mxl-float-convert -mxl-float-sqrt -Wl,--no-relax -ffunction-sections -fdata-sections -MMD -MP -MF"src/FreeRTOS/tasks.d" -MT"src/FreeRTOS/tasks.d" -o "src/FreeRTOS/tasks.o" "../src/FreeRTOS/tasks.c"
'Finished building: ../src/FreeRTOS/tasks.c'
' '
'Building file: ../src/FreeRTOS/timers.c'
'Invoking: MicroBlaze gcc compiler'
mb-gcc -Wall -O0 -g3 -I../../second_bsp/microblaze_0/include -I"C:\Work\XILINX\Projects\New_25\proc\SDK2\second\src\FreeRTOS" -I"C:\Work\XILINX\Projects\New_25\proc\SDK2\second\src" -c -fmessage-length=0 -mlittle-endian -mxl-barrel-shift -mxl-pattern-compare -mno-xl-soft-div -mcpu=v8.50.c -mno-xl-soft-mul -mhard-float -mxl-float-convert -mxl-float-sqrt -Wl,--no-relax -ffunction-sections -fdata-sections -MMD -MP -MF"src/FreeRTOS/timers.d" -MT"src/FreeRTOS/timers.d" -o "src/FreeRTOS/timers.o" "../src/FreeRTOS/timers.c"
'Finished building: ../src/FreeRTOS/timers.c'
' '
'Building file: ../src/main.c'
'Invoking: MicroBlaze gcc compiler'
mb-gcc -Wall -O0 -g3 -I../../second_bsp/microblaze_0/include -I"C:\Work\XILINX\Projects\New_25\proc\SDK2\second\src\FreeRTOS" -I"C:\Work\XILINX\Projects\New_25\proc\SDK2\second\src" -c -fmessage-length=0 -mlittle-endian -mxl-barrel-shift -mxl-pattern-compare -mno-xl-soft-div -mcpu=v8.50.c -mno-xl-soft-mul -mhard-float -mxl-float-convert -mxl-float-sqrt -Wl,--no-relax -ffunction-sections -fdata-sections -MMD -MP -MF"src/main.d" -MT"src/main.d" -o "src/main.o" "../src/main.c"
'Finished building: ../src/main.c'
' '
'Building file: ../src/platform.c'
'Invoking: MicroBlaze gcc compiler'
mb-gcc -Wall -O0 -g3 -I../../second_bsp/microblaze_0/include -I"C:\Work\XILINX\Projects\New_25\proc\SDK2\second\src\FreeRTOS" -I"C:\Work\XILINX\Projects\New_25\proc\SDK2\second\src" -c -fmessage-length=0 -mlittle-endian -mxl-barrel-shift -mxl-pattern-compare -mno-xl-soft-div -mcpu=v8.50.c -mno-xl-soft-mul -mhard-float -mxl-float-convert -mxl-float-sqrt -Wl,--no-relax -ffunction-sections -fdata-sections -MMD -MP -MF"src/platform.d" -MT"src/platform.d" -o "src/platform.o" "../src/platform.c"
'Finished building: ../src/platform.c'
' '
'Building target: second.elf'
'Invoking: MicroBlaze gcc linker'
mb-gcc -Wl,-T -Wl,../src/lscript.ld -L../../second_bsp/microblaze_0/lib -mlittle-endian -mxl-barrel-shift -mxl-pattern-compare -mno-xl-soft-div -mcpu=v8.50.c -mno-xl-soft-mul -mhard-float -mxl-float-convert -mxl-float-sqrt -Wl,--no-relax -Wl,--gc-sections -o "second.elf"  ./src/FreeRTOS/FreeRTOS_mb_hooks.o ./src/FreeRTOS/croutine.o ./src/FreeRTOS/event_groups.o ./src/FreeRTOS/heap_1.o ./src/FreeRTOS/list.o ./src/FreeRTOS/port.o ./src/FreeRTOS/port_exceptions.o ./src/FreeRTOS/portasm.o ./src/FreeRTOS/queue.o ./src/FreeRTOS/stream_buffer.o ./src/FreeRTOS/tasks.o ./src/FreeRTOS/timers.o  ./src/main.o ./src/platform.o   -Wl,--start-group,-lxil,-lgcc,-lc,--end-group
'Finished building target: second.elf'
' '
'Invoking: MicroBlaze Print Size'
mb-size second.elf  |tee "second.elf.size"
   text	   data	    bss	    dec	    hex	filename
   8446	    392	   2256	  11094	   2b56	second.elf
'Finished building: second.elf.size'
' '
'Invoking: Xilinx ELF Check'
elfcheck second.elf -hw ../../proc_hw_platform/system.xml -pe microblaze_0  |tee "second.elf.elfcheck"
elfcheck
Xilinx EDK 14.7 Build EDK_P.20131013
Copyright (c) 1995-2012 Xilinx, Inc.  All rights reserved.

Command Line: elfcheck -hw ../../proc_hw_platform/system.xml -pe microblaze_0
second.elf 

ELF file	: second.elf
elfcheck passed.
'Finished building: second.elf.elfcheck'
' '
10:52:31 **** Auto Build of configuration Debug for project second ****
make all 
'Building file: ../src/main.c'
'Invoking: MicroBlaze gcc compiler'
mb-gcc -Wall -O0 -g3 -I../../second_bsp/microblaze_0/include -I"C:\Work\XILINX\Projects\New_25\proc\SDK2\second\src\FreeRTOS" -I"C:\Work\XILINX\Projects\New_25\proc\SDK2\second\src" -c -fmessage-length=0 -mlittle-endian -mxl-barrel-shift -mxl-pattern-compare -mno-xl-soft-div -mcpu=v8.50.c -mno-xl-soft-mul -mhard-float -mxl-float-convert -mxl-float-sqrt -Wl,--no-relax -ffunction-sections -fdata-sections -MMD -MP -MF"src/main.d" -MT"src/main.d" -o "src/main.o" "../src/main.c"
'Finished building: ../src/main.c'
' '
'Building target: second.elf'
'Invoking: MicroBlaze gcc linker'
mb-gcc -Wl,-T -Wl,../src/lscript.ld -L../../second_bsp/microblaze_0/lib -mlittle-endian -mxl-barrel-shift -mxl-pattern-compare -mno-xl-soft-div -mcpu=v8.50.c -mno-xl-soft-mul -mhard-float -mxl-float-convert -mxl-float-sqrt -Wl,--no-relax -Wl,--gc-sections -o "second.elf"  ./src/FreeRTOS/FreeRTOS_mb_hooks.o ./src/FreeRTOS/croutine.o ./src/FreeRTOS/event_groups.o ./src/FreeRTOS/heap_1.o ./src/FreeRTOS/list.o ./src/FreeRTOS/port.o ./src/FreeRTOS/port_exceptions.o ./src/FreeRTOS/portasm.o ./src/FreeRTOS/queue.o ./src/FreeRTOS/stream_buffer.o ./src/FreeRTOS/tasks.o ./src/FreeRTOS/timers.o  ./src/main.o ./src/platform.o   -Wl,--start-group,-lxil,-lgcc,-lc,--end-group
'Finished building target: second.elf'
' '
'Invoking: MicroBlaze Print Size'
mb-size second.elf  |tee "second.elf.size"
   text	   data	    bss	    dec	    hex	filename
  74508	  91688	   2636	 168832	  29380	second.elf
'Finished building: second.elf.size'
' '
'Invoking: Xilinx ELF Check'
elfcheck second.elf -hw ../../proc_hw_platform/system.xml -pe microblaze_0  |tee "second.elf.elfcheck"
elfcheck
Xilinx EDK 14.7 Build EDK_P.20131013
Copyright (c) 1995-2012 Xilinx, Inc.  All rights reserved.

Command Line: elfcheck -hw ../../proc_hw_platform/system.xml -pe microblaze_0
second.elf 

ELF file	: second.elf
elfcheck passed.
'Finished building: second.elf.elfcheck'
' '
10:54:04 **** Auto Build of configuration Debug for project second ****
make all 
'Building file: ../src/main.c'
'Invoking: MicroBlaze gcc compiler'
mb-gcc -Wall -O0 -g3 -I../../second_bsp/microblaze_0/include -I"C:\Work\XILINX\Projects\New_25\proc\SDK2\second\src\FreeRTOS" -I"C:\Work\XILINX\Projects\New_25\proc\SDK2\second\src" -c -fmessage-length=0 -mlittle-endian -mxl-barrel-shift -mxl-pattern-compare -mno-xl-soft-div -mcpu=v8.50.c -mno-xl-soft-mul -mhard-float -mxl-float-convert -mxl-float-sqrt -Wl,--no-relax -ffunction-sections -fdata-sections -MMD -MP -MF"src/main.d" -MT"src/main.d" -o "src/main.o" "../src/main.c"
'Finished building: ../src/main.c'
' '
'Building target: second.elf'
'Invoking: MicroBlaze gcc linker'
mb-gcc -Wl,-T -Wl,../src/lscript.ld -L../../second_bsp/microblaze_0/lib -mlittle-endian -mxl-barrel-shift -mxl-pattern-compare -mno-xl-soft-div -mcpu=v8.50.c -mno-xl-soft-mul -mhard-float -mxl-float-convert -mxl-float-sqrt -Wl,--no-relax -Wl,--gc-sections -o "second.elf"  ./src/FreeRTOS/FreeRTOS_mb_hooks.o ./src/FreeRTOS/croutine.o ./src/FreeRTOS/event_groups.o ./src/FreeRTOS/heap_1.o ./src/FreeRTOS/list.o ./src/FreeRTOS/port.o ./src/FreeRTOS/port_exceptions.o ./src/FreeRTOS/portasm.o ./src/FreeRTOS/queue.o ./src/FreeRTOS/stream_buffer.o ./src/FreeRTOS/tasks.o ./src/FreeRTOS/timers.o  ./src/main.o ./src/platform.o   -Wl,--start-group,-lxil,-lgcc,-lc,--end-group
'Finished building target: second.elf'
' '
'Invoking: MicroBlaze Print Size'
mb-size second.elf  |tee "second.elf.size"
   text	   data	    bss	    dec	    hex	filename
  74508	  91688	   2636	 168832	  29380	second.elf
'Finished building: second.elf.size'
' '
'Invoking: Xilinx ELF Check'
elfcheck second.elf -hw ../../proc_hw_platform/system.xml -pe microblaze_0  |tee "second.elf.elfcheck"
elfcheck
Xilinx EDK 14.7 Build EDK_P.20131013
Copyright (c) 1995-2012 Xilinx, Inc.  All rights reserved.

Command Line: elfcheck -hw ../../proc_hw_platform/system.xml -pe microblaze_0
second.elf 

ELF file	: second.elf
elfcheck passed.
'Finished building: second.elf.elfcheck'
' '
10:57:16 **** Auto Build of configuration Debug for project second ****
make all 
'Building file: ../src/main.c'
'Invoking: MicroBlaze gcc compiler'
mb-gcc -Wall -O0 -g3 -I../../second_bsp/microblaze_0/include -I"C:\Work\XILINX\Projects\New_25\proc\SDK2\second\src\FreeRTOS" -I"C:\Work\XILINX\Projects\New_25\proc\SDK2\second\src" -c -fmessage-length=0 -mlittle-endian -mxl-barrel-shift -mxl-pattern-compare -mno-xl-soft-div -mcpu=v8.50.c -mno-xl-soft-mul -mhard-float -mxl-float-convert -mxl-float-sqrt -Wl,--no-relax -ffunction-sections -fdata-sections -MMD -MP -MF"src/main.d" -MT"src/main.d" -o "src/main.o" "../src/main.c"
'Finished building: ../src/main.c'
' '
'Building target: second.elf'
'Invoking: MicroBlaze gcc linker'
mb-gcc -Wl,-T -Wl,../src/lscript.ld -L../../second_bsp/microblaze_0/lib -mlittle-endian -mxl-barrel-shift -mxl-pattern-compare -mno-xl-soft-div -mcpu=v8.50.c -mno-xl-soft-mul -mhard-float -mxl-float-convert -mxl-float-sqrt -Wl,--no-relax -Wl,--gc-sections -o "second.elf"  ./src/FreeRTOS/FreeRTOS_mb_hooks.o ./src/FreeRTOS/croutine.o ./src/FreeRTOS/event_groups.o ./src/FreeRTOS/heap_1.o ./src/FreeRTOS/list.o ./src/FreeRTOS/port.o ./src/FreeRTOS/port_exceptions.o ./src/FreeRTOS/portasm.o ./src/FreeRTOS/queue.o ./src/FreeRTOS/stream_buffer.o ./src/FreeRTOS/tasks.o ./src/FreeRTOS/timers.o  ./src/main.o ./src/platform.o   -Wl,--start-group,-lxil,-lgcc,-lc,--end-group
'Finished building target: second.elf'
' '
'Invoking: MicroBlaze Print Size'
mb-size second.elf  |tee "second.elf.size"
   text	   data	    bss	    dec	    hex	filename
  75348	  91708	   2656	 169712	  296f0	second.elf
'Finished building: second.elf.size'
' '
'Invoking: Xilinx ELF Check'
elfcheck second.elf -hw ../../proc_hw_platform/system.xml -pe microblaze_0  |tee "second.elf.elfcheck"
elfcheck
Xilinx EDK 14.7 Build EDK_P.20131013
Copyright (c) 1995-2012 Xilinx, Inc.  All rights reserved.

Command Line: elfcheck -hw ../../proc_hw_platform/system.xml -pe microblaze_0
second.elf 

ELF file	: second.elf
elfcheck passed.
'Finished building: second.elf.elfcheck'
' '
11:00:00 **** Incremental Build of configuration Debug for project second ****
make all 
make: Nothing to be done for `all'.
11:00:52 **** Incremental Build of configuration Debug for project second ****
make all 
make: Nothing to be done for `all'.
11:02:23 **** Incremental Build of configuration Debug for project second ****
make all 
make: Nothing to be done for `all'.
11:06:04 **** Auto Build of configuration Debug for project second ****
make all 
'Building file: ../src/main.c'
'Invoking: MicroBlaze gcc compiler'
mb-gcc -Wall -O0 -g3 -I../../second_bsp/microblaze_0/include -I"C:\Work\XILINX\Projects\New_25\proc\SDK2\second\src\FreeRTOS" -I"C:\Work\XILINX\Projects\New_25\proc\SDK2\second\src" -c -fmessage-length=0 -mlittle-endian -mxl-barrel-shift -mxl-pattern-compare -mno-xl-soft-div -mcpu=v8.50.c -mno-xl-soft-mul -mhard-float -mxl-float-convert -mxl-float-sqrt -Wl,--no-relax -ffunction-sections -fdata-sections -MMD -MP -MF"src/main.d" -MT"src/main.d" -o "src/main.o" "../src/main.c"
'Finished building: ../src/main.c'
' '
'Building target: second.elf'
'Invoking: MicroBlaze gcc linker'
mb-gcc -Wl,-T -Wl,../src/lscript.ld -L../../second_bsp/microblaze_0/lib -mlittle-endian -mxl-barrel-shift -mxl-pattern-compare -mno-xl-soft-div -mcpu=v8.50.c -mno-xl-soft-mul -mhard-float -mxl-float-convert -mxl-float-sqrt -Wl,--no-relax -Wl,--gc-sections -o "second.elf"  ./src/FreeRTOS/FreeRTOS_mb_hooks.o ./src/FreeRTOS/croutine.o ./src/FreeRTOS/event_groups.o ./src/FreeRTOS/heap_1.o ./src/FreeRTOS/list.o ./src/FreeRTOS/port.o ./src/FreeRTOS/port_exceptions.o ./src/FreeRTOS/portasm.o ./src/FreeRTOS/queue.o ./src/FreeRTOS/stream_buffer.o ./src/FreeRTOS/tasks.o ./src/FreeRTOS/timers.o  ./src/main.o ./src/platform.o   -Wl,--start-group,-lxil,-lgcc,-lc,--end-group
'Finished building target: second.elf'
' '
'Invoking: MicroBlaze Print Size'
mb-size second.elf  |tee "second.elf.size"
   text	   data	    bss	    dec	    hex	filename
  75348	  91708	   2656	 169712	  296f0	second.elf
'Finished building: second.elf.size'
' '
'Invoking: Xilinx ELF Check'
elfcheck second.elf -hw ../../proc_hw_platform/system.xml -pe microblaze_0  |tee "second.elf.elfcheck"
elfcheck
Xilinx EDK 14.7 Build EDK_P.20131013
Copyright (c) 1995-2012 Xilinx, Inc.  All rights reserved.

Command Line: elfcheck -hw ../../proc_hw_platform/system.xml -pe microblaze_0
second.elf 

ELF file	: second.elf
elfcheck passed.
'Finished building: second.elf.elfcheck'
' '
11:06:42 **** Auto Build of configuration Debug for project second ****
make all 
'Building file: ../src/main.c'
'Invoking: MicroBlaze gcc compiler'
mb-gcc -Wall -O0 -g3 -I../../second_bsp/microblaze_0/include -I"C:\Work\XILINX\Projects\New_25\proc\SDK2\second\src\FreeRTOS" -I"C:\Work\XILINX\Projects\New_25\proc\SDK2\second\src" -c -fmessage-length=0 -mlittle-endian -mxl-barrel-shift -mxl-pattern-compare -mno-xl-soft-div -mcpu=v8.50.c -mno-xl-soft-mul -mhard-float -mxl-float-convert -mxl-float-sqrt -Wl,--no-relax -ffunction-sections -fdata-sections -MMD -MP -MF"src/main.d" -MT"src/main.d" -o "src/main.o" "../src/main.c"
'Finished building: ../src/main.c'
' '
'Building target: second.elf'
'Invoking: MicroBlaze gcc linker'
mb-gcc -Wl,-T -Wl,../src/lscript.ld -L../../second_bsp/microblaze_0/lib -mlittle-endian -mxl-barrel-shift -mxl-pattern-compare -mno-xl-soft-div -mcpu=v8.50.c -mno-xl-soft-mul -mhard-float -mxl-float-convert -mxl-float-sqrt -Wl,--no-relax -Wl,--gc-sections -o "second.elf"  ./src/FreeRTOS/FreeRTOS_mb_hooks.o ./src/FreeRTOS/croutine.o ./src/FreeRTOS/event_groups.o ./src/FreeRTOS/heap_1.o ./src/FreeRTOS/list.o ./src/FreeRTOS/port.o ./src/FreeRTOS/port_exceptions.o ./src/FreeRTOS/portasm.o ./src/FreeRTOS/queue.o ./src/FreeRTOS/stream_buffer.o ./src/FreeRTOS/tasks.o ./src/FreeRTOS/timers.o  ./src/main.o ./src/platform.o   -Wl,--start-group,-lxil,-lgcc,-lc,--end-group
'Finished building target: second.elf'
' '
'Invoking: MicroBlaze Print Size'
mb-size second.elf  |tee "second.elf.size"
   text	   data	    bss	    dec	    hex	filename
  75396	  91708	   2656	 169760	  29720	second.elf
'Finished building: second.elf.size'
' '
'Invoking: Xilinx ELF Check'
elfcheck second.elf -hw ../../proc_hw_platform/system.xml -pe microblaze_0  |tee "second.elf.elfcheck"
elfcheck
Xilinx EDK 14.7 Build EDK_P.20131013
Copyright (c) 1995-2012 Xilinx, Inc.  All rights reserved.

Command Line: elfcheck -hw ../../proc_hw_platform/system.xml -pe microblaze_0
second.elf 

ELF file	: second.elf
elfcheck passed.
'Finished building: second.elf.elfcheck'
' '
11:06:48 **** Incremental Build of configuration Debug for project second ****
make all 
make: Nothing to be done for `all'.
11:13:21 **** Auto Build of configuration Debug for project second ****
make all 
'Building file: ../src/main.c'
'Invoking: MicroBlaze gcc compiler'
mb-gcc -Wall -O0 -g3 -I../../second_bsp/microblaze_0/include -I"C:\Work\XILINX\Projects\New_25\proc\SDK2\second\src\FreeRTOS" -I"C:\Work\XILINX\Projects\New_25\proc\SDK2\second\src" -c -fmessage-length=0 -mlittle-endian -mxl-barrel-shift -mxl-pattern-compare -mno-xl-soft-div -mcpu=v8.50.c -mno-xl-soft-mul -mhard-float -mxl-float-convert -mxl-float-sqrt -Wl,--no-relax -ffunction-sections -fdata-sections -MMD -MP -MF"src/main.d" -MT"src/main.d" -o "src/main.o" "../src/main.c"
../src/main.c: In function 'mike_task_1':
../src/main.c:31:3: error: 'flash1' undeclared (first use in this function)
../src/main.c:31:3: note: each undeclared identifier is reported only once for each function it appears in
../src/main.c:32:24: error: 'led_gpio' undeclared (first use in this function)
../src/main.c: In function 'mike_task_2':
../src/main.c:41:3: error: 'flash2' undeclared (first use in this function)
../src/main.c:42:24: error: 'led_gpio' undeclared (first use in this function)
make: *** [src/main.o] Error 1
11:14:17 **** Auto Build of configuration Debug for project second ****
make all 
'Building file: ../src/main.c'
'Invoking: MicroBlaze gcc compiler'
mb-gcc -Wall -O0 -g3 -I../../second_bsp/microblaze_0/include -I"C:\Work\XILINX\Projects\New_25\proc\SDK2\second\src\FreeRTOS" -I"C:\Work\XILINX\Projects\New_25\proc\SDK2\second\src" -c -fmessage-length=0 -mlittle-endian -mxl-barrel-shift -mxl-pattern-compare -mno-xl-soft-div -mcpu=v8.50.c -mno-xl-soft-mul -mhard-float -mxl-float-convert -mxl-float-sqrt -Wl,--no-relax -ffunction-sections -fdata-sections -MMD -MP -MF"src/main.d" -MT"src/main.d" -o "src/main.o" "../src/main.c"
../src/main.c: In function 'mike_task_1':
../src/main.c:31:3: error: 'flash1' undeclared (first use in this function)
../src/main.c:31:3: note: each undeclared identifier is reported only once for each function it appears in
../src/main.c: In function 'mike_task_2':
../src/main.c:41:3: error: 'flash2' undeclared (first use in this function)
make: *** [src/main.o] Error 1
11:16:58 **** Auto Build of configuration Debug for project second ****
make all 
'Building file: ../src/main.c'
'Invoking: MicroBlaze gcc compiler'
mb-gcc -Wall -O0 -g3 -I../../second_bsp/microblaze_0/include -I"C:\Work\XILINX\Projects\New_25\proc\SDK2\second\src\FreeRTOS" -I"C:\Work\XILINX\Projects\New_25\proc\SDK2\second\src" -c -fmessage-length=0 -mlittle-endian -mxl-barrel-shift -mxl-pattern-compare -mno-xl-soft-div -mcpu=v8.50.c -mno-xl-soft-mul -mhard-float -mxl-float-convert -mxl-float-sqrt -Wl,--no-relax -ffunction-sections -fdata-sections -MMD -MP -MF"src/main.d" -MT"src/main.d" -o "src/main.o" "../src/main.c"
../src/main.c: In function 'mike_task_1':
../src/main.c:32:9: warning: variable 'flash1' set but not used [-Wunused-but-set-variable]
'Finished building: ../src/main.c'
' '
'Building target: second.elf'
'Invoking: MicroBlaze gcc linker'
mb-gcc -Wl,-T -Wl,../src/lscript.ld -L../../second_bsp/microblaze_0/lib -mlittle-endian -mxl-barrel-shift -mxl-pattern-compare -mno-xl-soft-div -mcpu=v8.50.c -mno-xl-soft-mul -mhard-float -mxl-float-convert -mxl-float-sqrt -Wl,--no-relax -Wl,--gc-sections -o "second.elf"  ./src/FreeRTOS/FreeRTOS_mb_hooks.o ./src/FreeRTOS/croutine.o ./src/FreeRTOS/event_groups.o ./src/FreeRTOS/heap_1.o ./src/FreeRTOS/list.o ./src/FreeRTOS/port.o ./src/FreeRTOS/port_exceptions.o ./src/FreeRTOS/portasm.o ./src/FreeRTOS/queue.o ./src/FreeRTOS/stream_buffer.o ./src/FreeRTOS/tasks.o ./src/FreeRTOS/timers.o  ./src/main.o ./src/platform.o   -Wl,--start-group,-lxil,-lgcc,-lc,--end-group
'Finished building target: second.elf'
' '
'Invoking: MicroBlaze Print Size'
mb-size second.elf  |tee "second.elf.size"
   text	   data	    bss	    dec	    hex	filename
  18556	  90536	   2596	 111688	  1b448	second.elf
'Finished building: second.elf.size'
' '
'Invoking: Xilinx ELF Check'
elfcheck second.elf -hw ../../proc_hw_platform/system.xml -pe microblaze_0  |tee "second.elf.elfcheck"
elfcheck
Xilinx EDK 14.7 Build EDK_P.20131013
Copyright (c) 1995-2012 Xilinx, Inc.  All rights reserved.

Command Line: elfcheck -hw ../../proc_hw_platform/system.xml -pe microblaze_0
second.elf 

ELF file	: second.elf
elfcheck passed.
'Finished building: second.elf.elfcheck'
' '
11:17:12 **** Auto Build of configuration Debug for project second ****
make all 
'Building file: ../src/main.c'
'Invoking: MicroBlaze gcc compiler'
mb-gcc -Wall -O0 -g3 -I../../second_bsp/microblaze_0/include -I"C:\Work\XILINX\Projects\New_25\proc\SDK2\second\src\FreeRTOS" -I"C:\Work\XILINX\Projects\New_25\proc\SDK2\second\src" -c -fmessage-length=0 -mlittle-endian -mxl-barrel-shift -mxl-pattern-compare -mno-xl-soft-div -mcpu=v8.50.c -mno-xl-soft-mul -mhard-float -mxl-float-convert -mxl-float-sqrt -Wl,--no-relax -ffunction-sections -fdata-sections -MMD -MP -MF"src/main.d" -MT"src/main.d" -o "src/main.o" "../src/main.c"
../src/main.c: In function 'mike_task_1':
../src/main.c:32:16: error: 'flash1' has both 'extern' and initializer
../src/main.c:32:16: error: redefinition of 'flash1'
../src/main.c:28:9: note: previous definition of 'flash1' was here
../src/main.c:32:16: warning: variable 'flash1' set but not used [-Wunused-but-set-variable]
make: *** [src/main.o] Error 1
12:28:31 **** Auto Build of configuration Debug for project second ****
make all 
'Building file: ../src/main.c'
'Invoking: MicroBlaze gcc compiler'
mb-gcc -Wall -O0 -g3 -I../../second_bsp/microblaze_0/include -I"C:\Work\XILINX\Projects\New_25\proc\SDK2\second\src\FreeRTOS" -I"C:\Work\XILINX\Projects\New_25\proc\SDK2\second\src" -c -fmessage-length=0 -mlittle-endian -mxl-barrel-shift -mxl-pattern-compare -mno-xl-soft-div -mcpu=v8.50.c -mno-xl-soft-mul -mhard-float -mxl-float-convert -mxl-float-sqrt -Wl,--no-relax -ffunction-sections -fdata-sections -MMD -MP -MF"src/main.d" -MT"src/main.d" -o "src/main.o" "../src/main.c"
../src/main.c: In function 'mike_task_1':
../src/main.c:32:9: warning: variable 'flash1' set but not used [-Wunused-but-set-variable]
'Finished building: ../src/main.c'
' '
'Building target: second.elf'
'Invoking: MicroBlaze gcc linker'
mb-gcc -Wl,-T -Wl,../src/lscript.ld -L../../second_bsp/microblaze_0/lib -mlittle-endian -mxl-barrel-shift -mxl-pattern-compare -mno-xl-soft-div -mcpu=v8.50.c -mno-xl-soft-mul -mhard-float -mxl-float-convert -mxl-float-sqrt -Wl,--no-relax -Wl,--gc-sections -o "second.elf"  ./src/FreeRTOS/FreeRTOS_mb_hooks.o ./src/FreeRTOS/croutine.o ./src/FreeRTOS/event_groups.o ./src/FreeRTOS/heap_1.o ./src/FreeRTOS/list.o ./src/FreeRTOS/port.o ./src/FreeRTOS/port_exceptions.o ./src/FreeRTOS/portasm.o ./src/FreeRTOS/queue.o ./src/FreeRTOS/stream_buffer.o ./src/FreeRTOS/tasks.o ./src/FreeRTOS/timers.o  ./src/main.o ./src/platform.o   -Wl,--start-group,-lxil,-lgcc,-lc,--end-group
'Finished building target: second.elf'
' '
'Invoking: MicroBlaze Print Size'
mb-size second.elf  |tee "second.elf.size"
   text	   data	    bss	    dec	    hex	filename
  18556	  90536	   2596	 111688	  1b448	second.elf
'Finished building: second.elf.size'
' '
'Invoking: Xilinx ELF Check'
elfcheck second.elf -hw ../../proc_hw_platform/system.xml -pe microblaze_0  |tee "second.elf.elfcheck"
elfcheck
Xilinx EDK 14.7 Build EDK_P.20131013
Copyright (c) 1995-2012 Xilinx, Inc.  All rights reserved.

Command Line: elfcheck -hw ../../proc_hw_platform/system.xml -pe microblaze_0
second.elf 

ELF file	: second.elf
elfcheck passed.
'Finished building: second.elf.elfcheck'
' '
12:28:45 **** Auto Build of configuration Debug for project second ****
make all 
'Building file: ../src/main.c'
'Invoking: MicroBlaze gcc compiler'
mb-gcc -Wall -O0 -g3 -I../../second_bsp/microblaze_0/include -I"C:\Work\XILINX\Projects\New_25\proc\SDK2\second\src\FreeRTOS" -I"C:\Work\XILINX\Projects\New_25\proc\SDK2\second\src" -c -fmessage-length=0 -mlittle-endian -mxl-barrel-shift -mxl-pattern-compare -mno-xl-soft-div -mcpu=v8.50.c -mno-xl-soft-mul -mhard-float -mxl-float-convert -mxl-float-sqrt -Wl,--no-relax -ffunction-sections -fdata-sections -MMD -MP -MF"src/main.d" -MT"src/main.d" -o "src/main.o" "../src/main.c"
'Finished building: ../src/main.c'
' '
'Building target: second.elf'
'Invoking: MicroBlaze gcc linker'
mb-gcc -Wl,-T -Wl,../src/lscript.ld -L../../second_bsp/microblaze_0/lib -mlittle-endian -mxl-barrel-shift -mxl-pattern-compare -mno-xl-soft-div -mcpu=v8.50.c -mno-xl-soft-mul -mhard-float -mxl-float-convert -mxl-float-sqrt -Wl,--no-relax -Wl,--gc-sections -o "second.elf"  ./src/FreeRTOS/FreeRTOS_mb_hooks.o ./src/FreeRTOS/croutine.o ./src/FreeRTOS/event_groups.o ./src/FreeRTOS/heap_1.o ./src/FreeRTOS/list.o ./src/FreeRTOS/port.o ./src/FreeRTOS/port_exceptions.o ./src/FreeRTOS/portasm.o ./src/FreeRTOS/queue.o ./src/FreeRTOS/stream_buffer.o ./src/FreeRTOS/tasks.o ./src/FreeRTOS/timers.o  ./src/main.o ./src/platform.o   -Wl,--start-group,-lxil,-lgcc,-lc,--end-group
'Finished building target: second.elf'
' '
'Invoking: MicroBlaze Print Size'
mb-size second.elf  |tee "second.elf.size"
   text	   data	    bss	    dec	    hex	filename
  18560	  90536	   2592	 111688	  1b448	second.elf
'Finished building: second.elf.size'
' '
'Invoking: Xilinx ELF Check'
elfcheck second.elf -hw ../../proc_hw_platform/system.xml -pe microblaze_0  |tee "second.elf.elfcheck"
elfcheck
Xilinx EDK 14.7 Build EDK_P.20131013
Copyright (c) 1995-2012 Xilinx, Inc.  All rights reserved.

Command Line: elfcheck -hw ../../proc_hw_platform/system.xml -pe microblaze_0
second.elf 

ELF file	: second.elf
elfcheck passed.
'Finished building: second.elf.elfcheck'
' '
12:34:24 **** Auto Build of configuration Debug for project second ****
make all 
'Building file: ../src/main.c'
'Invoking: MicroBlaze gcc compiler'
mb-gcc -Wall -O0 -g3 -I../../second_bsp/microblaze_0/include -I"C:\Work\XILINX\Projects\New_25\proc\SDK2\second\src\FreeRTOS" -I"C:\Work\XILINX\Projects\New_25\proc\SDK2\second\src" -c -fmessage-length=0 -mlittle-endian -mxl-barrel-shift -mxl-pattern-compare -mno-xl-soft-div -mcpu=v8.50.c -mno-xl-soft-mul -mhard-float -mxl-float-convert -mxl-float-sqrt -Wl,--no-relax -ffunction-sections -fdata-sections -MMD -MP -MF"src/main.d" -MT"src/main.d" -o "src/main.o" "../src/main.c"
'Finished building: ../src/main.c'
' '
'Building target: second.elf'
'Invoking: MicroBlaze gcc linker'
mb-gcc -Wl,-T -Wl,../src/lscript.ld -L../../second_bsp/microblaze_0/lib -mlittle-endian -mxl-barrel-shift -mxl-pattern-compare -mno-xl-soft-div -mcpu=v8.50.c -mno-xl-soft-mul -mhard-float -mxl-float-convert -mxl-float-sqrt -Wl,--no-relax -Wl,--gc-sections -o "second.elf"  ./src/FreeRTOS/FreeRTOS_mb_hooks.o ./src/FreeRTOS/croutine.o ./src/FreeRTOS/event_groups.o ./src/FreeRTOS/heap_1.o ./src/FreeRTOS/list.o ./src/FreeRTOS/port.o ./src/FreeRTOS/port_exceptions.o ./src/FreeRTOS/portasm.o ./src/FreeRTOS/queue.o ./src/FreeRTOS/stream_buffer.o ./src/FreeRTOS/tasks.o ./src/FreeRTOS/timers.o  ./src/main.o ./src/platform.o   -Wl,--start-group,-lxil,-lgcc,-lc,--end-group
'Finished building target: second.elf'
' '
'Invoking: MicroBlaze Print Size'
mb-size second.elf  |tee "second.elf.size"
   text	   data	    bss	    dec	    hex	filename
  18560	  90536	   2592	 111688	  1b448	second.elf
'Finished building: second.elf.size'
' '
'Invoking: Xilinx ELF Check'
elfcheck second.elf -hw ../../proc_hw_platform/system.xml -pe microblaze_0  |tee "second.elf.elfcheck"
elfcheck
Xilinx EDK 14.7 Build EDK_P.20131013
Copyright (c) 1995-2012 Xilinx, Inc.  All rights reserved.

Command Line: elfcheck -hw ../../proc_hw_platform/system.xml -pe microblaze_0
second.elf 

ELF file	: second.elf
elfcheck passed.
'Finished building: second.elf.elfcheck'
' '
12:34:43 **** Auto Build of configuration Debug for project second ****
make all 
'Building file: ../src/main.c'
'Invoking: MicroBlaze gcc compiler'
mb-gcc -Wall -O0 -g3 -I../../second_bsp/microblaze_0/include -I"C:\Work\XILINX\Projects\New_25\proc\SDK2\second\src\FreeRTOS" -I"C:\Work\XILINX\Projects\New_25\proc\SDK2\second\src" -c -fmessage-length=0 -mlittle-endian -mxl-barrel-shift -mxl-pattern-compare -mno-xl-soft-div -mcpu=v8.50.c -mno-xl-soft-mul -mhard-float -mxl-float-convert -mxl-float-sqrt -Wl,--no-relax -ffunction-sections -fdata-sections -MMD -MP -MF"src/main.d" -MT"src/main.d" -o "src/main.o" "../src/main.c"
'Finished building: ../src/main.c'
' '
'Building target: second.elf'
'Invoking: MicroBlaze gcc linker'
mb-gcc -Wl,-T -Wl,../src/lscript.ld -L../../second_bsp/microblaze_0/lib -mlittle-endian -mxl-barrel-shift -mxl-pattern-compare -mno-xl-soft-div -mcpu=v8.50.c -mno-xl-soft-mul -mhard-float -mxl-float-convert -mxl-float-sqrt -Wl,--no-relax -Wl,--gc-sections -o "second.elf"  ./src/FreeRTOS/FreeRTOS_mb_hooks.o ./src/FreeRTOS/croutine.o ./src/FreeRTOS/event_groups.o ./src/FreeRTOS/heap_1.o ./src/FreeRTOS/list.o ./src/FreeRTOS/port.o ./src/FreeRTOS/port_exceptions.o ./src/FreeRTOS/portasm.o ./src/FreeRTOS/queue.o ./src/FreeRTOS/stream_buffer.o ./src/FreeRTOS/tasks.o ./src/FreeRTOS/timers.o  ./src/main.o ./src/platform.o   -Wl,--start-group,-lxil,-lgcc,-lc,--end-group
'Finished building target: second.elf'
' '
'Invoking: MicroBlaze Print Size'
mb-size second.elf  |tee "second.elf.size"
   text	   data	    bss	    dec	    hex	filename
  18564	  90536	   2596	 111696	  1b450	second.elf
'Finished building: second.elf.size'
' '
'Invoking: Xilinx ELF Check'
elfcheck second.elf -hw ../../proc_hw_platform/system.xml -pe microblaze_0  |tee "second.elf.elfcheck"
elfcheck
Xilinx EDK 14.7 Build EDK_P.20131013
Copyright (c) 1995-2012 Xilinx, Inc.  All rights reserved.

Command Line: elfcheck -hw ../../proc_hw_platform/system.xml -pe microblaze_0
second.elf 

ELF file	: second.elf
elfcheck passed.
'Finished building: second.elf.elfcheck'
' '
12:35:06 **** Auto Build of configuration Debug for project second ****
make all 
'Building file: ../src/main.c'
'Invoking: MicroBlaze gcc compiler'
mb-gcc -Wall -O0 -g3 -I../../second_bsp/microblaze_0/include -I"C:\Work\XILINX\Projects\New_25\proc\SDK2\second\src\FreeRTOS" -I"C:\Work\XILINX\Projects\New_25\proc\SDK2\second\src" -c -fmessage-length=0 -mlittle-endian -mxl-barrel-shift -mxl-pattern-compare -mno-xl-soft-div -mcpu=v8.50.c -mno-xl-soft-mul -mhard-float -mxl-float-convert -mxl-float-sqrt -Wl,--no-relax -ffunction-sections -fdata-sections -MMD -MP -MF"src/main.d" -MT"src/main.d" -o "src/main.o" "../src/main.c"
'Finished building: ../src/main.c'
' '
'Building target: second.elf'
'Invoking: MicroBlaze gcc linker'
mb-gcc -Wl,-T -Wl,../src/lscript.ld -L../../second_bsp/microblaze_0/lib -mlittle-endian -mxl-barrel-shift -mxl-pattern-compare -mno-xl-soft-div -mcpu=v8.50.c -mno-xl-soft-mul -mhard-float -mxl-float-convert -mxl-float-sqrt -Wl,--no-relax -Wl,--gc-sections -o "second.elf"  ./src/FreeRTOS/FreeRTOS_mb_hooks.o ./src/FreeRTOS/croutine.o ./src/FreeRTOS/event_groups.o ./src/FreeRTOS/heap_1.o ./src/FreeRTOS/list.o ./src/FreeRTOS/port.o ./src/FreeRTOS/port_exceptions.o ./src/FreeRTOS/portasm.o ./src/FreeRTOS/queue.o ./src/FreeRTOS/stream_buffer.o ./src/FreeRTOS/tasks.o ./src/FreeRTOS/timers.o  ./src/main.o ./src/platform.o   -Wl,--start-group,-lxil,-lgcc,-lc,--end-group
'Finished building target: second.elf'
' '
'Invoking: MicroBlaze Print Size'
mb-size second.elf  |tee "second.elf.size"
   text	   data	    bss	    dec	    hex	filename
  18564	  90536	   2596	 111696	  1b450	second.elf
'Finished building: second.elf.size'
' '
'Invoking: Xilinx ELF Check'
elfcheck second.elf -hw ../../proc_hw_platform/system.xml -pe microblaze_0  |tee "second.elf.elfcheck"
elfcheck
Xilinx EDK 14.7 Build EDK_P.20131013
Copyright (c) 1995-2012 Xilinx, Inc.  All rights reserved.

Command Line: elfcheck -hw ../../proc_hw_platform/system.xml -pe microblaze_0
second.elf 

ELF file	: second.elf
elfcheck passed.
'Finished building: second.elf.elfcheck'
' '
12:35:46 **** Auto Build of configuration Debug for project second ****
make all 
'Building file: ../src/main.c'
'Invoking: MicroBlaze gcc compiler'
mb-gcc -Wall -O0 -g3 -I../../second_bsp/microblaze_0/include -I"C:\Work\XILINX\Projects\New_25\proc\SDK2\second\src\FreeRTOS" -I"C:\Work\XILINX\Projects\New_25\proc\SDK2\second\src" -c -fmessage-length=0 -mlittle-endian -mxl-barrel-shift -mxl-pattern-compare -mno-xl-soft-div -mcpu=v8.50.c -mno-xl-soft-mul -mhard-float -mxl-float-convert -mxl-float-sqrt -Wl,--no-relax -ffunction-sections -fdata-sections -MMD -MP -MF"src/main.d" -MT"src/main.d" -o "src/main.o" "../src/main.c"
'Finished building: ../src/main.c'
' '
'Building target: second.elf'
'Invoking: MicroBlaze gcc linker'
mb-gcc -Wl,-T -Wl,../src/lscript.ld -L../../second_bsp/microblaze_0/lib -mlittle-endian -mxl-barrel-shift -mxl-pattern-compare -mno-xl-soft-div -mcpu=v8.50.c -mno-xl-soft-mul -mhard-float -mxl-float-convert -mxl-float-sqrt -Wl,--no-relax -Wl,--gc-sections -o "second.elf"  ./src/FreeRTOS/FreeRTOS_mb_hooks.o ./src/FreeRTOS/croutine.o ./src/FreeRTOS/event_groups.o ./src/FreeRTOS/heap_1.o ./src/FreeRTOS/list.o ./src/FreeRTOS/port.o ./src/FreeRTOS/port_exceptions.o ./src/FreeRTOS/portasm.o ./src/FreeRTOS/queue.o ./src/FreeRTOS/stream_buffer.o ./src/FreeRTOS/tasks.o ./src/FreeRTOS/timers.o  ./src/main.o ./src/platform.o   -Wl,--start-group,-lxil,-lgcc,-lc,--end-group
'Finished building target: second.elf'
' '
'Invoking: MicroBlaze Print Size'
mb-size second.elf  |tee "second.elf.size"
   text	   data	    bss	    dec	    hex	filename
  18604	  90536	   2596	 111736	  1b478	second.elf
'Finished building: second.elf.size'
' '
'Invoking: Xilinx ELF Check'
elfcheck second.elf -hw ../../proc_hw_platform/system.xml -pe microblaze_0  |tee "second.elf.elfcheck"
elfcheck
Xilinx EDK 14.7 Build EDK_P.20131013
Copyright (c) 1995-2012 Xilinx, Inc.  All rights reserved.

Command Line: elfcheck -hw ../../proc_hw_platform/system.xml -pe microblaze_0
second.elf 

ELF file	: second.elf
elfcheck passed.
'Finished building: second.elf.elfcheck'
' '
12:36:05 **** Auto Build of configuration Debug for project second ****
make all 
'Building file: ../src/main.c'
'Invoking: MicroBlaze gcc compiler'
mb-gcc -Wall -O0 -g3 -I../../second_bsp/microblaze_0/include -I"C:\Work\XILINX\Projects\New_25\proc\SDK2\second\src\FreeRTOS" -I"C:\Work\XILINX\Projects\New_25\proc\SDK2\second\src" -c -fmessage-length=0 -mlittle-endian -mxl-barrel-shift -mxl-pattern-compare -mno-xl-soft-div -mcpu=v8.50.c -mno-xl-soft-mul -mhard-float -mxl-float-convert -mxl-float-sqrt -Wl,--no-relax -ffunction-sections -fdata-sections -MMD -MP -MF"src/main.d" -MT"src/main.d" -o "src/main.o" "../src/main.c"
'Finished building: ../src/main.c'
' '
'Building target: second.elf'
'Invoking: MicroBlaze gcc linker'
mb-gcc -Wl,-T -Wl,../src/lscript.ld -L../../second_bsp/microblaze_0/lib -mlittle-endian -mxl-barrel-shift -mxl-pattern-compare -mno-xl-soft-div -mcpu=v8.50.c -mno-xl-soft-mul -mhard-float -mxl-float-convert -mxl-float-sqrt -Wl,--no-relax -Wl,--gc-sections -o "second.elf"  ./src/FreeRTOS/FreeRTOS_mb_hooks.o ./src/FreeRTOS/croutine.o ./src/FreeRTOS/event_groups.o ./src/FreeRTOS/heap_1.o ./src/FreeRTOS/list.o ./src/FreeRTOS/port.o ./src/FreeRTOS/port_exceptions.o ./src/FreeRTOS/portasm.o ./src/FreeRTOS/queue.o ./src/FreeRTOS/stream_buffer.o ./src/FreeRTOS/tasks.o ./src/FreeRTOS/timers.o  ./src/main.o ./src/platform.o   -Wl,--start-group,-lxil,-lgcc,-lc,--end-group
'Finished building target: second.elf'
' '
'Invoking: MicroBlaze Print Size'
mb-size second.elf  |tee "second.elf.size"
   text	   data	    bss	    dec	    hex	filename
  18644	  90536	   2596	 111776	  1b4a0	second.elf
'Finished building: second.elf.size'
' '
'Invoking: Xilinx ELF Check'
elfcheck second.elf -hw ../../proc_hw_platform/system.xml -pe microblaze_0  |tee "second.elf.elfcheck"
elfcheck
Xilinx EDK 14.7 Build EDK_P.20131013
Copyright (c) 1995-2012 Xilinx, Inc.  All rights reserved.

Command Line: elfcheck -hw ../../proc_hw_platform/system.xml -pe microblaze_0
second.elf 

ELF file	: second.elf
elfcheck passed.
'Finished building: second.elf.elfcheck'
' '
12:36:23 **** Incremental Build of configuration Debug for project second ****
make all 
make: Nothing to be done for `all'.
12:40:50 **** Auto Build of configuration Debug for project second ****
make all 
'Building file: ../src/main.c'
'Invoking: MicroBlaze gcc compiler'
mb-gcc -Wall -O0 -g3 -I../../second_bsp/microblaze_0/include -I"C:\Work\XILINX\Projects\New_25\proc\SDK2\second\src\FreeRTOS" -I"C:\Work\XILINX\Projects\New_25\proc\SDK2\second\src" -c -fmessage-length=0 -mlittle-endian -mxl-barrel-shift -mxl-pattern-compare -mno-xl-soft-div -mcpu=v8.50.c -mno-xl-soft-mul -mhard-float -mxl-float-convert -mxl-float-sqrt -Wl,--no-relax -ffunction-sections -fdata-sections -MMD -MP -MF"src/main.d" -MT"src/main.d" -o "src/main.o" "../src/main.c"
'Finished building: ../src/main.c'
' '
'Building target: second.elf'
'Invoking: MicroBlaze gcc linker'
mb-gcc -Wl,-T -Wl,../src/lscript.ld -L../../second_bsp/microblaze_0/lib -mlittle-endian -mxl-barrel-shift -mxl-pattern-compare -mno-xl-soft-div -mcpu=v8.50.c -mno-xl-soft-mul -mhard-float -mxl-float-convert -mxl-float-sqrt -Wl,--no-relax -Wl,--gc-sections -o "second.elf"  ./src/FreeRTOS/FreeRTOS_mb_hooks.o ./src/FreeRTOS/croutine.o ./src/FreeRTOS/event_groups.o ./src/FreeRTOS/heap_1.o ./src/FreeRTOS/list.o ./src/FreeRTOS/port.o ./src/FreeRTOS/port_exceptions.o ./src/FreeRTOS/portasm.o ./src/FreeRTOS/queue.o ./src/FreeRTOS/stream_buffer.o ./src/FreeRTOS/tasks.o ./src/FreeRTOS/timers.o  ./src/main.o ./src/platform.o   -Wl,--start-group,-lxil,-lgcc,-lc,--end-group
'Finished building target: second.elf'
' '
'Invoking: MicroBlaze Print Size'
mb-size second.elf  |tee "second.elf.size"
   text	   data	    bss	    dec	    hex	filename
  18644	  90536	   2596	 111776	  1b4a0	second.elf
'Finished building: second.elf.size'
' '
'Invoking: Xilinx ELF Check'
elfcheck second.elf -hw ../../proc_hw_platform/system.xml -pe microblaze_0  |tee "second.elf.elfcheck"
elfcheck
Xilinx EDK 14.7 Build EDK_P.20131013
Copyright (c) 1995-2012 Xilinx, Inc.  All rights reserved.

Command Line: elfcheck -hw ../../proc_hw_platform/system.xml -pe microblaze_0
second.elf 

ELF file	: second.elf
elfcheck passed.
'Finished building: second.elf.elfcheck'
' '
12:40:55 **** Incremental Build of configuration Debug for project second ****
make all 
make: Nothing to be done for `all'.
12:41:49 **** Auto Build of configuration Debug for project second ****
make all 
'Building file: ../src/main.c'
'Invoking: MicroBlaze gcc compiler'
mb-gcc -Wall -O0 -g3 -I../../second_bsp/microblaze_0/include -I"C:\Work\XILINX\Projects\New_25\proc\SDK2\second\src\FreeRTOS" -I"C:\Work\XILINX\Projects\New_25\proc\SDK2\second\src" -c -fmessage-length=0 -mlittle-endian -mxl-barrel-shift -mxl-pattern-compare -mno-xl-soft-div -mcpu=v8.50.c -mno-xl-soft-mul -mhard-float -mxl-float-convert -mxl-float-sqrt -Wl,--no-relax -ffunction-sections -fdata-sections -MMD -MP -MF"src/main.d" -MT"src/main.d" -o "src/main.o" "../src/main.c"
'Finished building: ../src/main.c'
' '
'Building target: second.elf'
'Invoking: MicroBlaze gcc linker'
mb-gcc -Wl,-T -Wl,../src/lscript.ld -L../../second_bsp/microblaze_0/lib -mlittle-endian -mxl-barrel-shift -mxl-pattern-compare -mno-xl-soft-div -mcpu=v8.50.c -mno-xl-soft-mul -mhard-float -mxl-float-convert -mxl-float-sqrt -Wl,--no-relax -Wl,--gc-sections -o "second.elf"  ./src/FreeRTOS/FreeRTOS_mb_hooks.o ./src/FreeRTOS/croutine.o ./src/FreeRTOS/event_groups.o ./src/FreeRTOS/heap_1.o ./src/FreeRTOS/list.o ./src/FreeRTOS/port.o ./src/FreeRTOS/port_exceptions.o ./src/FreeRTOS/portasm.o ./src/FreeRTOS/queue.o ./src/FreeRTOS/stream_buffer.o ./src/FreeRTOS/tasks.o ./src/FreeRTOS/timers.o  ./src/main.o ./src/platform.o   -Wl,--start-group,-lxil,-lgcc,-lc,--end-group
'Finished building target: second.elf'
' '
'Invoking: MicroBlaze Print Size'
mb-size second.elf  |tee "second.elf.size"
   text	   data	    bss	    dec	    hex	filename
  18644	  90540	   2592	 111776	  1b4a0	second.elf
'Finished building: second.elf.size'
' '
'Invoking: Xilinx ELF Check'
elfcheck second.elf -hw ../../proc_hw_platform/system.xml -pe microblaze_0  |tee "second.elf.elfcheck"
elfcheck
Xilinx EDK 14.7 Build EDK_P.20131013
Copyright (c) 1995-2012 Xilinx, Inc.  All rights reserved.

Command Line: elfcheck -hw ../../proc_hw_platform/system.xml -pe microblaze_0
second.elf 

ELF file	: second.elf
elfcheck passed.
'Finished building: second.elf.elfcheck'
' '
12:41:55 **** Incremental Build of configuration Debug for project second ****
make all 
make: Nothing to be done for `all'.
12:42:52 **** Auto Build of configuration Debug for project second ****
make all 
'Building file: ../src/main.c'
'Invoking: MicroBlaze gcc compiler'
mb-gcc -Wall -O0 -g3 -I../../second_bsp/microblaze_0/include -I"C:\Work\XILINX\Projects\New_25\proc\SDK2\second\src\FreeRTOS" -I"C:\Work\XILINX\Projects\New_25\proc\SDK2\second\src" -c -fmessage-length=0 -mlittle-endian -mxl-barrel-shift -mxl-pattern-compare -mno-xl-soft-div -mcpu=v8.50.c -mno-xl-soft-mul -mhard-float -mxl-float-convert -mxl-float-sqrt -Wl,--no-relax -ffunction-sections -fdata-sections -MMD -MP -MF"src/main.d" -MT"src/main.d" -o "src/main.o" "../src/main.c"
'Finished building: ../src/main.c'
' '
'Building target: second.elf'
'Invoking: MicroBlaze gcc linker'
mb-gcc -Wl,-T -Wl,../src/lscript.ld -L../../second_bsp/microblaze_0/lib -mlittle-endian -mxl-barrel-shift -mxl-pattern-compare -mno-xl-soft-div -mcpu=v8.50.c -mno-xl-soft-mul -mhard-float -mxl-float-convert -mxl-float-sqrt -Wl,--no-relax -Wl,--gc-sections -o "second.elf"  ./src/FreeRTOS/FreeRTOS_mb_hooks.o ./src/FreeRTOS/croutine.o ./src/FreeRTOS/event_groups.o ./src/FreeRTOS/heap_1.o ./src/FreeRTOS/list.o ./src/FreeRTOS/port.o ./src/FreeRTOS/port_exceptions.o ./src/FreeRTOS/portasm.o ./src/FreeRTOS/queue.o ./src/FreeRTOS/stream_buffer.o ./src/FreeRTOS/tasks.o ./src/FreeRTOS/timers.o  ./src/main.o ./src/platform.o   -Wl,--start-group,-lxil,-lgcc,-lc,--end-group
'Finished building target: second.elf'
' '
'Invoking: MicroBlaze Print Size'
mb-size second.elf  |tee "second.elf.size"
   text	   data	    bss	    dec	    hex	filename
  18644	  90540	   2592	 111776	  1b4a0	second.elf
'Finished building: second.elf.size'
' '
'Invoking: Xilinx ELF Check'
elfcheck second.elf -hw ../../proc_hw_platform/system.xml -pe microblaze_0  |tee "second.elf.elfcheck"
elfcheck
Xilinx EDK 14.7 Build EDK_P.20131013
Copyright (c) 1995-2012 Xilinx, Inc.  All rights reserved.

Command Line: elfcheck -hw ../../proc_hw_platform/system.xml -pe microblaze_0
second.elf 

ELF file	: second.elf
elfcheck passed.
'Finished building: second.elf.elfcheck'
' '
12:42:57 **** Incremental Build of configuration Debug for project second ****
make all 
make: Nothing to be done for `all'.
12:45:13 **** Auto Build of configuration Debug for project second ****
make all 
'Building file: ../src/main.c'
'Invoking: MicroBlaze gcc compiler'
mb-gcc -Wall -O0 -g3 -I../../second_bsp/microblaze_0/include -I"C:\Work\XILINX\Projects\New_25\proc\SDK2\second\src\FreeRTOS" -I"C:\Work\XILINX\Projects\New_25\proc\SDK2\second\src" -c -fmessage-length=0 -mlittle-endian -mxl-barrel-shift -mxl-pattern-compare -mno-xl-soft-div -mcpu=v8.50.c -mno-xl-soft-mul -mhard-float -mxl-float-convert -mxl-float-sqrt -Wl,--no-relax -ffunction-sections -fdata-sections -MMD -MP -MF"src/main.d" -MT"src/main.d" -o "src/main.o" "../src/main.c"
../src/main.c: In function 'mike_task_1':
../src/main.c:31:3: error: 'flash' undeclared (first use in this function)
../src/main.c:31:3: note: each undeclared identifier is reported only once for each function it appears in
../src/main.c: In function 'mike_task_2':
../src/main.c:41:3: error: 'flash' undeclared (first use in this function)
make: *** [src/main.o] Error 1
12:45:39 **** Auto Build of configuration Debug for project second ****
make all 
'Building file: ../src/main.c'
'Invoking: MicroBlaze gcc compiler'
mb-gcc -Wall -O0 -g3 -I../../second_bsp/microblaze_0/include -I"C:\Work\XILINX\Projects\New_25\proc\SDK2\second\src\FreeRTOS" -I"C:\Work\XILINX\Projects\New_25\proc\SDK2\second\src" -c -fmessage-length=0 -mlittle-endian -mxl-barrel-shift -mxl-pattern-compare -mno-xl-soft-div -mcpu=v8.50.c -mno-xl-soft-mul -mhard-float -mxl-float-convert -mxl-float-sqrt -Wl,--no-relax -ffunction-sections -fdata-sections -MMD -MP -MF"src/main.d" -MT"src/main.d" -o "src/main.o" "../src/main.c"
'Finished building: ../src/main.c'
' '
'Building target: second.elf'
'Invoking: MicroBlaze gcc linker'
mb-gcc -Wl,-T -Wl,../src/lscript.ld -L../../second_bsp/microblaze_0/lib -mlittle-endian -mxl-barrel-shift -mxl-pattern-compare -mno-xl-soft-div -mcpu=v8.50.c -mno-xl-soft-mul -mhard-float -mxl-float-convert -mxl-float-sqrt -Wl,--no-relax -Wl,--gc-sections -o "second.elf"  ./src/FreeRTOS/FreeRTOS_mb_hooks.o ./src/FreeRTOS/croutine.o ./src/FreeRTOS/event_groups.o ./src/FreeRTOS/heap_1.o ./src/FreeRTOS/list.o ./src/FreeRTOS/port.o ./src/FreeRTOS/port_exceptions.o ./src/FreeRTOS/portasm.o ./src/FreeRTOS/queue.o ./src/FreeRTOS/stream_buffer.o ./src/FreeRTOS/tasks.o ./src/FreeRTOS/timers.o  ./src/main.o ./src/platform.o   -Wl,--start-group,-lxil,-lgcc,-lc,--end-group
'Finished building target: second.elf'
' '
'Invoking: MicroBlaze Print Size'
mb-size second.elf  |tee "second.elf.size"
   text	   data	    bss	    dec	    hex	filename
  18644	  90536	   2596	 111776	  1b4a0	second.elf
'Finished building: second.elf.size'
' '
'Invoking: Xilinx ELF Check'
elfcheck second.elf -hw ../../proc_hw_platform/system.xml -pe microblaze_0  |tee "second.elf.elfcheck"
elfcheck
Xilinx EDK 14.7 Build EDK_P.20131013
Copyright (c) 1995-2012 Xilinx, Inc.  All rights reserved.

Command Line: elfcheck -hw ../../proc_hw_platform/system.xml -pe microblaze_0
second.elf 

ELF file	: second.elf
elfcheck passed.
'Finished building: second.elf.elfcheck'
' '
12:45:54 **** Auto Build of configuration Debug for project second ****
make all 
'Building file: ../src/main.c'
'Invoking: MicroBlaze gcc compiler'
mb-gcc -Wall -O0 -g3 -I../../second_bsp/microblaze_0/include -I"C:\Work\XILINX\Projects\New_25\proc\SDK2\second\src\FreeRTOS" -I"C:\Work\XILINX\Projects\New_25\proc\SDK2\second\src" -c -fmessage-length=0 -mlittle-endian -mxl-barrel-shift -mxl-pattern-compare -mno-xl-soft-div -mcpu=v8.50.c -mno-xl-soft-mul -mhard-float -mxl-float-convert -mxl-float-sqrt -Wl,--no-relax -ffunction-sections -fdata-sections -MMD -MP -MF"src/main.d" -MT"src/main.d" -o "src/main.o" "../src/main.c"
'Finished building: ../src/main.c'
' '
'Building target: second.elf'
'Invoking: MicroBlaze gcc linker'
mb-gcc -Wl,-T -Wl,../src/lscript.ld -L../../second_bsp/microblaze_0/lib -mlittle-endian -mxl-barrel-shift -mxl-pattern-compare -mno-xl-soft-div -mcpu=v8.50.c -mno-xl-soft-mul -mhard-float -mxl-float-convert -mxl-float-sqrt -Wl,--no-relax -Wl,--gc-sections -o "second.elf"  ./src/FreeRTOS/FreeRTOS_mb_hooks.o ./src/FreeRTOS/croutine.o ./src/FreeRTOS/event_groups.o ./src/FreeRTOS/heap_1.o ./src/FreeRTOS/list.o ./src/FreeRTOS/port.o ./src/FreeRTOS/port_exceptions.o ./src/FreeRTOS/portasm.o ./src/FreeRTOS/queue.o ./src/FreeRTOS/stream_buffer.o ./src/FreeRTOS/tasks.o ./src/FreeRTOS/timers.o  ./src/main.o ./src/platform.o   -Wl,--start-group,-lxil,-lgcc,-lc,--end-group
'Finished building target: second.elf'
' '
'Invoking: MicroBlaze Print Size'
mb-size second.elf  |tee "second.elf.size"
   text	   data	    bss	    dec	    hex	filename
  18644	  90536	   2596	 111776	  1b4a0	second.elf
'Finished building: second.elf.size'
' '
'Invoking: Xilinx ELF Check'
elfcheck second.elf -hw ../../proc_hw_platform/system.xml -pe microblaze_0  |tee "second.elf.elfcheck"
elfcheck
Xilinx EDK 14.7 Build EDK_P.20131013
Copyright (c) 1995-2012 Xilinx, Inc.  All rights reserved.

Command Line: elfcheck -hw ../../proc_hw_platform/system.xml -pe microblaze_0
second.elf 

ELF file	: second.elf
elfcheck passed.
'Finished building: second.elf.elfcheck'
' '
12:46:00 **** Incremental Build of configuration Debug for project second ****
make all 
make: Nothing to be done for `all'.
12:47:43 **** Incremental Build of configuration Debug for project second ****
make all 
make: Nothing to be done for `all'.
12:52:56 **** Incremental Build of configuration Debug for project second ****
make all 
make: Nothing to be done for `all'.
12:53:34 **** Auto Build of configuration Debug for project second ****
make all 
'Building file: ../src/main.c'
'Invoking: MicroBlaze gcc compiler'
mb-gcc -Wall -O0 -g3 -I../../second_bsp/microblaze_0/include -I"C:\Work\XILINX\Projects\New_25\proc\SDK2\second\src\FreeRTOS" -I"C:\Work\XILINX\Projects\New_25\proc\SDK2\second\src" -c -fmessage-length=0 -mlittle-endian -mxl-barrel-shift -mxl-pattern-compare -mno-xl-soft-div -mcpu=v8.50.c -mno-xl-soft-mul -mhard-float -mxl-float-convert -mxl-float-sqrt -Wl,--no-relax -ffunction-sections -fdata-sections -MMD -MP -MF"src/main.d" -MT"src/main.d" -o "src/main.o" "../src/main.c"
'Finished building: ../src/main.c'
' '
'Building target: second.elf'
'Invoking: MicroBlaze gcc linker'
mb-gcc -Wl,-T -Wl,../src/lscript.ld -L../../second_bsp/microblaze_0/lib -mlittle-endian -mxl-barrel-shift -mxl-pattern-compare -mno-xl-soft-div -mcpu=v8.50.c -mno-xl-soft-mul -mhard-float -mxl-float-convert -mxl-float-sqrt -Wl,--no-relax -Wl,--gc-sections -o "second.elf"  ./src/FreeRTOS/FreeRTOS_mb_hooks.o ./src/FreeRTOS/croutine.o ./src/FreeRTOS/event_groups.o ./src/FreeRTOS/heap_1.o ./src/FreeRTOS/list.o ./src/FreeRTOS/port.o ./src/FreeRTOS/port_exceptions.o ./src/FreeRTOS/portasm.o ./src/FreeRTOS/queue.o ./src/FreeRTOS/stream_buffer.o ./src/FreeRTOS/tasks.o ./src/FreeRTOS/timers.o  ./src/main.o ./src/platform.o   -Wl,--start-group,-lxil,-lgcc,-lc,--end-group
'Finished building target: second.elf'
' '
'Invoking: MicroBlaze Print Size'
mb-size second.elf  |tee "second.elf.size"
   text	   data	    bss	    dec	    hex	filename
  18644	  90536	   2596	 111776	  1b4a0	second.elf
'Finished building: second.elf.size'
' '
'Invoking: Xilinx ELF Check'
elfcheck second.elf -hw ../../proc_hw_platform/system.xml -pe microblaze_0  |tee "second.elf.elfcheck"
elfcheck
Xilinx EDK 14.7 Build EDK_P.20131013
Copyright (c) 1995-2012 Xilinx, Inc.  All rights reserved.

Command Line: elfcheck -hw ../../proc_hw_platform/system.xml -pe microblaze_0
second.elf 

ELF file	: second.elf
elfcheck passed.
'Finished building: second.elf.elfcheck'
' '
12:53:38 **** Incremental Build of configuration Debug for project second ****
make all 
make: Nothing to be done for `all'.
12:58:25 **** Auto Build of configuration Debug for project second ****
make all 
make: Nothing to be done for `all'.
12:58:27 **** Incremental Build of configuration Debug for project second ****
make all 
make: Nothing to be done for `all'.
12:58:57 **** Auto Build of configuration Debug for project second ****
make all 
make: Nothing to be done for `all'.
12:59:10 **** Auto Build of configuration Debug for project second ****
make all 
'Building file: ../src/main.c'
'Invoking: MicroBlaze gcc compiler'
mb-gcc -Wall -O0 -g3 -I../../second_bsp/microblaze_0/include -I"C:\Work\XILINX\Projects\New_25\proc\SDK2\second\src\FreeRTOS" -I"C:\Work\XILINX\Projects\New_25\proc\SDK2\second\src" -c -fmessage-length=0 -mlittle-endian -mxl-barrel-shift -mxl-pattern-compare -mno-xl-soft-div -mcpu=v8.50.c -mno-xl-soft-mul -mhard-float -mxl-float-convert -mxl-float-sqrt -Wl,--no-relax -ffunction-sections -fdata-sections -MMD -MP -MF"src/main.d" -MT"src/main.d" -o "src/main.o" "../src/main.c"
'Finished building: ../src/main.c'
' '
'Building target: second.elf'
'Invoking: MicroBlaze gcc linker'
mb-gcc -Wl,-T -Wl,../src/lscript.ld -L../../second_bsp/microblaze_0/lib -mlittle-endian -mxl-barrel-shift -mxl-pattern-compare -mno-xl-soft-div -mcpu=v8.50.c -mno-xl-soft-mul -mhard-float -mxl-float-convert -mxl-float-sqrt -Wl,--no-relax -Wl,--gc-sections -o "second.elf"  ./src/FreeRTOS/FreeRTOS_mb_hooks.o ./src/FreeRTOS/croutine.o ./src/FreeRTOS/event_groups.o ./src/FreeRTOS/heap_1.o ./src/FreeRTOS/list.o ./src/FreeRTOS/port.o ./src/FreeRTOS/port_exceptions.o ./src/FreeRTOS/portasm.o ./src/FreeRTOS/queue.o ./src/FreeRTOS/stream_buffer.o ./src/FreeRTOS/tasks.o ./src/FreeRTOS/timers.o  ./src/main.o ./src/platform.o   -Wl,--start-group,-lxil,-lgcc,-lc,--end-group
'Finished building target: second.elf'
' '
'Invoking: MicroBlaze Print Size'
mb-size second.elf  |tee "second.elf.size"
   text	   data	    bss	    dec	    hex	filename
  18644	  90536	   2596	 111776	  1b4a0	second.elf
'Finished building: second.elf.size'
' '
'Invoking: Xilinx ELF Check'
elfcheck second.elf -hw ../../proc_hw_platform/system.xml -pe microblaze_0  |tee "second.elf.elfcheck"
elfcheck
Xilinx EDK 14.7 Build EDK_P.20131013
Copyright (c) 1995-2012 Xilinx, Inc.  All rights reserved.

Command Line: elfcheck -hw ../../proc_hw_platform/system.xml -pe microblaze_0
second.elf 

ELF file	: second.elf
elfcheck passed.
'Finished building: second.elf.elfcheck'
' '
12:59:15 **** Incremental Build of configuration Debug for project second ****
make all 
make: Nothing to be done for `all'.
12:59:46 **** Auto Build of configuration Debug for project second ****
make all 
'Building file: ../src/main.c'
'Invoking: MicroBlaze gcc compiler'
[...]
second.elf 

ELF file	: second.elf
elfcheck passed.
'Finished building: second.elf.elfcheck'
' '
08:03:06 **** Incremental Build of configuration Debug for project second ****
make all 
make: Nothing to be done for `all'.
08:03:15 **** Incremental Build of configuration Debug for project second ****
make all 
make: Nothing to be done for `all'.
08:20:13 **** Auto Build of configuration Debug for project second ****
make all 
'Building file: ../src/main.c'
'Invoking: MicroBlaze gcc compiler'
mb-gcc -Wall -O0 -g3 -I../../second_bsp/microblaze_0/include -I"C:\Work\XILINX\Projects\New_25\proc\SDK2\second\src\FreeRTOS" -I"C:\Work\XILINX\Projects\New_25\proc\SDK2\second\src" -I"C:\Work\XILINX\Projects\New_25\proc\SDK2\second\src\xil_timer_lite" -c -fmessage-length=0 -mlittle-endian -mxl-barrel-shift -mxl-pattern-compare -mno-xl-soft-div -mcpu=v8.50.c -mno-xl-soft-mul -mhard-float -mxl-float-convert -mxl-float-sqrt -Wl,--no-relax -ffunction-sections -fdata-sections -MMD -MP -MF"src/main.d" -MT"src/main.d" -o "src/main.o" "../src/main.c"
../src/main.c: In function 'main':
../src/main.c:39:5: warning: implicit declaration of function 'my_timer_continuos_start' [-Wimplicit-function-declaration]
'Finished building: ../src/main.c'
' '
'Building target: second.elf'
'Invoking: MicroBlaze gcc linker'
mb-gcc -Wl,-T -Wl,../src/lscript.ld -L../../second_bsp/microblaze_0/lib -mlittle-endian -mxl-barrel-shift -mxl-pattern-compare -mno-xl-soft-div -mcpu=v8.50.c -mno-xl-soft-mul -mhard-float -mxl-float-convert -mxl-float-sqrt -Wl,--no-relax -Wl,--gc-sections -o "second.elf"  ./src/xil_timer_lite/my_xil_timer.o  ./src/FreeRTOS/FreeRTOS_mb_hooks.o ./src/FreeRTOS/croutine.o ./src/FreeRTOS/event_groups.o ./src/FreeRTOS/heap_1.o ./src/FreeRTOS/list.o ./src/FreeRTOS/port.o ./src/FreeRTOS/port_exceptions.o ./src/FreeRTOS/portasm.o ./src/FreeRTOS/queue.o ./src/FreeRTOS/stream_buffer.o ./src/FreeRTOS/tasks.o ./src/FreeRTOS/timers.o  ./src/main.o ./src/platform.o   -Wl,--start-group,-lxil,-lgcc,-lc,--end-group
'Finished building target: second.elf'
' '
'Invoking: MicroBlaze Print Size'
mb-size second.elf  |tee "second.elf.size"
   text	   data	    bss	    dec	    hex	filename
  19152	  90536	  32544	 142232	  22b98	second.elf
'Finished building: second.elf.size'
' '
'Invoking: Xilinx ELF Check'
elfcheck second.elf -hw ../../proc_hw_platform/system.xml -pe microblaze_0  |tee "second.elf.elfcheck"
elfcheck
Xilinx EDK 14.7 Build EDK_P.20131013
Copyright (c) 1995-2012 Xilinx, Inc.  All rights reserved.

Command Line: elfcheck -hw ../../proc_hw_platform/system.xml -pe microblaze_0
second.elf 

ELF file	: second.elf
elfcheck passed.
'Finished building: second.elf.elfcheck'
' '
08:20:19 **** Incremental Build of configuration Debug for project second ****
make all 
make: Nothing to be done for `all'.
08:20:58 **** Auto Build of configuration Debug for project second ****
make all 
'Building file: ../src/main.c'
'Invoking: MicroBlaze gcc compiler'
mb-gcc -Wall -O0 -g3 -I../../second_bsp/microblaze_0/include -I"C:\Work\XILINX\Projects\New_25\proc\SDK2\second\src\FreeRTOS" -I"C:\Work\XILINX\Projects\New_25\proc\SDK2\second\src" -I"C:\Work\XILINX\Projects\New_25\proc\SDK2\second\src\xil_timer_lite" -c -fmessage-length=0 -mlittle-endian -mxl-barrel-shift -mxl-pattern-compare -mno-xl-soft-div -mcpu=v8.50.c -mno-xl-soft-mul -mhard-float -mxl-float-convert -mxl-float-sqrt -Wl,--no-relax -ffunction-sections -fdata-sections -MMD -MP -MF"src/main.d" -MT"src/main.d" -o "src/main.o" "../src/main.c"
'Finished building: ../src/main.c'
' '
'Building target: second.elf'
'Invoking: MicroBlaze gcc linker'
mb-gcc -Wl,-T -Wl,../src/lscript.ld -L../../second_bsp/microblaze_0/lib -mlittle-endian -mxl-barrel-shift -mxl-pattern-compare -mno-xl-soft-div -mcpu=v8.50.c -mno-xl-soft-mul -mhard-float -mxl-float-convert -mxl-float-sqrt -Wl,--no-relax -Wl,--gc-sections -o "second.elf"  ./src/xil_timer_lite/my_xil_timer.o  ./src/FreeRTOS/FreeRTOS_mb_hooks.o ./src/FreeRTOS/croutine.o ./src/FreeRTOS/event_groups.o ./src/FreeRTOS/heap_1.o ./src/FreeRTOS/list.o ./src/FreeRTOS/port.o ./src/FreeRTOS/port_exceptions.o ./src/FreeRTOS/portasm.o ./src/FreeRTOS/queue.o ./src/FreeRTOS/stream_buffer.o ./src/FreeRTOS/tasks.o ./src/FreeRTOS/timers.o  ./src/main.o ./src/platform.o   -Wl,--start-group,-lxil,-lgcc,-lc,--end-group
'Finished building target: second.elf'
' '
'Invoking: MicroBlaze Print Size'
mb-size second.elf  |tee "second.elf.size"
   text	   data	    bss	    dec	    hex	filename
  18812	  90536	  32548	 141896	  22a48	second.elf
'Finished building: second.elf.size'
' '
'Invoking: Xilinx ELF Check'
elfcheck second.elf -hw ../../proc_hw_platform/system.xml -pe microblaze_0  |tee "second.elf.elfcheck"
elfcheck
Xilinx EDK 14.7 Build EDK_P.20131013
Copyright (c) 1995-2012 Xilinx, Inc.  All rights reserved.

Command Line: elfcheck -hw ../../proc_hw_platform/system.xml -pe microblaze_0
second.elf 

ELF file	: second.elf
elfcheck passed.
'Finished building: second.elf.elfcheck'
' '
08:21:01 **** Incremental Build of configuration Debug for project second ****
make all 
make: Nothing to be done for `all'.
08:21:11 **** Incremental Build of configuration Debug for project second ****
make all 
make: Nothing to be done for `all'.
08:22:46 **** Auto Build of configuration Debug for project second ****
make all 
'Building file: ../src/main.c'
'Invoking: MicroBlaze gcc compiler'
mb-gcc -Wall -O0 -g3 -I../../second_bsp/microblaze_0/include -I"C:\Work\XILINX\Projects\New_25\proc\SDK2\second\src\FreeRTOS" -I"C:\Work\XILINX\Projects\New_25\proc\SDK2\second\src" -I"C:\Work\XILINX\Projects\New_25\proc\SDK2\second\src\xil_timer_lite" -c -fmessage-length=0 -mlittle-endian -mxl-barrel-shift -mxl-pattern-compare -mno-xl-soft-div -mcpu=v8.50.c -mno-xl-soft-mul -mhard-float -mxl-float-convert -mxl-float-sqrt -Wl,--no-relax -ffunction-sections -fdata-sections -MMD -MP -MF"src/main.d" -MT"src/main.d" -o "src/main.o" "../src/main.c"
'Finished building: ../src/main.c'
' '
'Building target: second.elf'
'Invoking: MicroBlaze gcc linker'
mb-gcc -Wl,-T -Wl,../src/lscript.ld -L../../second_bsp/microblaze_0/lib -mlittle-endian -mxl-barrel-shift -mxl-pattern-compare -mno-xl-soft-div -mcpu=v8.50.c -mno-xl-soft-mul -mhard-float -mxl-float-convert -mxl-float-sqrt -Wl,--no-relax -Wl,--gc-sections -o "second.elf"  ./src/xil_timer_lite/my_xil_timer.o  ./src/FreeRTOS/FreeRTOS_mb_hooks.o ./src/FreeRTOS/croutine.o ./src/FreeRTOS/event_groups.o ./src/FreeRTOS/heap_1.o ./src/FreeRTOS/list.o ./src/FreeRTOS/port.o ./src/FreeRTOS/port_exceptions.o ./src/FreeRTOS/portasm.o ./src/FreeRTOS/queue.o ./src/FreeRTOS/stream_buffer.o ./src/FreeRTOS/tasks.o ./src/FreeRTOS/timers.o  ./src/main.o ./src/platform.o   -Wl,--start-group,-lxil,-lgcc,-lc,--end-group
'Finished building target: second.elf'
' '
'Invoking: MicroBlaze Print Size'
mb-size second.elf  |tee "second.elf.size"
   text	   data	    bss	    dec	    hex	filename
  18812	  90536	  32548	 141896	  22a48	second.elf
'Finished building: second.elf.size'
' '
'Invoking: Xilinx ELF Check'
elfcheck second.elf -hw ../../proc_hw_platform/system.xml -pe microblaze_0  |tee "second.elf.elfcheck"
elfcheck
Xilinx EDK 14.7 Build EDK_P.20131013
Copyright (c) 1995-2012 Xilinx, Inc.  All rights reserved.

Command Line: elfcheck -hw ../../proc_hw_platform/system.xml -pe microblaze_0
second.elf 

ELF file	: second.elf
elfcheck passed.
'Finished building: second.elf.elfcheck'
' '
08:22:54 **** Incremental Build of configuration Debug for project second ****
make all 
make: Nothing to be done for `all'.
08:23:52 **** Auto Build of configuration Debug for project second ****
make all 
'Building file: ../src/main.c'
'Invoking: MicroBlaze gcc compiler'
mb-gcc -Wall -O0 -g3 -I../../second_bsp/microblaze_0/include -I"C:\Work\XILINX\Projects\New_25\proc\SDK2\second\src\FreeRTOS" -I"C:\Work\XILINX\Projects\New_25\proc\SDK2\second\src" -I"C:\Work\XILINX\Projects\New_25\proc\SDK2\second\src\xil_timer_lite" -c -fmessage-length=0 -mlittle-endian -mxl-barrel-shift -mxl-pattern-compare -mno-xl-soft-div -mcpu=v8.50.c -mno-xl-soft-mul -mhard-float -mxl-float-convert -mxl-float-sqrt -Wl,--no-relax -ffunction-sections -fdata-sections -MMD -MP -MF"src/main.d" -MT"src/main.d" -o "src/main.o" "../src/main.c"
'Finished building: ../src/main.c'
' '
'Building target: second.elf'
'Invoking: MicroBlaze gcc linker'
mb-gcc -Wl,-T -Wl,../src/lscript.ld -L../../second_bsp/microblaze_0/lib -mlittle-endian -mxl-barrel-shift -mxl-pattern-compare -mno-xl-soft-div -mcpu=v8.50.c -mno-xl-soft-mul -mhard-float -mxl-float-convert -mxl-float-sqrt -Wl,--no-relax -Wl,--gc-sections -o "second.elf"  ./src/xil_timer_lite/my_xil_timer.o  ./src/FreeRTOS/FreeRTOS_mb_hooks.o ./src/FreeRTOS/croutine.o ./src/FreeRTOS/event_groups.o ./src/FreeRTOS/heap_1.o ./src/FreeRTOS/list.o ./src/FreeRTOS/port.o ./src/FreeRTOS/port_exceptions.o ./src/FreeRTOS/portasm.o ./src/FreeRTOS/queue.o ./src/FreeRTOS/stream_buffer.o ./src/FreeRTOS/tasks.o ./src/FreeRTOS/timers.o  ./src/main.o ./src/platform.o   -Wl,--start-group,-lxil,-lgcc,-lc,--end-group
'Finished building target: second.elf'
' '
'Invoking: MicroBlaze Print Size'
mb-size second.elf  |tee "second.elf.size"
   text	   data	    bss	    dec	    hex	filename
  18812	  90536	  32548	 141896	  22a48	second.elf
'Finished building: second.elf.size'
' '
'Invoking: Xilinx ELF Check'
elfcheck second.elf -hw ../../proc_hw_platform/system.xml -pe microblaze_0  |tee "second.elf.elfcheck"
elfcheck
Xilinx EDK 14.7 Build EDK_P.20131013
Copyright (c) 1995-2012 Xilinx, Inc.  All rights reserved.

Command Line: elfcheck -hw ../../proc_hw_platform/system.xml -pe microblaze_0
second.elf 

ELF file	: second.elf
elfcheck passed.
'Finished building: second.elf.elfcheck'
' '
08:23:54 **** Incremental Build of configuration Debug for project second ****
make all 
make: Nothing to be done for `all'.
08:24:03 **** Incremental Build of configuration Debug for project second ****
make all 
make: Nothing to be done for `all'.
08:44:07 **** Incremental Build of configuration Debug for project second ****
make all 
make: Nothing to be done for `all'.
08:47:32 **** Incremental Build of configuration Debug for project second ****
make all 
make: Nothing to be done for `all'.
09:02:12 **** Incremental Build of configuration Debug for project second ****
make all 
make: Nothing to be done for `all'.
09:05:19 **** Incremental Build of configuration Debug for project second ****
make all 
make: Nothing to be done for `all'.
09:41:22 **** Auto Build of project second_bsp ****
make -k all 
'Finished building libraries'
09:41:22 **** Auto Build of configuration Debug for project second ****
make all 
make: Nothing to be done for `all'.
09:41:38 **** Incremental Build of configuration Debug for project second ****
make all 
make: Nothing to be done for `all'.
09:48:28 **** Auto Build of project second_bsp ****
make -k all 
'Finished building libraries'
11:02:10 **** Build of project second_bsp ****
make -k all 
libgen -hw ../proc_hw_platform/system.xml\
	       \
	       -pe microblaze_0 \
	       -log libgen.log \
	       system.mss
libgen
Xilinx EDK 14.7 Build EDK_P.20131013
Copyright (c) 1995-2012 Xilinx, Inc.  All rights reserved.

Command Line: libgen -hw ../proc_hw_platform/system.xml -pe microblaze_0 -log
libgen.log system.mss 

ERROR:EDK:410 - tmrctr -
   C:\Work\XILINX\Projects\New_25\proc\SDK2\second_bsp\system.mss line 33 - No
   IP instance named axi_timer_0 is present in the hardware!
ERROR:EDK:1206 - Errors occured while parsing MSS file.
make: *** [microblaze_0/lib/libxil.a] Error 2
make: Target `all' not remade because of errors.
11:02:11 **** Build of configuration Debug for project second ****
make all 
make: Nothing to be done for `all'.
11:40:13 **** Build of project second_bsp ****
make -k all 
libgen -hw ../proc_hw_platform/system.xml\
	       \
	       -pe microblaze_0 \
	       -log libgen.log \
	       system.mss
libgen
Xilinx EDK 14.7 Build EDK_P.20131013
Copyright (c) 1995-2012 Xilinx, Inc.  All rights reserved.

Command Line: libgen -hw ../proc_hw_platform/system.xml -pe microblaze_0 -log
libgen.log system.mss 

ERROR:EDK:410 - tmrctr -
   C:\Work\XILINX\Projects\New_25\proc\SDK2\second_bsp\system.mss line 33 - No
   IP instance named axi_timer_0 is present in the hardware!
ERROR:EDK:1206 - Errors occured while parsing MSS file.
make: *** [microblaze_0/lib/libxil.a] Error 2
make: Target `all' not remade because of errors.
11:40:14 **** Build of configuration Debug for project second ****
make all 
make: Nothing to be done for `all'.
11:44:04 **** Auto Build of configuration Debug for project second ****
make all 
'Building file: ../src/main.c'
'Invoking: MicroBlaze gcc compiler'
mb-gcc -Wall -O0 -g3 -I../../second_bsp/microblaze_0/include -I"C:\Work\XILINX\Projects\New_25\proc\SDK2\second\src\FreeRTOS" -I"C:\Work\XILINX\Projects\New_25\proc\SDK2\second\src" -I"C:\Work\XILINX\Projects\New_25\proc\SDK2\second\src\xil_timer_lite" -c -fmessage-length=0 -mlittle-endian -mxl-barrel-shift -mxl-pattern-compare -mno-xl-soft-div -mcpu=v8.50.c -mno-xl-soft-mul -mhard-float -mxl-float-convert -mxl-float-sqrt -Wl,--no-relax -ffunction-sections -fdata-sections -MMD -MP -MF"src/main.d" -MT"src/main.d" -o "src/main.o" "../src/main.c"
'Finished building: ../src/main.c'
' '
'Building target: second.elf'
'Invoking: MicroBlaze gcc linker'
mb-gcc -Wl,-T -Wl,../src/lscript.ld -L../../second_bsp/microblaze_0/lib -mlittle-endian -mxl-barrel-shift -mxl-pattern-compare -mno-xl-soft-div -mcpu=v8.50.c -mno-xl-soft-mul -mhard-float -mxl-float-convert -mxl-float-sqrt -Wl,--no-relax -Wl,--gc-sections -o "second.elf"  ./src/xil_timer_lite/my_xil_timer.o  ./src/FreeRTOS/FreeRTOS_mb_hooks.o ./src/FreeRTOS/croutine.o ./src/FreeRTOS/event_groups.o ./src/FreeRTOS/heap_1.o ./src/FreeRTOS/list.o ./src/FreeRTOS/port.o ./src/FreeRTOS/port_exceptions.o ./src/FreeRTOS/portasm.o ./src/FreeRTOS/queue.o ./src/FreeRTOS/stream_buffer.o ./src/FreeRTOS/tasks.o ./src/FreeRTOS/timers.o  ./src/main.o ./src/platform.o   -Wl,--start-group,-lxil,-lgcc,-lc,--end-group
'Finished building target: second.elf'
' '
'Invoking: MicroBlaze Print Size'
mb-size second.elf  |tee "second.elf.size"
   text	   data	    bss	    dec	    hex	filename
  18812	  90536	  32548	 141896	  22a48	second.elf
'Finished building: second.elf.size'
' '
'Invoking: Xilinx ELF Check'
elfcheck second.elf -hw ../../proc_hw_platform/system.xml -pe microblaze_0  |tee "second.elf.elfcheck"
elfcheck
Xilinx EDK 14.7 Build EDK_P.20131013
Copyright (c) 1995-2012 Xilinx, Inc.  All rights reserved.

Command Line: elfcheck -hw ../../proc_hw_platform/system.xml -pe microblaze_0
second.elf 

ELF file	: second.elf
elfcheck passed.
'Finished building: second.elf.elfcheck'
' '
11:44:12 **** Incremental Build of configuration Debug for project second ****
make all 
make: Nothing to be done for `all'.
11:50:04 **** Incremental Build of configuration Debug for project second ****
make all 
make: Nothing to be done for `all'.
11:59:47 **** Incremental Build of configuration Debug for project second ****
make all 
make: Nothing to be done for `all'.
12:01:23 **** Auto Build of configuration Debug for project second ****
make all 
'Building file: ../src/main.c'
'Invoking: MicroBlaze gcc compiler'
mb-gcc -Wall -O0 -g3 -I../../second_bsp/microblaze_0/include -I"C:\Work\XILINX\Projects\New_25\proc\SDK2\second\src\FreeRTOS" -I"C:\Work\XILINX\Projects\New_25\proc\SDK2\second\src" -I"C:\Work\XILINX\Projects\New_25\proc\SDK2\second\src\xil_timer_lite" -c -fmessage-length=0 -mlittle-endian -mxl-barrel-shift -mxl-pattern-compare -mno-xl-soft-div -mcpu=v8.50.c -mno-xl-soft-mul -mhard-float -mxl-float-convert -mxl-float-sqrt -Wl,--no-relax -ffunction-sections -fdata-sections -MMD -MP -MF"src/main.d" -MT"src/main.d" -o "src/main.o" "../src/main.c"
'Finished building: ../src/main.c'
' '
'Building target: second.elf'
'Invoking: MicroBlaze gcc linker'
mb-gcc -Wl,-T -Wl,../src/lscript.ld -L../../second_bsp/microblaze_0/lib -mlittle-endian -mxl-barrel-shift -mxl-pattern-compare -mno-xl-soft-div -mcpu=v8.50.c -mno-xl-soft-mul -mhard-float -mxl-float-convert -mxl-float-sqrt -Wl,--no-relax -Wl,--gc-sections -o "second.elf"  ./src/xil_timer_lite/my_xil_timer.o  ./src/FreeRTOS/FreeRTOS_mb_hooks.o ./src/FreeRTOS/croutine.o ./src/FreeRTOS/event_groups.o ./src/FreeRTOS/heap_1.o ./src/FreeRTOS/list.o ./src/FreeRTOS/port.o ./src/FreeRTOS/port_exceptions.o ./src/FreeRTOS/portasm.o ./src/FreeRTOS/queue.o ./src/FreeRTOS/stream_buffer.o ./src/FreeRTOS/tasks.o ./src/FreeRTOS/timers.o  ./src/main.o ./src/platform.o   -Wl,--start-group,-lxil,-lgcc,-lc,--end-group
'Finished building target: second.elf'
' '
'Invoking: MicroBlaze Print Size'
mb-size second.elf  |tee "second.elf.size"
   text	   data	    bss	    dec	    hex	filename
  18812	  90536	  32548	 141896	  22a48	second.elf
'Finished building: second.elf.size'
' '
'Invoking: Xilinx ELF Check'
elfcheck second.elf -hw ../../proc_hw_platform/system.xml -pe microblaze_0  |tee "second.elf.elfcheck"
elfcheck
Xilinx EDK 14.7 Build EDK_P.20131013
Copyright (c) 1995-2012 Xilinx, Inc.  All rights reserved.

Command Line: elfcheck -hw ../../proc_hw_platform/system.xml -pe microblaze_0
second.elf 

ELF file	: second.elf
elfcheck passed.
'Finished building: second.elf.elfcheck'
' '
12:01:49 **** Incremental Build of configuration Debug for project second ****
make all 
make: Nothing to be done for `all'.
12:04:38 **** Incremental Build of configuration Debug for project second ****
make all 
make: Nothing to be done for `all'.
12:04:55 **** Incremental Build of configuration Debug for project second ****
make all 
make: Nothing to be done for `all'.
12:07:28 **** Incremental Build of configuration Debug for project second ****
make all 
make: Nothing to be done for `all'.
12:07:56 **** Incremental Build of configuration Debug for project second ****
make all 
make: Nothing to be done for `all'.
12:08:40 **** Incremental Build of configuration Debug for project second ****
make all 
make: Nothing to be done for `all'.
12:11:48 **** Incremental Build of configuration Debug for project second ****
make all 
make: Nothing to be done for `all'.
12:20:58 **** Auto Build of project second_bsp ****
make -k all 
libgen -hw ../proc_hw_platform/system.xml\
	       \
	       -pe microblaze_0 \
	       -log libgen.log \
	       system.mss
libgen
Xilinx EDK 14.7 Build EDK_P.20131013
Copyright (c) 1995-2012 Xilinx, Inc.  All rights reserved.

Command Line: libgen -hw ../proc_hw_platform/system.xml -pe microblaze_0 -log
libgen.log system.mss 

ERROR:EDK:410 - tmrctr -
   C:\Work\XILINX\Projects\New_25\proc\SDK2\second_bsp\system.mss line 33 - No
   IP instance named axi_timer_0 is present in the hardware!
ERROR:EDK:1206 - Errors occured while parsing MSS file.
make: *** [microblaze_0/lib/libxil.a] Error 2
make: Target `all' not remade because of errors.
12:20:58 **** Auto Build of configuration Debug for project second ****
make all 
make: Nothing to be done for `all'.
13:57:55 **** Incremental Build of configuration Debug for project second ****
make all 
make: Nothing to be done for `all'.
13:58:32 **** Incremental Build of project second_bsp ****
make -k all 
libgen -hw ../proc_hw_platform/system.xml\
	       \
	       -pe microblaze_0 \
	       -log libgen.log \
	       system.mss
libgen
Xilinx EDK 14.7 Build EDK_P.20131013
Copyright (c) 1995-2012 Xilinx, Inc.  All rights reserved.

Command Line: libgen -hw ../proc_hw_platform/system.xml -pe microblaze_0 -log
libgen.log system.mss 

ERROR:EDK:410 - tmrctr -
   C:\Work\XILINX\Projects\New_25\proc\SDK2\second_bsp\system.mss line 33 - No
   IP instance named axi_timer_0 is present in the hardware!
ERROR:EDK:1206 - Errors occured while parsing MSS file.
make: *** [microblaze_0/lib/libxil.a] Error 2
make: Target `all' not remade because of errors.
13:58:33 **** Incremental Build of configuration Debug for project second ****
make all 
make: Nothing to be done for `all'.
