C:\Work\XILINX\Projects\New_25\top.ngc 1710820350
C:\Work\XILINX\Projects\New_25/proc.ngc 1710821739
C:\Work\XILINX\Projects\New_25/proc_axi_pwm_0_wrapper.ngc 1710821739
C:\Work\XILINX\Projects\New_25/proc_proc_sys_reset_0_wrapper.ngc 1710821739
C:\Work\XILINX\Projects\New_25/proc_clock_generator_0_wrapper.ngc 1710821739
C:\Work\XILINX\Projects\New_25/proc_my_can_lite_0_wrapper.ngc 1710821739
C:\Work\XILINX\Projects\New_25/proc_axi_uart16550_0_wrapper.ngc 1710821739
C:\Work\XILINX\Projects\New_25/proc_axi_spi_0_wrapper.ngc 1710821739
C:\Work\XILINX\Projects\New_25/proc_microblaze_0_ilmb_wrapper.ngc 1710821739
C:\Work\XILINX\Projects\New_25/proc_microblaze_0_dlmb_wrapper.ngc 1710821739
C:\Work\XILINX\Projects\New_25/proc_mcb_ddr2_wrapper.ngc 1710821739
C:\Work\XILINX\Projects\New_25/proc_axi_intc_0_wrapper.ngc 1710821739
C:\Work\XILINX\Projects\New_25/proc_axi4lite_0_wrapper.ngc 1710821739
C:\Work\XILINX\Projects\New_25/proc_axi_ddr_wrapper.ngc 1710821739
C:\Work\XILINX\Projects\New_25/proc_microblaze_0_wrapper.ngc 1710821739
C:\Work\XILINX\Projects\New_25/proc_microblaze_0_i_bram_ctrl_wrapper.ngc 1710821739
C:\Work\XILINX\Projects\New_25/proc_microblaze_0_d_bram_ctrl_wrapper.ngc 1710821739
C:\Work\XILINX\Projects\New_25/proc_debug_module_wrapper.ngc 1710821739
C:\Work\XILINX\Projects\New_25/proc_axi_1ms_timer_wrapper.ngc 1710821739
C:\Work\XILINX\Projects\New_25/proc_axi_timer_1_wrapper.ngc 1710821739
C:\Work\XILINX\Projects\New_25/proc_axi_gpio_0_wrapper.ngc 1710821739
C:\Work\XILINX\Projects\New_25/proc_axi_iic_0_wrapper.ngc 1710821739
C:\Work\XILINX\Projects\New_25/proc_microblaze_0_bram_block_wrapper.ngc 1710821739
ipcore_dir/mem_res.ngc 1710818895
ipcore_dir/mem_sp.ngc 1710818895
OK
