10:49:18 **** Build of project pwm_n_bsp ****
make -k all 
libgen -hw ../proc_hw_platform/system.xml\
	       \
	       -pe microblaze_0 \
	       -log libgen.log \
	       system.mss
libgen
Xilinx EDK 14.7 Build EDK_P.20131013
Copyright (c) 1995-2012 Xilinx, Inc.  All rights reserved.

Command Line: libgen -hw ../proc_hw_platform/system.xml -pe microblaze_0 -log
libgen.log system.mss 


Staging source files.
Running DRCs.
Running generate.
Running post_generate.
Running include - 'make -s include "COMPILER=mb-gcc" "ARCHIVER=mb-ar"
"COMPILER_FLAGS=-mlittle-endian -mno-xl-soft-mul -mxl-barrel-shift
-mxl-pattern-compare -mhard-float -mxl-float-convert -mxl-float-sqrt
-mno-xl-soft-div -mcpu=v8.50.c  -O2 -c" "EXTRA_COMPILER_FLAGS=-g
-ffunction-sections -fdata-sections"'.

Running libs - 'make -s libs "COMPILER=mb-gcc" "ARCHIVER=mb-ar"
"COMPILER_FLAGS=-mlittle-endian -mno-xl-soft-mul -mxl-barrel-shift
-mxl-pattern-compare -mhard-float -mxl-float-convert -mxl-float-sqrt
-mno-xl-soft-div -mcpu=v8.50.c  -O2 -c" "EXTRA_COMPILER_FLAGS=-g
-ffunction-sections -fdata-sections"'.
"Compiling common"
"Compiling standalone";
"Compiling tmrctr"
"Compiling gpio"
"Compiling intc"
"Compiling uartlite"
"Compiling bram"
"Compiling cpu"
Running execs_generate.
'Finished building libraries'

**** Build of configuration Debug for project pwm_n ****

Nothing to build for project pwm_n
10:50:26 **** Auto Build of configuration Debug for project pwm_n ****
make all 
'Building file: ../main.c'
'Invoking: MicroBlaze gcc compiler'
mb-gcc -Wall -O0 -g3 -c -fmessage-length=0 -I../../pwm_n_bsp/microblaze_0/include -mlittle-endian -mxl-barrel-shift -mxl-pattern-compare -mno-xl-soft-div -mcpu=v8.50.c -mno-xl-soft-mul -mhard-float -mxl-float-convert -mxl-float-sqrt -Wl,--no-relax -ffunction-sections -fdata-sections -MMD -MP -MF"main.d" -MT"main.d" -o "main.o" "../main.c"
'Finished building: ../main.c'
' '
'Building target: pwm_n.elf'
'Invoking: MicroBlaze gcc linker'
mb-gcc -Wl,-T -Wl,../src/lscript.ld -L../../pwm_n_bsp/microblaze_0/lib -mlittle-endian -mxl-barrel-shift -mxl-pattern-compare -mno-xl-soft-div -mcpu=v8.50.c -mno-xl-soft-mul -mhard-float -mxl-float-convert -mxl-float-sqrt -Wl,--no-relax -Wl,--gc-sections -o "pwm_n.elf"  ./main.o   -Wl,--start-group,-lxil,-lgcc,-lc,--end-group
c:/xilinx/14.7/ise_ds/edk/gnu/microblaze/nt/bin/../lib/gcc/microblaze-xilinx-elf/4.6.4/../../../../microblaze-xilinx-elf/lib/bs/m/le/crtinit.o: In function `_crtinit':
/wrk/ptx/users/nagaraju/GCC_2013_03/newlib/libgloss/microblaze/crtinit.S:69: undefined reference to `main'
collect2: ld returned 1 exit status
make: *** [pwm_n.elf] Error 1
10:50:35 **** Auto Build of configuration Debug for project pwm_n ****
make all 
'Building file: ../main.c'
'Invoking: MicroBlaze gcc compiler'
mb-gcc -Wall -O0 -g3 -c -fmessage-length=0 -I../../pwm_n_bsp/microblaze_0/include -mlittle-endian -mxl-barrel-shift -mxl-pattern-compare -mno-xl-soft-div -mcpu=v8.50.c -mno-xl-soft-mul -mhard-float -mxl-float-convert -mxl-float-sqrt -Wl,--no-relax -ffunction-sections -fdata-sections -MMD -MP -MF"main.d" -MT"main.d" -o "main.o" "../main.c"
../main.c:1:20: warning: extra tokens at end of #include directive [enabled by default]
../main.c:2:19: warning: extra tokens at end of #include directive [enabled by default]
../main.c:3:25: warning: extra tokens at end of #include directive [enabled by default]
'Finished building: ../main.c'
' '
'Building target: pwm_n.elf'
'Invoking: MicroBlaze gcc linker'
mb-gcc -Wl,-T -Wl,../src/lscript.ld -L../../pwm_n_bsp/microblaze_0/lib -mlittle-endian -mxl-barrel-shift -mxl-pattern-compare -mno-xl-soft-div -mcpu=v8.50.c -mno-xl-soft-mul -mhard-float -mxl-float-convert -mxl-float-sqrt -Wl,--no-relax -Wl,--gc-sections -o "pwm_n.elf"  ./main.o   -Wl,--start-group,-lxil,-lgcc,-lc,--end-group
'Finished building target: pwm_n.elf'
' '
'Invoking: MicroBlaze Print Size'
mb-size pwm_n.elf  |tee "pwm_n.elf.size"
   text	   data	    bss	    dec	    hex	filename
  60940	   1580	   2152	  64672	   fca0	pwm_n.elf
'Finished building: pwm_n.elf.size'
' '
'Invoking: Xilinx ELF Check'
elfcheck pwm_n.elf -hw ../../proc_hw_platform/system.xml -pe microblaze_0  |tee "pwm_n.elf.elfcheck"
elfcheck
Xilinx EDK 14.7 Build EDK_P.20131013
Copyright (c) 1995-2012 Xilinx, Inc.  All rights reserved.

Command Line: elfcheck -hw ../../proc_hw_platform/system.xml -pe microblaze_0
pwm_n.elf 

ELF file	: pwm_n.elf
elfcheck passed.
'Finished building: pwm_n.elf.elfcheck'
' '
10:50:56 **** Incremental Build of configuration Debug for project pwm_n ****
make all 
make: Nothing to be done for `all'.
10:51:31 **** Incremental Build of configuration Debug for project pwm_n ****
make all 
make: Nothing to be done for `all'.
10:51:49 **** Incremental Build of configuration Debug for project pwm_n ****
make all 
make: Nothing to be done for `all'.
10:52:32 **** Incremental Build of configuration Debug for project pwm_n ****
make all 
make: Nothing to be done for `all'.
11:09:58 **** Incremental Build of configuration Debug for project pwm_n ****
make all 
make: Nothing to be done for `all'.
11:10:43 **** Auto Build of configuration Debug for project pwm_n ****
make all 
'Building file: ../main.c'
'Invoking: MicroBlaze gcc compiler'
mb-gcc -Wall -O0 -g3 -c -fmessage-length=0 -I../../pwm_n_bsp/microblaze_0/include -mlittle-endian -mxl-barrel-shift -mxl-pattern-compare -mno-xl-soft-div -mcpu=v8.50.c -mno-xl-soft-mul -mhard-float -mxl-float-convert -mxl-float-sqrt -Wl,--no-relax -ffunction-sections -fdata-sections -MMD -MP -MF"main.d" -MT"main.d" -o "main.o" "../main.c"
../main.c:1:20: warning: extra tokens at end of #include directive [enabled by default]
../main.c:2:19: warning: extra tokens at end of #include directive [enabled by default]
../main.c:3:25: warning: extra tokens at end of #include directive [enabled by default]
'Finished building: ../main.c'
' '
'Building target: pwm_n.elf'
'Invoking: MicroBlaze gcc linker'
mb-gcc -Wl,-T -Wl,../src/lscript.ld -L../../pwm_n_bsp/microblaze_0/lib -mlittle-endian -mxl-barrel-shift -mxl-pattern-compare -mno-xl-soft-div -mcpu=v8.50.c -mno-xl-soft-mul -mhard-float -mxl-float-convert -mxl-float-sqrt -Wl,--no-relax -Wl,--gc-sections -o "pwm_n.elf"  ./main.o   -Wl,--start-group,-lxil,-lgcc,-lc,--end-group
'Finished building target: pwm_n.elf'
' '
'Invoking: MicroBlaze Print Size'
mb-size pwm_n.elf  |tee "pwm_n.elf.size"
   text	   data	    bss	    dec	    hex	filename
  60936	   1580	   2148	  64664	   fc98	pwm_n.elf
'Finished building: pwm_n.elf.size'
' '
'Invoking: Xilinx ELF Check'
elfcheck pwm_n.elf -hw ../../proc_hw_platform/system.xml -pe microblaze_0  |tee "pwm_n.elf.elfcheck"
elfcheck
Xilinx EDK 14.7 Build EDK_P.20131013
Copyright (c) 1995-2012 Xilinx, Inc.  All rights reserved.

Command Line: elfcheck -hw ../../proc_hw_platform/system.xml -pe microblaze_0
pwm_n.elf 

ELF file	: pwm_n.elf
elfcheck passed.
'Finished building: pwm_n.elf.elfcheck'
' '
11:10:50 **** Incremental Build of configuration Debug for project pwm_n ****
make all 
make: Nothing to be done for `all'.
11:11:21 **** Incremental Build of configuration Debug for project pwm_n ****
make all 
make: Nothing to be done for `all'.
11:20:01 **** Auto Build of configuration Debug for project pwm_n ****
make all 
'Building file: ../main.c'
'Invoking: MicroBlaze gcc compiler'
mb-gcc -Wall -O0 -g3 -c -fmessage-length=0 -I../../pwm_n_bsp/microblaze_0/include -mlittle-endian -mxl-barrel-shift -mxl-pattern-compare -mno-xl-soft-div -mcpu=v8.50.c -mno-xl-soft-mul -mhard-float -mxl-float-convert -mxl-float-sqrt -Wl,--no-relax -ffunction-sections -fdata-sections -MMD -MP -MF"main.d" -MT"main.d" -o "main.o" "../main.c"
../main.c:1:20: warning: extra tokens at end of #include directive [enabled by default]
../main.c:2:19: warning: extra tokens at end of #include directive [enabled by default]
../main.c:3:25: warning: extra tokens at end of #include directive [enabled by default]
'Finished building: ../main.c'
' '
'Building target: pwm_n.elf'
'Invoking: MicroBlaze gcc linker'
mb-gcc -Wl,-T -Wl,../src/lscript.ld -L../../pwm_n_bsp/microblaze_0/lib -mlittle-endian -mxl-barrel-shift -mxl-pattern-compare -mno-xl-soft-div -mcpu=v8.50.c -mno-xl-soft-mul -mhard-float -mxl-float-convert -mxl-float-sqrt -Wl,--no-relax -Wl,--gc-sections -o "pwm_n.elf"  ./main.o   -Wl,--start-group,-lxil,-lgcc,-lc,--end-group
'Finished building target: pwm_n.elf'
' '
'Invoking: MicroBlaze Print Size'
mb-size pwm_n.elf  |tee "pwm_n.elf.size"
   text	   data	    bss	    dec	    hex	filename
   3242	    408	   2094	   5744	   1670	pwm_n.elf
'Finished building: pwm_n.elf.size'
' '
'Invoking: Xilinx ELF Check'
elfcheck pwm_n.elf -hw ../../proc_hw_platform/system.xml -pe microblaze_0  |tee "pwm_n.elf.elfcheck"
elfcheck
Xilinx EDK 14.7 Build EDK_P.20131013
Copyright (c) 1995-2012 Xilinx, Inc.  All rights reserved.

Command Line: elfcheck -hw ../../proc_hw_platform/system.xml -pe microblaze_0
pwm_n.elf 

ELF file	: pwm_n.elf
elfcheck passed.
'Finished building: pwm_n.elf.elfcheck'
' '
11:24:05 **** Auto Build of configuration Debug for project pwm_n ****
make all 
'Building file: ../main.c'
'Invoking: MicroBlaze gcc compiler'
mb-gcc -Wall -O0 -g3 -c -fmessage-length=0 -I../../pwm_n_bsp/microblaze_0/include -mlittle-endian -mxl-barrel-shift -mxl-pattern-compare -mno-xl-soft-div -mcpu=v8.50.c -mno-xl-soft-mul -mhard-float -mxl-float-convert -mxl-float-sqrt -Wl,--no-relax -ffunction-sections -fdata-sections -MMD -MP -MF"main.d" -MT"main.d" -o "main.o" "../main.c"
../main.c:1:20: warning: extra tokens at end of #include directive [enabled by default]
../main.c:2:19: warning: extra tokens at end of #include directive [enabled by default]
../main.c:3:25: warning: extra tokens at end of #include directive [enabled by default]
'Finished building: ../main.c'
' '
'Building target: pwm_n.elf'
'Invoking: MicroBlaze gcc linker'
mb-gcc -Wl,-T -Wl,../src/lscript.ld -L../../pwm_n_bsp/microblaze_0/lib -mlittle-endian -mxl-barrel-shift -mxl-pattern-compare -mno-xl-soft-div -mcpu=v8.50.c -mno-xl-soft-mul -mhard-float -mxl-float-convert -mxl-float-sqrt -Wl,--no-relax -Wl,--gc-sections -o "pwm_n.elf"  ./main.o   -Wl,--start-group,-lxil,-lgcc,-lc,--end-group
'Finished building target: pwm_n.elf'
' '
'Invoking: MicroBlaze Print Size'
mb-size pwm_n.elf  |tee "pwm_n.elf.size"
   text	   data	    bss	    dec	    hex	filename
   3242	    408	   2094	   5744	   1670	pwm_n.elf
'Finished building: pwm_n.elf.size'
' '
'Invoking: Xilinx ELF Check'
elfcheck pwm_n.elf -hw ../../proc_hw_platform/system.xml -pe microblaze_0  |tee "pwm_n.elf.elfcheck"
elfcheck
Xilinx EDK 14.7 Build EDK_P.20131013
Copyright (c) 1995-2012 Xilinx, Inc.  All rights reserved.

Command Line: elfcheck -hw ../../proc_hw_platform/system.xml -pe microblaze_0
pwm_n.elf 

ELF file	: pwm_n.elf
elfcheck passed.
'Finished building: pwm_n.elf.elfcheck'
' '
11:27:01 **** Incremental Build of configuration Debug for project pwm_n ****
make all 
make: Nothing to be done for `all'.
11:28:20 **** Auto Build of configuration Debug for project pwm_n ****
make all 
'Building file: ../main.c'
'Invoking: MicroBlaze gcc compiler'
mb-gcc -Wall -O0 -g3 -c -fmessage-length=0 -I../../pwm_n_bsp/microblaze_0/include -mlittle-endian -mxl-barrel-shift -mxl-pattern-compare -mno-xl-soft-div -mcpu=v8.50.c -mno-xl-soft-mul -mhard-float -mxl-float-convert -mxl-float-sqrt -Wl,--no-relax -ffunction-sections -fdata-sections -MMD -MP -MF"main.d" -MT"main.d" -o "main.o" "../main.c"
../main.c:1:20: warning: extra tokens at end of #include directive [enabled by default]
../main.c:2:19: warning: extra tokens at end of #include directive [enabled by default]
../main.c:3:25: warning: extra tokens at end of #include directive [enabled by default]
'Finished building: ../main.c'
' '
'Building target: pwm_n.elf'
'Invoking: MicroBlaze gcc linker'
mb-gcc -Wl,-T -Wl,../src/lscript.ld -L../../pwm_n_bsp/microblaze_0/lib -mlittle-endian -mxl-barrel-shift -mxl-pattern-compare -mno-xl-soft-div -mcpu=v8.50.c -mno-xl-soft-mul -mhard-float -mxl-float-convert -mxl-float-sqrt -Wl,--no-relax -Wl,--gc-sections -o "pwm_n.elf"  ./main.o   -Wl,--start-group,-lxil,-lgcc,-lc,--end-group
'Finished building target: pwm_n.elf'
' '
'Invoking: MicroBlaze Print Size'
mb-size pwm_n.elf  |tee "pwm_n.elf.size"
   text	   data	    bss	    dec	    hex	filename
   3242	    408	   2094	   5744	   1670	pwm_n.elf
'Finished building: pwm_n.elf.size'
' '
'Invoking: Xilinx ELF Check'
elfcheck pwm_n.elf -hw ../../proc_hw_platform/system.xml -pe microblaze_0  |tee "pwm_n.elf.elfcheck"
elfcheck
Xilinx EDK 14.7 Build EDK_P.20131013
Copyright (c) 1995-2012 Xilinx, Inc.  All rights reserved.

Command Line: elfcheck -hw ../../proc_hw_platform/system.xml -pe microblaze_0
pwm_n.elf 

ELF file	: pwm_n.elf
elfcheck passed.
'Finished building: pwm_n.elf.elfcheck'
' '
11:28:28 **** Incremental Build of configuration Debug for project pwm_n ****
make all 
make: Nothing to be done for `all'.
11:44:56 **** Incremental Build of configuration Debug for project pwm_n ****
make all 
make: Nothing to be done for `all'.
12:56:55 **** Auto Build of project pwm_n_bsp ****
make -k all 
'Finished building libraries'
12:33:34 **** Auto Build of configuration Debug for project pwm_n ****
make all 
make: Nothing to be done for `all'.
12:33:38 **** Auto Build of project pwm_n_bsp ****
make -k all 
'Finished building libraries'
12:33:39 **** Auto Build of configuration Debug for project pwm_n ****
make all 
make: Nothing to be done for `all'.
